GNU Tool Chain  

Linker command line:

--edf=d:\ide3.0.3_6c03\data\dat\en_msgs.txt -cs -h+test_ft62f21x_iic.sym \
  --cmf=test_ft62f21x_iic.cmf -z -QFT62F21X \
  -oC:\Users\ALEXAN~1.WAN\AppData\Local\Temp\s6ao.2 -Mtest_ft62f21x_iic.map \
  -E1 -ver=XC8 -ASTACK=040h-06fh -pstack=STACK -ACODE=00h-03FFh \
  -ASTRCODE=00h-03FFh -ASTRING=00h-0FFhx4 -ACONST=00h-0FFhx4 \
  -AENTRY=00h-0FFhx4 -ACOMMON=070h-07Fh -ABANK0=040h-06Fh -ARAM=040h-06Fh \
  -AABS1=040h-07Fh -ASFR0=00h-03Fh -ASFR1=080h-0EFh \
  -preset_vec=00h,intentry,init,end_init -ppowerup=CODE -pcinit=CODE \
  -pfunctab=ENTRY -ACONFIG=02007h-02007h -pconfig=CONFIG -DCONFIG=2 \
  -AIDLOC=02000h-02003h -pidloc=IDLOC -DIDLOC=2 -AEEDATA=00h-07Fh/02100h \
  -peeprom_data=EEDATA -DEEDATA=2 -DCODE=2 -DSTRCODE=2 -DSTRING=2 -DCONST=2 \
  -DENTRY=2 -k C:\Users\ALEXAN~1.WAN\AppData\Local\Temp\s6ao.obj \
  test_ft62f21x_iic.obj 

Object code version is 3.11

Machine type is FT62F21X



                Name                               Link     Load   Length Selector   Space Scale
C:\Users\ALEXAN~1.WAN\AppData\Local\Temp\s6ao.obj
                end_init                              0        0        1        0       0
test_ft62f21x_iic.obj
                cinit                               3FE      3FE        2      7FC       0
                text10                              333      333        9      666       0
                text9                               354      354        F      6A8       0
                text8                               3AD      3AD       18      75A       0
                text7                               3DF      3DF       1F      7BE       0
                text6                               363      363        F      6C6       0
                text5                               372      372        F      6E4       0
                text4                               396      396       17      72C       0
                text3                               3C5      3C5       1A      78A       0
                text2                               381      381       15      702       0
                text1                               346      346        E      68C       0
                maintext                            33C      33C        A      678       0
                cstackCOMMON                         70       70        6       70       1
                nvCOMMON                             76       76        1       70       1

TOTAL           Name                               Link     Load   Length     Space
        CLASS   STACK          

        CLASS   CODE           
                end_init                              0        0        1         0
                cinit                               3FE      3FE        2         0
                text10                              333      333        9         0
                text9                               354      354        F         0
                text8                               3AD      3AD       18         0
                text7                               3DF      3DF       1F         0
                text6                               363      363        F         0
                text5                               372      372        F         0
                text4                               396      396       17         0
                text3                               3C5      3C5       1A         0
                text2                               381      381       15         0
                text1                               346      346        E         0
                maintext                            33C      33C        A         0

        CLASS   STRCODE        

        CLASS   STRING         

        CLASS   CONST          

        CLASS   ENTRY          

        CLASS   COMMON         
                cstackCOMMON                         70       70        6         1
                nvCOMMON                             76       76        1         1

        CLASS   BANK0          

        CLASS   RAM            

        CLASS   ABS1           
                abs_s1                               7E       7E        2         1

        CLASS   SFR0           

        CLASS   SFR1           

        CLASS   CONFIG         

        CLASS   IDLOC          

        CLASS   EEDATA         

        CLASS   BANK1          



SEGMENTS        Name                           Load    Length   Top    Selector   Space  Class     Delta

                reset_vec                      000000  000001  000001         0       0  CODE        2
                cstackCOMMON                   000070  000007  000077        70       1  COMMON      1
                text10                         000333  000009  00033C       666       0  CODE        2
                maintext                       00033C  00000A  000346       678       0  CODE        2
                text1                          000346  00000E  000354       68C       0  CODE        2
                text9                          000354  00000F  000363       6A8       0  CODE        2
                text6                          000363  00000F  000372       6C6       0  CODE        2
                text5                          000372  00000F  000381       6E4       0  CODE        2
                text2                          000381  000015  000396       702       0  CODE        2
                text4                          000396  000017  0003AD       72C       0  CODE        2
                text8                          0003AD  000018  0003C5       75A       0  CODE        2
                text3                          0003C5  00001A  0003DF       78A       0  CODE        2
                text7                          0003DF  00001F  0003FE       7BE       0  CODE        2
                cinit                          0003FE  000002  000400       7FC       0  CODE        2


UNUSED ADDRESS RANGES

        Name                Unused          Largest block    Delta
        BANK0            040-06F            30           1
        CODE             001-332           332           2
        COMMON           077-07D             7           1
        CONFIG           2007-2007             1           2
        CONST            001-332           100           2
        EEDATA           2100-217F            80           2
        ENTRY            001-332           100           2
        IDLOC            2000-2003             4           2
        RAM              040-06F            30           1
        SFR0             000-03F            40           1
        SFR1             080-0EF            70           1
        STACK            040-06F            30           1
        STRCODE          001-332           332           2
        STRING           001-332           100           2

                                  Symbol Table

DelayUs@Time             cstackCOMMON 070
DelayUs@a                cstackCOMMON 071
IIC_READ@address         cstackCOMMON 074
IIC_READ@iicdata         cstackCOMMON 075
IIC_Read_Byte@i          cstackCOMMON 073
IIC_Read_Byte@receive    cstackCOMMON 072
IIC_Send_Byte@t          cstackCOMMON 073
IIC_Send_Byte@txd        cstackCOMMON 072
IIC_WRITE@address        cstackCOMMON 075
IIC_WRITE@data           cstackCOMMON 074
IIC_Wait_Ack@ucErrTime   cstackCOMMON 072
_DelayUs                 text10       333
_IICReadData             nvCOMMON     076
_IIC_NAck                text9        354
_IIC_READ                text3        3C5
_IIC_Read_Byte           text8        3AD
_IIC_Send_Byte           text7        3DF
_IIC_Start               text6        363
_IIC_Stop                text5        372
_IIC_WRITE               text2        381
_IIC_Wait_Ack            text4        396
_INTCON                  (abs)        00B
_OPTION                  (abs)        081
_OSCCON                  (abs)        08F
_PA2                     (abs)        02A
_PA4                     (abs)        02C
_PORTA                   (abs)        005
_POWER_INITIAL           text1        346
_PSINKA                  (abs)        097
_PSRCA                   (abs)        088
_TRISA                   (abs)        085
_TRISA2                  (abs)        42A
_WPUA                    (abs)        095
__Habs1                  abs1         000
__Hbank0                 bank0        000
__Hbank1                 bank1        000
__Hcinit                 cinit        400
__Hclrtext               clrtext      000
__Hcode                  code         000
__Hcommon                common       000
__Hconfig                config       000
__HcstackCOMMON          cstackCOMMON 000
__Heeprom_data           eeprom_data  000
__Hend_init              end_init     001
__Hfunctab               functab      000
__Hidloc                 idloc        000
__Hinit                  init         000
__Hintentry              intentry     000
__Hmaintext              maintext     000
__HnvCOMMON              nvCOMMON     000
__Hpa_nodes0             pa_nodes0    000
__Hpowerup               powerup      000
__Hram                   ram          000
__Hreset_vec             reset_vec    000
__Hsfr0                  sfr0         000
__Hsfr1                  sfr1         000
__Hspace_0               (abs)        400
__Hspace_1               (abs)        077
__Hspace_2               (abs)        000
__Hspace_3               (abs)        000
__Hstack                 stack        000
__Hstrings               strings      000
__Htext                  text         000
__Labs1                  abs1         000
__Lbank0                 bank0        000
__Lbank1                 bank1        000
__Lcinit                 cinit        3FE
__Lclrtext               clrtext      000
__Lcode                  code         000
__Lcommon                common       000
__Lconfig                config       000
__LcstackCOMMON          cstackCOMMON 000
__Leeprom_data           eeprom_data  000
__Lend_init              end_init     000
__Lfunctab               functab      000
__Lidloc                 idloc        000
__Linit                  init         000
__Lintentry              intentry     000
__Lmaintext              maintext     000
__LnvCOMMON              nvCOMMON     000
__Lpa_nodes0             pa_nodes0    000
__Lpowerup               powerup      000
__Lram                   ram          000
__Lreset_vec             reset_vec    000
__Lsfr0                  sfr0         000
__Lsfr1                  sfr1         000
__Lspace_0               (abs)        000
__Lspace_1               (abs)        000
__Lspace_2               (abs)        000
__Lspace_3               (abs)        000
__Lstack                 stack        000
__Lstrings               strings      000
__Ltext                  text         000
__S0                     (abs)        400
__S1                     (abs)        077
__S2                     (abs)        000
__S3                     (abs)        000
___int_sp                stack        000
___latbits               (abs)        000
___sp                    stack        000
__end_of_DelayUs         text10       33C
__end_of_IIC_NAck        text9        363
__end_of_IIC_READ        text3        3DF
__end_of_IIC_Read_Byte   text8        3C5
__end_of_IIC_Send_Byte   text7        3FE
__end_of_IIC_Start       text6        372
__end_of_IIC_Stop        text5        381
__end_of_IIC_WRITE       text2        396
__end_of_IIC_Wait_Ack    text4        3AD
__end_of_POWER_INITIAL   text1        354
__end_of__initialization cinit        3FE
__end_of_main            maintext     346
__initialization         cinit        3FE
__pcstackCOMMON          cstackCOMMON 070
__pmaintext              maintext     33C
__pnvCOMMON              nvCOMMON     076
__ptext1                 text1        346
__ptext10                text10       333
__ptext2                 text2        381
__ptext3                 text3        3C5
__ptext4                 text4        396
__ptext5                 text5        372
__ptext6                 text6        363
__ptext7                 text7        3DF
__ptext8                 text8        3AD
__ptext9                 text9        354
__size_of_DelayUs        (abs)        000
__size_of_IIC_NAck       (abs)        000
__size_of_IIC_READ       (abs)        000
__size_of_IIC_Read_Byte  (abs)        000
__size_of_IIC_Send_Byte  (abs)        000
__size_of_IIC_Start      (abs)        000
__size_of_IIC_Stop       (abs)        000
__size_of_IIC_WRITE      (abs)        000
__size_of_IIC_Wait_Ack   (abs)        000
__size_of_POWER_INITIAL  (abs)        000
__size_of_main           (abs)        000
_main                    maintext     33C
btemp                    (abs)        07E
end_of_initialization    cinit        3FE
intlevel0                functab      000
intlevel1                functab      000
intlevel2                functab      000
intlevel3                functab      000
intlevel4                functab      000
intlevel5                functab      000
reset_vec                reset_vec    000
stackhi                  (abs)        000
stacklo                  (abs)        000
start                    init         000
start_initialization     cinit        3FE
wtemp0                   (abs)        07E


FUNCTION INFORMATION:

 *************** function _main *****************
 Defined at:
		line 296 in file "test_ft62f21x_IIC.C"
 Parameters:    Size  Location     Type
		None
 Auto vars:     Size  Location     Type
		None
 Return value:  Size  Location     Type
                  1    wreg      void 
 Registers used:
		wreg, status,2, status,0, pclath, cstack
 Tracked objects:
		On entry : 
		On exit  : 
		Unchanged: 
 Data sizes:     COMMON   BANK0
      Params:         0       0
      Locals:         0       0
      Temps:          0       0
      Totals:         0       0
Total ram usage:        0 bytes
 Hardware stack levels required when called:    4
 This function calls:
		_IIC_READ
		_IIC_WRITE
		_POWER_INITIAL
 This function is called by:
		Startup code after reset
 This function uses a non-reentrant model


 *************** function _POWER_INITIAL *****************
 Defined at:
		line 85 in file "test_ft62f21x_IIC.C"
 Parameters:    Size  Location     Type
		None
 Auto vars:     Size  Location     Type
		None
 Return value:  Size  Location     Type
                  1    wreg      void 
 Registers used:
		wreg, status,2
 Tracked objects:
		On entry : 
		On exit  : 
		Unchanged: 
 Data sizes:     COMMON   BANK0
      Params:         0       0
      Locals:         0       0
      Temps:          0       0
      Totals:         0       0
Total ram usage:        0 bytes
 Hardware stack levels used:    1
 This function calls:
		Nothing
 This function is called by:
		_main
 This function uses a non-reentrant model


 *************** function _IIC_WRITE *****************
 Defined at:
		line 275 in file "test_ft62f21x_IIC.C"
 Parameters:    Size  Location     Type
  address         1    wreg     unsigned char 
  data            1    4[COMMON] unsigned char 
 Auto vars:     Size  Location     Type
  address         1    5[COMMON] unsigned char 
 Return value:  Size  Location     Type
                  1    wreg      void 
 Registers used:
		wreg, status,2, status,0, pclath, cstack
 Tracked objects:
		On entry : 
		On exit  : 
		Unchanged: 
 Data sizes:     COMMON   BANK0
      Params:         1       0
      Locals:         1       0
      Temps:          0       0
      Totals:         2       0
Total ram usage:        2 bytes
 Hardware stack levels used:    1
 Hardware stack levels required when called:    3
 This function calls:
		_IIC_Send_Byte
		_IIC_Start
		_IIC_Stop
		_IIC_Wait_Ack
 This function is called by:
		_main
 This function uses a non-reentrant model


 *************** function _IIC_READ *****************
 Defined at:
		line 253 in file "test_ft62f21x_IIC.C"
 Parameters:    Size  Location     Type
  address         1    wreg     unsigned char 
 Auto vars:     Size  Location     Type
  address         1    4[COMMON] unsigned char 
  iicdata         1    5[COMMON] unsigned char 
 Return value:  Size  Location     Type
                  1    wreg      unsigned char 
 Registers used:
		wreg, status,2, status,0, pclath, cstack
 Tracked objects:
		On entry : 
		On exit  : 
		Unchanged: 
 Data sizes:     COMMON   BANK0
      Params:         0       0
      Locals:         2       0
      Temps:          0       0
      Totals:         2       0
Total ram usage:        2 bytes
 Hardware stack levels used:    1
 Hardware stack levels required when called:    3
 This function calls:
		_IIC_Read_Byte
		_IIC_Send_Byte
		_IIC_Start
		_IIC_Stop
		_IIC_Wait_Ack
 This function is called by:
		_main
 This function uses a non-reentrant model


 *************** function _IIC_Wait_Ack *****************
 Defined at:
		line 144 in file "test_ft62f21x_IIC.C"
 Parameters:    Size  Location     Type
		None
 Auto vars:     Size  Location     Type
  ucErrTime       1    2[COMMON] unsigned char 
 Return value:  Size  Location     Type
                  1    wreg      unsigned char 
 Registers used:
		wreg, status,2, status,0, pclath, cstack
 Tracked objects:
		On entry : 
		On exit  : 
		Unchanged: 
 Data sizes:     COMMON   BANK0
      Params:         0       0
      Locals:         1       0
      Temps:          0       0
      Totals:         1       0
Total ram usage:        1 bytes
 Hardware stack levels used:    1
 Hardware stack levels required when called:    2
 This function calls:
		_DelayUs
		_IIC_Stop
 This function is called by:
		_IIC_READ
		_IIC_WRITE
 This function uses a non-reentrant model


 *************** function _IIC_Stop *****************
 Defined at:
		line 126 in file "test_ft62f21x_IIC.C"
 Parameters:    Size  Location     Type
		None
 Auto vars:     Size  Location     Type
		None
 Return value:  Size  Location     Type
                  1    wreg      void 
 Registers used:
		wreg, status,2, status,0, pclath, cstack
 Tracked objects:
		On entry : 
		On exit  : 
		Unchanged: 
 Data sizes:     COMMON   BANK0
      Params:         0       0
      Locals:         0       0
      Temps:          0       0
      Totals:         0       0
Total ram usage:        0 bytes
 Hardware stack levels used:    1
 Hardware stack levels required when called:    1
 This function calls:
		_DelayUs
 This function is called by:
		_IIC_Wait_Ack
		_IIC_READ
		_IIC_WRITE
 This function uses a non-reentrant model


 *************** function _IIC_Start *****************
 Defined at:
		line 109 in file "test_ft62f21x_IIC.C"
 Parameters:    Size  Location     Type
		None
 Auto vars:     Size  Location     Type
		None
 Return value:  Size  Location     Type
                  1    wreg      void 
 Registers used:
		wreg, status,2, status,0, pclath, cstack
 Tracked objects:
		On entry : 
		On exit  : 
		Unchanged: 
 Data sizes:     COMMON   BANK0
      Params:         0       0
      Locals:         0       0
      Temps:          0       0
      Totals:         0       0
Total ram usage:        0 bytes
 Hardware stack levels used:    1
 Hardware stack levels required when called:    1
 This function calls:
		_DelayUs
 This function is called by:
		_IIC_READ
		_IIC_WRITE
 This function uses a non-reentrant model


 *************** function _IIC_Send_Byte *****************
 Defined at:
		line 203 in file "test_ft62f21x_IIC.C"
 Parameters:    Size  Location     Type
  txd             1    wreg     unsigned char 
 Auto vars:     Size  Location     Type
  txd             1    2[COMMON] unsigned char 
  t               1    3[COMMON] unsigned char 
 Return value:  Size  Location     Type
                  1    wreg      void 
 Registers used:
		wreg, status,2, status,0, pclath, cstack
 Tracked objects:
		On entry : 
		On exit  : 
		Unchanged: 
 Data sizes:     COMMON   BANK0
      Params:         0       0
      Locals:         2       0
      Temps:          0       0
      Totals:         2       0
Total ram usage:        2 bytes
 Hardware stack levels used:    1
 Hardware stack levels required when called:    1
 This function calls:
		_DelayUs
 This function is called by:
		_IIC_READ
		_IIC_WRITE
 This function uses a non-reentrant model


 *************** function _IIC_Read_Byte *****************
 Defined at:
		line 229 in file "test_ft62f21x_IIC.C"
 Parameters:    Size  Location     Type
		None
 Auto vars:     Size  Location     Type
  i               1    3[COMMON] unsigned char 
  receive         1    2[COMMON] unsigned char 
 Return value:  Size  Location     Type
                  1    wreg      unsigned char 
 Registers used:
		wreg, status,2, status,0, pclath, cstack
 Tracked objects:
		On entry : 
		On exit  : 
		Unchanged: 
 Data sizes:     COMMON   BANK0
      Params:         0       0
      Locals:         2       0
      Temps:          0       0
      Totals:         2       0
Total ram usage:        2 bytes
 Hardware stack levels used:    1
 Hardware stack levels required when called:    2
 This function calls:
		_DelayUs
		_IIC_NAck
 This function is called by:
		_IIC_READ
 This function uses a non-reentrant model


 *************** function _IIC_NAck *****************
 Defined at:
		line 186 in file "test_ft62f21x_IIC.C"
 Parameters:    Size  Location     Type
		None
 Auto vars:     Size  Location     Type
		None
 Return value:  Size  Location     Type
                  1    wreg      void 
 Registers used:
		wreg, status,2, status,0, pclath, cstack
 Tracked objects:
		On entry : 
		On exit  : 
		Unchanged: 
 Data sizes:     COMMON   BANK0
      Params:         0       0
      Locals:         0       0
      Temps:          0       0
      Totals:         0       0
Total ram usage:        0 bytes
 Hardware stack levels used:    1
 Hardware stack levels required when called:    1
 This function calls:
		_DelayUs
 This function is called by:
		_IIC_Read_Byte
 This function uses a non-reentrant model


 *************** function _DelayUs *****************
 Defined at:
		line 36 in file "test_ft62f21x_IIC.C"
 Parameters:    Size  Location     Type
  Time            1    wreg     unsigned char 
 Auto vars:     Size  Location     Type
  Time            1    0[COMMON] unsigned char 
  a               1    1[COMMON] unsigned char 
 Return value:  Size  Location     Type
                  1    wreg      void 
 Registers used:
		wreg, status,2, status,0
 Tracked objects:
		On entry : 
		On exit  : 
		Unchanged: 
 Data sizes:     COMMON   BANK0
      Params:         0       0
      Locals:         2       0
      Temps:          0       0
      Totals:         2       0
Total ram usage:        2 bytes
 Hardware stack levels used:    1
 This function calls:
		Nothing
 This function is called by:
		_IIC_Start
		_IIC_Stop
		_IIC_Wait_Ack
		_IIC_NAck
		_IIC_Send_Byte
		_IIC_Read_Byte
 This function uses a non-reentrant model



MODULE INFORMATION

Module		Function		Class		Link	Load	Size
test_ft62f21x_IIC.C
		_IIC_Stop      		CODE           	0372	0000	16
		_IIC_READ      		CODE           	03C5	0000	27
		_IIC_Wait_Ack  		CODE           	0396	0000	24
		_DelayUs       		CODE           	0333	0000	10
		_IIC_Read_Byte 		CODE           	03AD	0000	25
		_main          		CODE           	033C	0000	11
		_IIC_Send_Byte 		CODE           	03DF	0000	32
		_IIC_NAck      		CODE           	0354	0000	16
		_IIC_Start     		CODE           	0363	0000	16
		_POWER_INITIAL 		CODE           	0346	0000	15
		_IIC_WRITE     		CODE           	0381	0000	22

test_ft62f21x_IIC.C estimated size: 214

shared
		__initialization		CODE           	03FE	0000	1

shared estimated size: 1

