GNU Tool Chain  

Linker command line:

\
  --edf=C:\Users\hamed\OneDrive\Documents\FMD_Project\ft62f211\FMDIDE3.0.7\data\dat\en_msgs.txt \
  -cs -h+rf-out-key.sym --cmf=rf-out-key.cmf -z -QFT60F01X \
  -oC:\Users\hamed\AppData\Local\Temp\s3pc.2 -Mrf-out-key.map -E1 -ver=XC8 \
  -ASTACK=06Bh-06fh -pstack=STACK -ACODE=00h-03FFh -ASTRCODE=00h-03FFh \
  -ASTRING=00h-0FFhx4 -ACONST=00h-0FFhx4 -AENTRY=00h-0FFhx4 \
  -ACOMMON=070h-07Fh -ABANK0=040h-06Fh -ARAM=040h-06Fh -AABS1=040h-07Fh \
  -ASFR0=00h-03Fh -ASFR1=080h-0EFh \
  -preset_vec=00h,intentry=04h,init,end_init -ppowerup=CODE -pcinit=CODE \
  -pfunctab=ENTRY -ACONFIG=02007h-02007h -pconfig=CONFIG -DCONFIG=2 \
  -AIDLOC=02000h-02003h -pidloc=IDLOC -DIDLOC=2 -AEEDATA=00h-0FFh/02100h \
  -peeprom_data=EEDATA -DEEDATA=2 -DCODE=2 -DSTRCODE=2 -DSTRING=2 -DCONST=2 \
  -DENTRY=2 -k C:\Users\hamed\AppData\Local\Temp\s3pc.obj rf-out-key.obj 

Object code version is 3.11

Machine type is FT60F01X



                Name                               Link     Load   Length Selector   Space Scale
C:\Users\hamed\AppData\Local\Temp\s3pc.obj
                end_init                              C        C        1        8       0
                reset_vec                             0        0        1        0       0
rf-out-key.obj  cinit                                 D        D        B        8       0
                intentry                              4        4        8        8       0
                text8                                18       18      18F        8       0
                text7                               377      377        B        8       0
                text6                               32A      32A       1C        8       0
                text5                               38B      38B        9        8       0
                text4                               346      346       15        8       0
                text3                               35B      35B       10        8       0
                text2                               382      382        9        8       0
                text1                               36B      36B        C        8       0
                maintext                            1A7      1A7      183        8       0
                cstackBANK0                          60       60        B       40       1
                cstackCOMMON                         72       72        5       70       1
                clrtext                             394      394        8        8       0
                bssBANK0                             40       40       20       40       1
                bssCOMMON                            78       78        2       70       1
                bitbssCOMMON                        380       70        A       70       1     8
                bitnvCOMMON                         3B8       77        4       70       1     8

TOTAL           Name                               Link     Load   Length     Space
        CLASS   STACK          

        CLASS   CODE           
                end_init                              C        C        1         0
                cinit                                 D        D        B         0
                intentry                              4        4        8         0
                reset_vec                             0        0        1         0
                text8                                18       18      18F         0
                text7                               377      377        B         0
                text6                               32A      32A       1C         0
                text5                               38B      38B        9         0
                text4                               346      346       15         0
                text3                               35B      35B       10         0
                text2                               382      382        9         0
                text1                               36B      36B        C         0
                maintext                            1A7      1A7      183         0
                clrtext                             394      394        8         0

        CLASS   STRCODE        

        CLASS   STRING         

        CLASS   CONST          

        CLASS   ENTRY          

        CLASS   COMMON         
                cstackCOMMON                         72       72        5         1
                bssCOMMON                            78       78        2         1
                bitbssCOMMON                        380       70        A         1
                bitnvCOMMON                         3B8       77        4         1

        CLASS   BANK0          
                cstackBANK0                          60       60        B         1
                bssBANK0                             40       40       20         1

        CLASS   RAM            

        CLASS   ABS1           
                abs_s1                               7E       7E        2         1

        CLASS   SFR0           

        CLASS   SFR1           

        CLASS   CONFIG         

        CLASS   IDLOC          

        CLASS   EEDATA         

        CLASS   BANK1          



SEGMENTS        Name                           Load    Length   Top    Selector   Space  Class     Delta

                reset_vec                      000000  000001  000001         0       0  CODE        2
                intentry                       000004  000398  00039C         8       0  CODE        2
                bssBANK0                       000040  00002B  00006B        40       1  BANK0       1
                bitbssCOMMON                   000070  00000A  00007A        70       1  COMMON      1


UNUSED ADDRESS RANGES

        Name                Unused          Largest block    Delta
        BANK0            06B-06F             5           1
        CODE             001-003             3           2
                         39C-3FF            64
        COMMON           07A-07D             4           1
        CONFIG           2007-2007             1           2
        CONST            001-003             3           2
                         39C-3FF            64
        EEDATA           2100-21FF           100           2
        ENTRY            001-003             3           2
                         39C-3FF            64
        IDLOC            2000-2003             4           2
        RAM              06B-06F             5           1
        SFR0             000-03F            40           1
        SFR1             080-0EF            70           1
        STACK            06B-06F             5           1
        STRCODE          001-003             3           2
                         39C-3FF            64
        STRING           001-003             3           2
                         39C-3FF            64

                                  Symbol Table

DelayMs@Time             cstackBANK0  062
DelayMs@a                cstackBANK0  064
DelayMs@b                cstackBANK0  066
DelayUs@Time             cstackBANK0  060
DelayUs@a                cstackBANK0  061
EEPROMread@EEAddr        cstackBANK0  060
EEPROMread@ReEEPROMread  cstackBANK0  061
EEPROMwrite@Data         cstackBANK0  060
EEPROMwrite@EEAddr       cstackCOMMON 076
PL2                      maintext     314
PL4                      maintext     31A
PL6                      maintext     320
PL8                      maintext     325
_Bit                     bssBANK0     05B
_Buffer                  bssBANK0     05C
_Count                   bssCOMMON    078
_Data                    bssBANK0     052
_DataM                   bssBANK0     04F
_DataS                   bssBANK0     040
_DelayMs                 text6        32A
_DelayUs                 text7        377
_EEADR                   (abs)        09B
_EECON1                  (abs)        09C
_EEDAT                   (abs)        09A
_EEIF                    (abs)        067
_EEPROMread              text5        38B
_EEPROMwrite             text4        346
_Finish                  bitbssCOMMON 381
_Frist                   bitbssCOMMON 382
_GIE                     (abs)        05F
_INTCON                  (abs)        00B
_ISR                     text8        018
_LernRF                  bitbssCOMMON 383
_LernRFKey               bssBANK0     05D
_LernRFblink             bitbssCOMMON 384
_Lock                    bitbssCOMMON 380
_MSCKCON                 (abs)        01B
_O1                      bitbssCOMMON 389
_O2                      bitbssCOMMON 388
_O3                      bitbssCOMMON 387
_O4                      bitbssCOMMON 386
_OPTION                  (abs)        081
_OSCCON                  (abs)        08F
_PA0                     (abs)        028
_PA1                     (abs)        029
_PA2                     (abs)        02A
_PA3                     (abs)        02B
_PA4                     (abs)        02C
_PA5                     (abs)        02D
_PEIE                    (abs)        05E
_PORTA                   (abs)        005
_POWER_INITIAL           text3        35B
_PR2                     (abs)        092
_RD                      (abs)        4E0
_RFData                  bssBANK0     04C
_Start                   bitbssCOMMON 385
_T0IE                    (abs)        05D
_T0IF                    (abs)        05A
_T2CON                   (abs)        012
_TIMER0_INITIAL          text2        382
_TIMER2_INITIAL          text1        36B
_TMR0                    (abs)        001
_TMR2                    (abs)        011
_TMR2IE                  (abs)        461
_TMR2IF                  (abs)        061
_TMR2ON                  (abs)        092
_TRISA                   (abs)        085
_Timedown                bssCOMMON    079
_WPUA                    (abs)        095
_WR                      (abs)        4E8
__Habs1                  abs1         000
__Hbank0                 bank0        000
__Hbank1                 bank1        000
__HbitbssCOMMON          bitbssCOMMON 000
__HbitnvCOMMON           bitnvCOMMON  000
__HbssBANK0              bssBANK0     000
__HbssCOMMON             bssCOMMON    000
__Hcinit                 cinit        018
__Hclrtext               clrtext      000
__Hcode                  code         000
__Hcommon                common       000
__Hconfig                config       000
__HcstackBANK0           cstackBANK0  000
__HcstackCOMMON          cstackCOMMON 000
__Heeprom_data           eeprom_data  000
__Hend_init              end_init     00D
__Hfunctab               functab      000
__Hidloc                 idloc        000
__Hinit                  init         00C
__Hintentry              intentry     00C
__Hmaintext              maintext     000
__Hpa_nodes0             pa_nodes0    000
__Hpowerup               powerup      000
__Hram                   ram          000
__Hreset_vec             reset_vec    001
__Hsfr0                  sfr0         000
__Hsfr1                  sfr1         000
__Hspace_0               (abs)        39C
__Hspace_1               (abs)        3BC
__Hspace_2               (abs)        000
__Hspace_3               (abs)        000
__Hstack                 stack        000
__Hstrings               strings      000
__Htext                  text         000
__Labs1                  abs1         000
__Lbank0                 bank0        000
__Lbank1                 bank1        000
__LbitbssCOMMON          bitbssCOMMON 000
__LbitnvCOMMON           bitnvCOMMON  000
__LbssBANK0              bssBANK0     000
__LbssCOMMON             bssCOMMON    000
__Lcinit                 cinit        00D
__Lclrtext               clrtext      000
__Lcode                  code         000
__Lcommon                common       000
__Lconfig                config       000
__LcstackBANK0           cstackBANK0  000
__LcstackCOMMON          cstackCOMMON 000
__Leeprom_data           eeprom_data  000
__Lend_init              end_init     00C
__Lfunctab               functab      000
__Lidloc                 idloc        000
__Linit                  init         00C
__Lintentry              intentry     004
__Lmaintext              maintext     000
__Lpa_nodes0             pa_nodes0    000
__Lpowerup               powerup      000
__Lram                   ram          000
__Lreset_vec             reset_vec    000
__Lsfr0                  sfr0         000
__Lsfr1                  sfr1         000
__Lspace_0               (abs)        000
__Lspace_1               (abs)        000
__Lspace_2               (abs)        000
__Lspace_3               (abs)        000
__Lstack                 stack        000
__Lstrings               strings      000
__Ltext                  text         000
__S0                     (abs)        39C
__S1                     (abs)        07A
__S2                     (abs)        000
__S3                     (abs)        000
___int_sp                stack        000
___latbits               (abs)        000
___sp                    stack        000
__end_ofPL2              maintext     31A
__end_ofPL4              maintext     320
__end_ofPL6              maintext     325
__end_ofPL8              maintext     32A
__end_of_DelayMs         text6        346
__end_of_DelayUs         text7        382
__end_of_EEPROMread      text5        394
__end_of_EEPROMwrite     text4        35B
__end_of_ISR             text8        1A7
__end_of_POWER_INITIAL   text3        36B
__end_of_TIMER0_INITIAL  text2        38B
__end_of_TIMER2_INITIAL  text1        377
__end_of__initialization cinit        016
__end_of_main            maintext     314
__initialization         cinit        00D
__pbitbssCOMMON          bitbssCOMMON 380
__pbitnvCOMMON           bitnvCOMMON  3B8
__pbssBANK0              bssBANK0     040
__pbssCOMMON             bssCOMMON    078
__pcstackBANK0           cstackBANK0  060
__pcstackCOMMON          cstackCOMMON 072
__pintentry              intentry     004
__pmaintext              maintext     1A7
__ptext1                 text1        36B
__ptext2                 text2        382
__ptext3                 text3        35B
__ptext4                 text4        346
__ptext5                 text5        38B
__ptext6                 text6        32A
__ptext7                 text7        377
__ptext8                 text8        018
__size_of_DelayMs        (abs)        000
__size_of_DelayUs        (abs)        000
__size_of_EEPROMread     (abs)        000
__size_of_EEPROMwrite    (abs)        000
__size_of_ISR            (abs)        000
__size_of_POWER_INITIAL  (abs)        000
__size_of_TIMER0_INITIAL (abs)        000
__size_of_TIMER2_INITIAL (abs)        000
__size_of_main           (abs)        000
_conternotRF             bssBANK0     059
_conterout               bssBANK0     057
_conteroutnot            bssBANK0     055
_eerom                   bssBANK0     05F
_lastKey                 bssBANK0     05E
_main                    maintext     1A7
_state1                  bitnvCOMMON  3BB
_state2                  bitnvCOMMON  3BA
_state3                  bitnvCOMMON  3B9
_state4                  bitnvCOMMON  3B8
btemp                    (abs)        07E
clear_ram0               clrtext      394
end_of_initialization    cinit        016
interrupt_function       intentry     004
intlevel0                functab      000
intlevel1                functab      000
intlevel2                functab      000
intlevel3                functab      000
intlevel4                functab      000
intlevel5                functab      000
main@i                   cstackBANK0  069
main@i_656               cstackBANK0  06A
reset_vec                reset_vec    000
saved_w                  (abs)        07E
stackhi                  (abs)        000
stacklo                  (abs)        000
start                    init         00C
start_initialization     cinit        00D
wtemp0                   (abs)        07E


FUNCTION INFORMATION:

 *************** function _main *****************
 Defined at:
		line 269 in file "rf-out-key.C"
 Parameters:    Size  Location     Type
		None
 Auto vars:     Size  Location     Type
  i               1   10[BANK0 ] unsigned char 
  i               1    9[BANK0 ] unsigned char 
 Return value:  Size  Location     Type
                  1    wreg      void 
 Registers used:
		wreg, fsr0l, fsr0h, status,2, status,0, pclath, cstack
 Tracked objects:
		On entry : 
		On exit  : 
		Unchanged: 
 Data sizes:     COMMON   BANK0
      Params:         0       0
      Locals:         0       2
      Temps:          0       1
      Totals:         0       3
Total ram usage:        3 bytes
 Hardware stack levels required when called:    3
 This function calls:
		_DelayMs
		_EEPROMread
		_EEPROMwrite
		_POWER_INITIAL
		_TIMER0_INITIAL
		_TIMER2_INITIAL
 This function is called by:
		Startup code after reset
 This function uses a non-reentrant model


 *************** function _TIMER2_INITIAL *****************
 Defined at:
		line 393 in file "rf-out-key.C"
 Parameters:    Size  Location     Type
		None
 Auto vars:     Size  Location     Type
		None
 Return value:  Size  Location     Type
                  1    wreg      void 
 Registers used:
		wreg, status,2
 Tracked objects:
		On entry : 
		On exit  : 
		Unchanged: 
 Data sizes:     COMMON   BANK0
      Params:         0       0
      Locals:         0       0
      Temps:          0       0
      Totals:         0       0
Total ram usage:        0 bytes
 Hardware stack levels used:    1
 Hardware stack levels required when called:    1
 This function calls:
		Nothing
 This function is called by:
		_main
 This function uses a non-reentrant model


 *************** function _TIMER0_INITIAL *****************
 Defined at:
		line 406 in file "rf-out-key.C"
 Parameters:    Size  Location     Type
		None
 Auto vars:     Size  Location     Type
		None
 Return value:  Size  Location     Type
                  1    wreg      void 
 Registers used:
		wreg
 Tracked objects:
		On entry : 
		On exit  : 
		Unchanged: 
 Data sizes:     COMMON   BANK0
      Params:         0       0
      Locals:         0       0
      Temps:          0       0
      Totals:         0       0
Total ram usage:        0 bytes
 Hardware stack levels used:    1
 Hardware stack levels required when called:    1
 This function calls:
		Nothing
 This function is called by:
		_main
 This function uses a non-reentrant model


 *************** function _POWER_INITIAL *****************
 Defined at:
		line 378 in file "rf-out-key.C"
 Parameters:    Size  Location     Type
		None
 Auto vars:     Size  Location     Type
		None
 Return value:  Size  Location     Type
                  1    wreg      void 
 Registers used:
		wreg, status,2
 Tracked objects:
		On entry : 
		On exit  : 
		Unchanged: 
 Data sizes:     COMMON   BANK0
      Params:         0       0
      Locals:         0       0
      Temps:          0       0
      Totals:         0       0
Total ram usage:        0 bytes
 Hardware stack levels used:    1
 Hardware stack levels required when called:    1
 This function calls:
		Nothing
 This function is called by:
		_main
 This function uses a non-reentrant model


 *************** function _EEPROMwrite *****************
 Defined at:
		line 429 in file "rf-out-key.C"
 Parameters:    Size  Location     Type
  EEAddr          1    wreg     unsigned char 
  Data            2    0[BANK0 ] unsigned int 
 Auto vars:     Size  Location     Type
  EEAddr          1    4[COMMON] unsigned char 
 Return value:  Size  Location     Type
                  1    wreg      void 
 Registers used:
		wreg, status,2, status,0
 Tracked objects:
		On entry : 
		On exit  : 
		Unchanged: 
 Data sizes:     COMMON   BANK0
      Params:         0       2
      Locals:         1       0
      Temps:          0       0
      Totals:         1       2
Total ram usage:        3 bytes
 Hardware stack levels used:    1
 Hardware stack levels required when called:    1
 This function calls:
		Nothing
 This function is called by:
		_main
 This function uses a non-reentrant model


 *************** function _EEPROMread *****************
 Defined at:
		line 419 in file "rf-out-key.C"
 Parameters:    Size  Location     Type
  EEAddr          1    wreg     unsigned char 
 Auto vars:     Size  Location     Type
  EEAddr          1    0[BANK0 ] unsigned char 
  ReEEPROMread    1    1[BANK0 ] unsigned char 
 Return value:  Size  Location     Type
                  1    wreg      unsigned char 
 Registers used:
		wreg
 Tracked objects:
		On entry : 
		On exit  : 
		Unchanged: 
 Data sizes:     COMMON   BANK0
      Params:         0       0
      Locals:         0       2
      Temps:          0       0
      Totals:         0       2
Total ram usage:        2 bytes
 Hardware stack levels used:    1
 Hardware stack levels required when called:    1
 This function calls:
		Nothing
 This function is called by:
		_main
 This function uses a non-reentrant model


 *************** function _DelayMs *****************
 Defined at:
		line 452 in file "rf-out-key.C"
 Parameters:    Size  Location     Type
  Time            2    2[BANK0 ] unsigned int 
 Auto vars:     Size  Location     Type
  b               2    6[BANK0 ] unsigned int 
  a               2    4[BANK0 ] unsigned int 
 Return value:  Size  Location     Type
                  1    wreg      void 
 Registers used:
		wreg, status,2, status,0, pclath, cstack
 Tracked objects:
		On entry : 
		On exit  : 
		Unchanged: 
 Data sizes:     COMMON   BANK0
      Params:         0       2
      Locals:         0       4
      Temps:          0       0
      Totals:         0       6
Total ram usage:        6 bytes
 Hardware stack levels used:    1
 Hardware stack levels required when called:    2
 This function calls:
		_DelayUs
 This function is called by:
		_main
 This function uses a non-reentrant model


 *************** function _DelayUs *****************
 Defined at:
		line 442 in file "rf-out-key.C"
 Parameters:    Size  Location     Type
  Time            1    wreg     unsigned char 
 Auto vars:     Size  Location     Type
  Time            1    0[BANK0 ] unsigned char 
  a               1    1[BANK0 ] unsigned char 
 Return value:  Size  Location     Type
                  1    wreg      void 
 Registers used:
		wreg, status,2, status,0
 Tracked objects:
		On entry : 
		On exit  : 
		Unchanged: 
 Data sizes:     COMMON   BANK0
      Params:         0       0
      Locals:         0       2
      Temps:          0       0
      Totals:         0       2
Total ram usage:        2 bytes
 Hardware stack levels used:    1
 Hardware stack levels required when called:    1
 This function calls:
		Nothing
 This function is called by:
		_DelayMs
 This function uses a non-reentrant model


 *************** function _ISR *****************
 Defined at:
		line 65 in file "rf-out-key.C"
 Parameters:    Size  Location     Type
		None
 Auto vars:     Size  Location     Type
		None
 Return value:  Size  Location     Type
                  1    wreg      void 
 Registers used:
		wreg, fsr0l, fsr0h, status,2, status,0
 Tracked objects:
		On entry : 
		On exit  : 
		Unchanged: 
 Data sizes:     COMMON   BANK0
      Params:         0       0
      Locals:         0       0
      Temps:          4       0
      Totals:         4       0
Total ram usage:        4 bytes
 Hardware stack levels used:    1
 This function calls:
		Nothing
 This function is called by:
		Interrupt level 1
 This function uses a non-reentrant model



MODULE INFORMATION

Module		Function		Class		Link	Load	Size
rf-out-key.C
		_DelayUs       		CODE           	0377	0000	12
		_ISR           		CODE           	0018	0000	400
		_main          		CODE           	01A7	0000	366
		_EEPROMread    		CODE           	038B	0000	10
		_DelayMs       		CODE           	032A	0000	29
		_POWER_INITIAL 		CODE           	035B	0000	17
		_TIMER2_INITIAL		CODE           	036B	0000	13
		_EEPROMwrite   		CODE           	0346	0000	22
		_TIMER0_INITIAL		CODE           	0382	0000	10

rf-out-key.C estimated size: 879

shared
		PL8            		CODE           	0325	0000	6
		__initialization		CODE           	000D	0000	10
		PL2            		CODE           	0314	0000	7
		PL4            		CODE           	031A	0000	7
		PL6            		CODE           	0320	0000	6

shared estimated size: 36

