###############################################################################
#
# IAR ELF Linker V9.10.2.313/W64 for ARM                  13/Apr/2022  18:35:06
# Copyright 2007-2021 IAR Systems AB.
#
#    Output file  =
#        D:\workspace\FMD\Touch\6100\IAR\LIB\touchlib_6100_intscan_nocs\Pro\Debug\Exe\Pro.out
#    Map file     =
#        D:\workspace\FMD\Touch\6100\IAR\LIB\touchlib_6100_intscan_nocs\Pro\Debug\List\Pro.map
#    Command line =
#        -f
#        D:\workspace\FMD\Touch\6100\IAR\LIB\touchlib_6100_intscan_nocs\Pro\Debug\Exe\Pro.out.rsp
#        (D:\workspace\FMD\Touch\6100\IAR\LIB\touchlib_6100_intscan_nocs\Pro\Debug\Obj\USER\board.o
#        "D:\workspace\FMD\Touch\6100\IAR\LIB\touchlib_6100_intscan_nocs\Pro\Debug\Obj\CMSIS-Pack\FMD
#        StdDriverOne _Device.FT32Driver.GPIO_1.0.1\ft32f0xx_gpio.o"
#        D:\workspace\FMD\Touch\6100\IAR\LIB\touchlib_6100_intscan_nocs\Pro\Debug\Obj\USER\ft32f0xx_it.o
#        "D:\workspace\FMD\Touch\6100\IAR\LIB\touchlib_6100_intscan_nocs\Pro\Debug\Obj\CMSIS-Pack\FMD
#        StdDriverOne _Device.FT32Driver.RCC_1.0.1\ft32f0xx_rcc.o"
#        D:\workspace\FMD\Touch\6100\IAR\LIB\touchlib_6100_intscan_nocs\Pro\Debug\Obj\USER\main.o
#        D:\workspace\FMD\Touch\6100\IAR\LIB\touchlib_6100_intscan_nocs\Pro\Debug\Obj\USER\startup_FT32f072.o
#        "D:\workspace\FMD\Touch\6100\IAR\LIB\touchlib_6100_intscan_nocs\Pro\Debug\Obj\CMSIS-Pack\FMD
#        StdDriverOne _Device.Startup_1.0.1\system_ft32f0xx.o"
#        --no_out_extension -o
#        D:\workspace\FMD\Touch\6100\IAR\LIB\touchlib_6100_intscan_nocs\Pro\Debug\Exe\Pro.out
#        --map
#        D:\workspace\FMD\Touch\6100\IAR\LIB\touchlib_6100_intscan_nocs\Pro\Debug\List\Pro.map
#        --config
#        C:/Users/shenghui.li/IAR-CMSIS-Packs/FMD/FT32F0xx_DFP/1.0.2/\.iar\config\linker\FT32F072R8.icf
#        --semihosting
#        D:\workspace\FMD\Touch\6100\IAR\LIB\touchlib_6100_intscan_nocs\Pro\..\TOUCH_LIB\ft32f0xx_touch_intscan.a
#        --entry __iar_program_start --vfe --text_out locale)
#
###############################################################################

*******************************************************************************
*** RUNTIME MODEL ATTRIBUTES
***

CppFlavor       = *
__Heap_Handler  = NoFree
__SystemLibrary = DLib
__dlib_version  = 6


*******************************************************************************
*** HEAP SELECTION
***

The no free heap was selected because no calls to memory
deallocation functions were found in the application.


*******************************************************************************
*** PLACEMENT SUMMARY
***

"A0":  place at address 0x800'0000 { ro section .intvec };
"P1":  place in [from 0x0 to 0x0] |
                [from 0x800'0000 to 0x800'ffff] { ro };
define block CSTACK with size = 1K, alignment = 8 { };
define block HEAP with size = 2K, alignment = 8 { };
"P3":  place in [from 0x0 to 0x0] |
                [from 0x2000'0000 to 0x2000'1fff] {
          rw, block CSTACK, block HEAP };

No sections matched the following patterns:

  ro section application_specific_ro  in "P2|P4"
  rw section application_specific_rw  in "P2|P4"


  Section          Kind         Address    Size  Object
  -------          ----         -------    ----  ------
"A0":                                      0xc0
  .intvec          ro code   0x800'0000    0xc0  startup_FT32f072.o [4]
                           - 0x800'00c0    0xc0

"P1":                                    0x1b80
  .text            ro code   0x800'00c0   0xa10  ft32f0xx_touch.o [6]
  .text            ro code   0x800'0ad0   0x77c  touch.o [6]
  .text            ro code   0x800'124c    0x50  no_free_heap0.o [5]
  .text            ro code   0x800'129c    0xe0  I32DivModFast.o [7]
  .text            ro code   0x800'137c    0x2c  xgetmemchunk.o [5]
  .text            ro code   0x800'13a8     0x2  IntDivZer.o [7]
  .text            ro code   0x800'13aa     0xa  ft32f0xx_it.o [4]
  .text            ro code   0x800'13b4   0x404  board.o [4]
  .text            ro code   0x800'17b8    0x24  ft32f0xx_rcc.o [2]
  .text            ro code   0x800'17dc    0xaa  ft32f0xx_gpio.o [1]
  .rodata          const     0x800'1886     0x2  main.o [4]
  .text            ro code   0x800'1888   0x160  system_ft32f0xx.o [3]
  .rodata          const     0x800'19e8    0xc0  touch.o [6]
  .text            ro code   0x800'1aa8    0x3c  startup_FT32f072.o [4]
  .text            ro code   0x800'1ae4    0x3c  zero_init3.o [7]
  .text            ro code   0x800'1b20    0x38  main.o [4]
  .text            ro code   0x800'1b58    0x28  data_init.o [7]
  .iar.init_table  const     0x800'1b80    0x10  - Linker created -
  .text            ro code   0x800'1b90    0x1e  cmain.o [7]
  .text            ro code   0x800'1bae     0x4  low_level_init.o [5]
  .text            ro code   0x800'1bb2     0x8  exit.o [5]
  .rodata          const     0x800'1bba     0x2  main.o [4]
  .text            ro code   0x800'1bbc     0xa  cexit.o [7]
  .text            ro code   0x800'1bc6     0x2  startup_FT32f072.o [4]
  .text            ro code   0x800'1bc8    0x14  exit.o [8]
  .text            ro code   0x800'1bdc    0x1c  cstartup_M.o [7]
  .text            ro code   0x800'1bf8     0x2  startup_FT32f072.o [4]
  .text            ro code   0x800'1bfa     0x2  startup_FT32f072.o [4]
  .text            ro code   0x800'1bfc     0x2  startup_FT32f072.o [4]
  .text            ro code   0x800'1bfe     0x2  startup_FT32f072.o [4]
  .text            ro code   0x800'1c00     0x2  startup_FT32f072.o [4]
  .text            ro code   0x800'1c02     0x2  startup_FT32f072.o [4]
  .text            ro code   0x800'1c04     0x2  startup_FT32f072.o [4]
  .text            ro code   0x800'1c06     0x2  startup_FT32f072.o [4]
  .text            ro code   0x800'1c08     0x2  startup_FT32f072.o [4]
  .text            ro code   0x800'1c0a     0x2  startup_FT32f072.o [4]
  .text            ro code   0x800'1c0c     0x2  startup_FT32f072.o [4]
  .text            ro code   0x800'1c0e     0x2  startup_FT32f072.o [4]
  .text            ro code   0x800'1c10     0x2  startup_FT32f072.o [4]
  .text            ro code   0x800'1c12     0x2  startup_FT32f072.o [4]
  .text            ro code   0x800'1c14     0x2  startup_FT32f072.o [4]
  .text            ro code   0x800'1c16     0x2  startup_FT32f072.o [4]
  .text            ro code   0x800'1c18     0x2  startup_FT32f072.o [4]
  .text            ro code   0x800'1c1a     0x2  startup_FT32f072.o [4]
  .text            ro code   0x800'1c1c     0x2  startup_FT32f072.o [4]
  .text            ro code   0x800'1c1e     0x2  startup_FT32f072.o [4]
  .text            ro code   0x800'1c20     0x2  startup_FT32f072.o [4]
  .text            ro code   0x800'1c22     0x2  startup_FT32f072.o [4]
  .text            ro code   0x800'1c24     0x2  startup_FT32f072.o [4]
  .text            ro code   0x800'1c26     0x2  startup_FT32f072.o [4]
  .text            ro code   0x800'1c28     0x2  startup_FT32f072.o [4]
  .text            ro code   0x800'1c2a     0x2  startup_FT32f072.o [4]
  .text            ro code   0x800'1c2c     0x2  startup_FT32f072.o [4]
  .text            ro code   0x800'1c2e     0x2  startup_FT32f072.o [4]
  .text            ro code   0x800'1c30     0x2  startup_FT32f072.o [4]
  .text            ro code   0x800'1c32     0x2  startup_FT32f072.o [4]
  .text            ro code   0x800'1c34     0x2  startup_FT32f072.o [4]
  .rodata          const     0x800'1c36     0x1  main.o [4]
  .rodata          const     0x800'1c37     0x1  main.o [4]
  .rodata          const     0x800'1c38     0x1  main.o [4]
  .rodata          const     0x800'1c39     0x1  main.o [4]
  .rodata          const     0x800'1c3a     0x1  main.o [4]
  .rodata          const     0x800'1c3b     0x1  main.o [4]
  .rodata          const     0x800'1c3c     0x1  main.o [4]
  .rodata          const     0x800'1c3d     0x1  main.o [4]
  .rodata          const     0x800'1c3e     0x1  main.o [4]
  .rodata          const     0x800'1c3f     0x1  main.o [4]
  .rodata          const     0x800'1c40     0x0  zero_init3.o [7]
                           - 0x800'1c40  0x1b80

"P3", part 1 of 2:                         0x38
  .bss             zero     0x2000'0000     0x8  ft32f0xx_touch.o [6]
  .bss             zero     0x2000'0008     0x8  ft32f0xx_touch.o [6]
  .bss             zero     0x2000'0010     0x4  ft32f0xx_touch.o [6]
  .bss             zero     0x2000'0014     0x4  ft32f0xx_touch.o [6]
  .bss             zero     0x2000'0018     0x4  ft32f0xx_touch.o [6]
  .bss             zero     0x2000'001c     0x4  touch.o [6]
  .bss             zero     0x2000'0020     0x4  no_free_heap0.o [5]
  .bss             zero     0x2000'0024     0x4  xgetmemchunk.o [5]
  .bss             zero     0x2000'0028     0x2  ft32f0xx_touch.o [6]
  .bss             zero     0x2000'002a     0x2  ft32f0xx_touch.o [6]
  .bss             zero     0x2000'002c     0x1  ft32f0xx_touch.o [6]
  .bss             zero     0x2000'002d     0x1  ft32f0xx_touch.o [6]
  .bss             zero     0x2000'002e     0x1  ft32f0xx_touch.o [6]
  .bss             zero     0x2000'002f     0x1  ft32f0xx_touch.o [6]
  .bss             zero     0x2000'0030     0x1  ft32f0xx_touch.o [6]
  .bss             zero     0x2000'0031     0x1  ft32f0xx_touch.o [6]
  .bss             zero     0x2000'0032     0x1  ft32f0xx_touch.o [6]
  .bss             zero     0x2000'0033     0x1  ft32f0xx_touch.o [6]
  .bss             zero     0x2000'0034     0x1  ft32f0xx_touch.o [6]
  .bss             zero     0x2000'0035     0x1  touch.o [6]
  .bss             zero     0x2000'0036     0x1  touch.o [6]
                          - 0x2000'0037    0x37

"P3", part 2 of 2:                        0xc00
  CSTACK                    0x2000'0038   0x400  <Block>
    CSTACK         uninit   0x2000'0038   0x400  <Block tail>
  HEAP                      0x2000'0438   0x800  <Block>
    HEAP           uninit   0x2000'0438   0x800  <Block tail>
                          - 0x2000'0c38   0xc00

Unused ranges:

         From           To    Size
         ----           --    ----
          0x0          0x0     0x1
   0x800'1c40   0x800'ffff  0xe3c0
  0x2000'0c38  0x2000'1fff  0x13c8


*******************************************************************************
*** INIT TABLE
***

          Address      Size
          -------      ----
Zero (__iar_zero_init3)
    1 destination range, total size 0x37:
          0x2000'0000  0x37



*******************************************************************************
*** MODULE SUMMARY
***

    Module              ro code  ro data  rw data
    ------              -------  -------  -------
command line/config:
    ---------------------------------------------
    Total:

D:\workspace\FMD\Touch\6100\IAR\LIB\touchlib_6100_intscan_nocs\Pro\Debug\Obj\CMSIS-Pack\FMD StdDriverOne _Device.FT32Driver.GPIO_1.0.1: [1]
    ft32f0xx_gpio.o         170
    ---------------------------------------------
    Total:                  170

D:\workspace\FMD\Touch\6100\IAR\LIB\touchlib_6100_intscan_nocs\Pro\Debug\Obj\CMSIS-Pack\FMD StdDriverOne _Device.FT32Driver.RCC_1.0.1: [2]
    ft32f0xx_rcc.o           36
    ---------------------------------------------
    Total:                   36

D:\workspace\FMD\Touch\6100\IAR\LIB\touchlib_6100_intscan_nocs\Pro\Debug\Obj\CMSIS-Pack\FMD StdDriverOne _Device.Startup_1.0.1: [3]
    system_ft32f0xx.o       352
    ---------------------------------------------
    Total:                  352

D:\workspace\FMD\Touch\6100\IAR\LIB\touchlib_6100_intscan_nocs\Pro\Debug\Obj\USER: [4]
    board.o               1'028
    ft32f0xx_it.o            10
    main.o                   56       14
    startup_FT32f072.o      316
    ---------------------------------------------
    Total:                1'410       14

dl6M_tln.a: [5]
    exit.o                    8
    low_level_init.o          4
    no_free_heap0.o          80                 4
    xgetmemchunk.o           44                 4
    ---------------------------------------------
    Total:                  136                 8

ft32f0xx_touch_intscan.a: [6]
    ft32f0xx_touch.o      2'576                41
    touch.o               1'916      192        6
    ---------------------------------------------
    Total:                4'492      192       47

rt6M_tl.a: [7]
    I32DivModFast.o         224
    IntDivZer.o               2
    cexit.o                  10
    cmain.o                  30
    cstartup_M.o             28
    data_init.o              40
    zero_init3.o             60
    ---------------------------------------------
    Total:                  394

shb_l.a: [8]
    exit.o                   20
    ---------------------------------------------
    Total:                   20

    Linker created                    16    3'072
-------------------------------------------------
    Grand Total:          7'010      222    3'127


*******************************************************************************
*** ENTRY LIST
***

Entry                       Address   Size  Type      Object
-----                       -------   ----  ----      ------
.iar.init_table$$Base    0x800'1b80          --   Gb  - Linker created -
.iar.init_table$$Limit   0x800'1b90          --   Gb  - Linker created -
?main                    0x800'1b91         Code  Gb  cmain.o [7]
ADC1_COMP_IRQHandler     0x800'1b37   0x1c  Code  Gb  main.o [4]
BaselineEqualCondition  0x2000'0033    0x1  Data  Gb  ft32f0xx_touch.o [6]
COMP1_DAC1_Init          0x800'0db9   0x98  Code  Gb  touch.o [6]
COMP1_DAC1_Touch1        0x800'0e51    0x8  Code  Gb  touch.o [6]
COMP1_DAC1_Touch2        0x800'0e59    0x8  Code  Gb  touch.o [6]
COMP1_DAC1_Touch3        0x800'0e61    0x8  Code  Gb  touch.o [6]
CSTACK$$Base            0x2000'0038          --   Gb  - Linker created -
CSTACK$$Limit           0x2000'0438          --   Gb  - Linker created -
ChargeDataBuff          0x2000'0000    0x8  Data  Gb  ft32f0xx_touch.o [6]
ClosestSub              0x2000'0008    0x8  Data  Gb  ft32f0xx_touch.o [6]
GPIO_Init                0x800'17dd   0xa0  Code  Gb  ft32f0xx_gpio.o [1]
GPIO_ResetBits           0x800'1883    0x4  Code  Gb  ft32f0xx_gpio.o [1]
GPIO_SetBits             0x800'187d    0x6  Code  Gb  ft32f0xx_gpio.o [1]
GroupIoModeAnalog        0x800'11fd   0x34  Code  Gb  touch.o [6]
GroupIoModeOut           0x800'0a07   0x7e  Code  Gb  ft32f0xx_touch.o [6]
HEAP$$Base              0x2000'0438          --   Gb  - Linker created -
HEAP$$Limit             0x2000'0c38          --   Gb  - Linker created -
HardFault_Handler        0x800'13ad    0x4  Code  Gb  ft32f0xx_it.o [4]
IO_Init                  0x800'09c5   0x42  Code  Gb  ft32f0xx_touch.o [6]
JudgeGroupCharge         0x800'10c1  0x134  Code  Gb  touch.o [6]
KEY_Scan                 0x800'14b1  0x2fa  Code  Gb  board.o [4]
Led_Init                 0x800'13b5   0xea  Code  Gb  board.o [4]
MAX1_TMP                0x2000'0030    0x1  Data  Gb  ft32f0xx_touch.o [6]
MAX_TMP                 0x2000'002f    0x1  Data  Gb  ft32f0xx_touch.o [6]
McuVersion              0x2000'0035    0x1  Data  Gb  touch.o [6]
NMI_Handler              0x800'13ab    0x2  Code  Gb  ft32f0xx_it.o [4]
PendSV_Handler           0x800'13b3    0x2  Code  Gb  ft32f0xx_it.o [4]
RCC_AHBPeriphClockCmd    0x800'17b9   0x20  Code  Gb  ft32f0xx_rcc.o [2]
Region$$Table$$Base      0x800'1b80          --   Gb  - Linker created -
Region$$Table$$Limit     0x800'1b90          --   Gb  - Linker created -
SVC_Handler              0x800'13b1    0x2  Code  Gb  ft32f0xx_it.o [4]
SetSysClock              0x800'18f7   0xba  Code  Lc  system_ft32f0xx.o [3]
SystemInit               0x800'1889   0x6e  Code  Gb  system_ft32f0xx.o [3]
TIM16_CH1_Init           0x800'0b17   0x5c  Code  Gb  touch.o [6]
TIM16_Init               0x800'0ad1   0x46  Code  Gb  touch.o [6]
TIM16_OFF                0x800'0b87    0xe  Code  Gb  touch.o [6]
TIM16_ON                 0x800'0b73   0x14  Code  Gb  touch.o [6]
TIM1_CH1_Init            0x800'0bd5   0x54  Code  Gb  touch.o [6]
TIM1_CH2_Init            0x800'0c2d   0x56  Code  Gb  touch.o [6]
TIM1_CH3_Init            0x800'0ca5   0x56  Code  Gb  touch.o [6]
TIM1_Init                0x800'0b95   0x40  Code  Gb  touch.o [6]
TIM1_OFF                 0x800'0d19    0xe  Code  Gb  touch.o [6]
TIM1_ON                  0x800'0d05   0x14  Code  Gb  touch.o [6]
TIM3_Init                0x800'0d2d   0x38  Code  Gb  touch.o [6]
TIM3_OFF                 0x800'0d9d    0xe  Code  Gb  touch.o [6]
TIM3_ON                  0x800'0d79   0x20  Code  Gb  touch.o [6]
TK_OUT_SINGLE           0x2000'0018    0x4  Data  Gb  ft32f0xx_touch.o [6]
TK_OUT_strongest        0x2000'002e    0x1  Data  Gb  ft32f0xx_touch.o [6]
TOUCH_READ_OK           0x2000'002c    0x1  Data  Gb  ft32f0xx_touch.o [6]
TSC_DataProcessing       0x800'0599  0x412  Code  Gb  ft32f0xx_touch.o [6]
TSC_EnableKey            0x800'00c1   0x1a  Code  Gb  ft32f0xx_touch.o [6]
TSC_GetStrongest         0x800'09ab    0x6  Code  Gb  ft32f0xx_touch.o [6]
TSC_IONUM                0x800'19e8   0xc0  Data  Gb  touch.o [6]
TSC_Init                 0x800'00db   0xac  Code  Gb  ft32f0xx_touch.o [6]
TSC_Start                0x800'01b5  0x380  Code  Gb  ft32f0xx_touch.o [6]
Touch1_Charge            0x800'0ee1   0x56  Code  Gb  touch.o [6]
Touch2_Charge            0x800'0f3d   0x5c  Code  Gb  touch.o [6]
Touch3_Charge            0x800'0fb9   0x5c  Code  Gb  touch.o [6]
Touch_Charge             0x800'101d   0x5c  Code  Gb  touch.o [6]
Touch_Init               0x800'0e71   0x64  Code  Gb  touch.o [6]
__aeabi_idiv             0x800'12c9         Code  Gb  I32DivModFast.o [7]
__aeabi_idiv0            0x800'13a9         Code  Gb  IntDivZer.o [7]
__aeabi_idivmod          0x800'12c9         Code  Gb  I32DivModFast.o [7]
__aeabi_uidiv            0x800'12cf         Code  Gb  I32DivModFast.o [7]
__aeabi_uidivmod         0x800'12cf         Code  Gb  I32DivModFast.o [7]
__cmain                  0x800'1b91         Code  Gb  cmain.o [7]
__data_GetMemChunk       0x800'137d   0x2c  Code  Gb  xgetmemchunk.o [5]
__data_GetMemChunk::start
                        0x2000'0024    0x4  Data  Lc  xgetmemchunk.o [5]
__exit                   0x800'1bc9   0x14  Code  Gb  exit.o [8]
__iar_data_init3         0x800'1b59   0x28  Code  Gb  data_init.o [7]
__iar_program_start      0x800'1bdd         Code  Gb  cstartup_M.o [7]
__iar_zero_init3         0x800'1ae5   0x3c  Code  Gb  zero_init3.o [7]
__low_level_init         0x800'1baf    0x4  Code  Gb  low_level_init.o [5]
__no_free_malloc         0x800'124d   0x4a  Code  Gb  no_free_heap0.o [5]
__vector_table           0x800'0000         Data  Gb  startup_FT32f072.o [4]
_call_main               0x800'1b9d         Code  Gb  cmain.o [7]
_exit                    0x800'1bbd         Code  Gb  cexit.o [7]
capturecount            0x2000'0031    0x1  Data  Gb  ft32f0xx_touch.o [6]
exit                     0x800'1bb3    0x8  Code  Gb  exit.o [5]
main                     0x800'1b21   0x16  Code  Gb  main.o [4]
paTK_Data               0x2000'0010    0x4  Data  Gb  ft32f0xx_touch.o [6]
ptTSC_Para              0x2000'0014    0x4  Data  Gb  ft32f0xx_touch.o [6]
qs                      0x2000'0020    0x4  Data  Lc  no_free_heap0.o [5]
ucBaselineDownSpeed      0x800'1c39    0x1  Data  Gb  main.o [4]
ucBaselineEqualDownSpeed
                         0x800'1c3c    0x1  Data  Gb  main.o [4]
ucBaselineEqualUpSpeed   0x800'1c3b    0x1  Data  Gb  main.o [4]
ucBaselineUpSpeed        0x800'1c3a    0x1  Data  Gb  main.o [4]
ucFreqChangeNumber      0x2000'0034    0x1  Data  Gb  ft32f0xx_touch.o [6]
ucFrequ                 0x2000'001c    0x4  Data  Gb  touch.o [6]
ucFrequNum              0x2000'0036    0x1  Data  Gb  touch.o [6]
ucKeyEn                  0x800'1bba    0x2  Data  Gb  main.o [4]
ucKeyNumber             0x2000'0032    0x1  Data  Gb  ft32f0xx_touch.o [6]
ucKeyNumberMax           0x800'1c3f    0x1  Data  Gb  main.o [4]
ucKeyPollingCount       0x2000'002d    0x1  Data  Gb  ft32f0xx_touch.o [6]
ucMeantimeMaxKeyNum      0x800'1c3e    0x1  Data  Gb  main.o [4]
ucMultiple               0x800'1c36    0x1  Data  Gb  main.o [4]
ucSensitivityArray       0x800'1886    0x2  Data  Gb  main.o [4]
ucSignalNoiseRatio       0x800'1c3d    0x1  Data  Gb  main.o [4]
ucSingleFilter           0x800'1c38    0x1  Data  Gb  main.o [4]
ucStrongFilter           0x800'1c37    0x1  Data  Gb  main.o [4]
uiBaseValue             0x2000'0028    0x2  Data  Gb  ft32f0xx_touch.o [6]
uiSampleValue           0x2000'002a    0x2  Data  Gb  ft32f0xx_touch.o [6]


[1] = D:\workspace\FMD\Touch\6100\IAR\LIB\touchlib_6100_intscan_nocs\Pro\Debug\Obj\CMSIS-Pack\FMD StdDriverOne _Device.FT32Driver.GPIO_1.0.1
[2] = D:\workspace\FMD\Touch\6100\IAR\LIB\touchlib_6100_intscan_nocs\Pro\Debug\Obj\CMSIS-Pack\FMD StdDriverOne _Device.FT32Driver.RCC_1.0.1
[3] = D:\workspace\FMD\Touch\6100\IAR\LIB\touchlib_6100_intscan_nocs\Pro\Debug\Obj\CMSIS-Pack\FMD StdDriverOne _Device.Startup_1.0.1
[4] = D:\workspace\FMD\Touch\6100\IAR\LIB\touchlib_6100_intscan_nocs\Pro\Debug\Obj\USER
[5] = dl6M_tln.a
[6] = ft32f0xx_touch_intscan.a
[7] = rt6M_tl.a
[8] = shb_l.a

  7'010 bytes of readonly  code memory
    222 bytes of readonly  data memory
  3'127 bytes of readwrite data memory

Errors: none
Warnings: none
