GNU Tool Chain  

Linker command line:

--edf=C:\Program Files (x86)\CCompiler\Compiler\data\dat\en_msgs.txt -cs \
  -h+timercar.sym --cmf=timercar.cmf -z -QFT60F01X \
  -oC:\Users\hamed\AppData\Local\Temp\s4nc.2 -Mtimercar.map -E1 -ver=XC8 \
  -ASTACK=045h-06fh -pstack=STACK -ACODE=00h-03FFh -ASTRCODE=00h-03FFh \
  -ASTRING=00h-0FFhx4 -ACONST=00h-0FFhx4 -AENTRY=00h-0FFhx4 \
  -ACOMMON=070h-07Fh -ABANK0=040h-06Fh -ARAM=040h-06Fh -AABS1=040h-07Fh \
  -ASFR0=00h-03Fh -ASFR1=080h-0EFh \
  -preset_vec=00h,intentry=04h,init,end_init -ppowerup=CODE -pcinit=CODE \
  -pfunctab=ENTRY -ACONFIG=02007h-02007h -pconfig=CONFIG -DCONFIG=2 \
  -AIDLOC=02000h-02003h -pidloc=IDLOC -DIDLOC=2 -AEEDATA=00h-0FFh/02100h \
  -peeprom_data=EEDATA -DEEDATA=2 -DCODE=2 -DSTRCODE=2 -DSTRING=2 -DCONST=2 \
  -DENTRY=2 -k C:\Users\hamed\AppData\Local\Temp\s4nc.obj timercar.obj 

Object code version is 3.11

Machine type is FT60F01X



                Name                               Link     Load   Length Selector   Space Scale
C:\Users\hamed\AppData\Local\Temp\s4nc.obj
                end_init                              A        A        1        8       0
                reset_vec                             0        0        1        0       0
timercar.obj    cinit                                 B        B        B        8       0
                intentry                              4        4        6        8       0
                text5                                70       70       27        8       0
                text4                                C1       C1        9        8       0
                text3                                97       97       11        8       0
                text2                                A8       A8       10        8       0
                text1                                B8       B8        9        8       0
                maintext                             16       16       5A        8       0
                cstackBANK0                          40       40        3       40       1
                cstackCOMMON                         74       74        4       70       1
                bssBANK0                             43       43        2       40       1
                dataCOMMON                           78       78        2       70       1
                bssCOMMON                            70       70        4       70       1

TOTAL           Name                               Link     Load   Length     Space
        CLASS   STACK          

        CLASS   CODE           
                end_init                              A        A        1         0
                cinit                                 B        B        B         0
                intentry                              4        4        6         0
                reset_vec                             0        0        1         0
                text5                                70       70       27         0
                text4                                C1       C1        9         0
                text3                                97       97       11         0
                text2                                A8       A8       10         0
                text1                                B8       B8        9         0
                maintext                             16       16       5A         0

        CLASS   STRCODE        

        CLASS   STRING         

        CLASS   CONST          

        CLASS   ENTRY          

        CLASS   COMMON         
                cstackCOMMON                         74       74        4         1
                dataCOMMON                           78       78        2         1
                bssCOMMON                            70       70        4         1

        CLASS   BANK0          
                cstackBANK0                          40       40        3         1
                bssBANK0                             43       43        2         1

        CLASS   RAM            

        CLASS   ABS1           
                abs_s1                               7E       7E        2         1

        CLASS   SFR0           

        CLASS   SFR1           

        CLASS   CONFIG         

        CLASS   IDLOC          

        CLASS   EEDATA         

        CLASS   BANK1          



SEGMENTS        Name                           Load    Length   Top    Selector   Space  Class     Delta

                reset_vec                      000000  000001  000001         0       0  CODE        2
                intentry                       000004  0000C6  0000CA         8       0  CODE        2
                cstackBANK0                    000040  000005  000045        40       1  BANK0       1
                bssCOMMON                      000070  00000A  00007A        70       1  COMMON      1


UNUSED ADDRESS RANGES

        Name                Unused          Largest block    Delta
        BANK0            045-06F            2B           1
        CODE             001-003             3           2
                         0CA-3FF           336
        COMMON           07A-07D             4           1
        CONFIG           2007-2007             1           2
        CONST            001-003             3           2
                         0CA-3FF           100
        EEDATA           2100-21FF           100           2
        ENTRY            001-003             3           2
                         0CA-3FF           100
        IDLOC            2000-2003             4           2
        RAM              045-06F            2B           1
        SFR0             000-03F            40           1
        SFR1             080-0EF            70           1
        STACK            045-06F            2B           1
        STRCODE          001-003             3           2
                         0CA-3FF           336
        STRING           001-003             3           2
                         0CA-3FF           100

                                  Symbol Table

DelayMs@Time             cstackBANK0  040
DelayMs@a                cstackBANK0  041
DelayMs@b                cstackBANK0  042
DelayUs@Time             cstackCOMMON 076
DelayUs@a                cstackCOMMON 077
_DelayMs                 text3        097
_DelayUs                 text4        0C1
_GIE                     (abs)        05F
_H                       bssCOMMON    071
_INTCON                  (abs)        00B
_ISR                     text5        070
_Lock                    dataCOMMON   079
_Lock2                   dataCOMMON   078
_M                       bssCOMMON    072
_MSCKCON                 (abs)        01B
_OPTION                  (abs)        081
_OSCCON                  (abs)        08F
_PA0                     (abs)        028
_PA1                     (abs)        029
_PA2                     (abs)        02A
_PA4                     (abs)        02C
_PORTA                   (abs)        005
_POWER_INITIAL           text2        0A8
_Puls_Count              bssBANK0     043
_S                       bssCOMMON    073
_T0IE                    (abs)        05D
_T0IF                    (abs)        05A
_TIMER0_INITIAL          text1        0B8
_TMR0                    (abs)        001
_TRISA                   (abs)        085
_WPUA                    (abs)        095
__Habs1                  abs1         000
__Hbank0                 bank0        000
__Hbank1                 bank1        000
__HbssBANK0              bssBANK0     000
__HbssCOMMON             bssCOMMON    000
__Hcinit                 cinit        016
__Hclrtext               clrtext      000
__Hcode                  code         000
__Hcommon                common       000
__Hconfig                config       000
__HcstackBANK0           cstackBANK0  000
__HcstackCOMMON          cstackCOMMON 000
__HdataCOMMON            dataCOMMON   000
__Heeprom_data           eeprom_data  000
__Hend_init              end_init     00B
__Hfunctab               functab      000
__HidataCOMMON           idataCOMMON  000
__Hidloc                 idloc        000
__Hinit                  init         00A
__Hintentry              intentry     00A
__Hmaintext              maintext     000
__Hpa_nodes0             pa_nodes0    000
__Hpowerup               powerup      000
__Hram                   ram          000
__Hreset_vec             reset_vec    001
__Hsfr0                  sfr0         000
__Hsfr1                  sfr1         000
__Hspace_0               (abs)        0CA
__Hspace_1               (abs)        07A
__Hspace_2               (abs)        000
__Hspace_3               (abs)        000
__Hstack                 stack        000
__Hstrings               strings      000
__Htext                  text         000
__Labs1                  abs1         000
__Lbank0                 bank0        000
__Lbank1                 bank1        000
__LbssBANK0              bssBANK0     000
__LbssCOMMON             bssCOMMON    000
__Lcinit                 cinit        00B
__Lclrtext               clrtext      000
__Lcode                  code         000
__Lcommon                common       000
__Lconfig                config       000
__LcstackBANK0           cstackBANK0  000
__LcstackCOMMON          cstackCOMMON 000
__LdataCOMMON            dataCOMMON   000
__Leeprom_data           eeprom_data  000
__Lend_init              end_init     00A
__Lfunctab               functab      000
__LidataCOMMON           idataCOMMON  000
__Lidloc                 idloc        000
__Linit                  init         00A
__Lintentry              intentry     004
__Lmaintext              maintext     000
__Lpa_nodes0             pa_nodes0    000
__Lpowerup               powerup      000
__Lram                   ram          000
__Lreset_vec             reset_vec    000
__Lsfr0                  sfr0         000
__Lsfr1                  sfr1         000
__Lspace_0               (abs)        000
__Lspace_1               (abs)        000
__Lspace_2               (abs)        000
__Lspace_3               (abs)        000
__Lstack                 stack        000
__Lstrings               strings      000
__Ltext                  text         000
__S0                     (abs)        0CA
__S1                     (abs)        07A
__S2                     (abs)        000
__S3                     (abs)        000
___int_sp                stack        000
___latbits               (abs)        000
___sp                    stack        000
__end_of_DelayMs         text3        0A8
__end_of_DelayUs         text4        0CA
__end_of_ISR             text5        097
__end_of_POWER_INITIAL   text2        0B8
__end_of_TIMER0_INITIAL  text1        0C1
__end_of__initialization cinit        014
__end_of_main            maintext     070
__initialization         cinit        00B
__pbssBANK0              bssBANK0     043
__pbssCOMMON             bssCOMMON    070
__pcstackBANK0           cstackBANK0  040
__pcstackCOMMON          cstackCOMMON 074
__pdataCOMMON            dataCOMMON   078
__pidataCOMMON           idataCOMMON  000
__pintentry              intentry     004
__pmaintext              maintext     016
__ptext1                 text1        0B8
__ptext2                 text2        0A8
__ptext3                 text3        097
__ptext4                 text4        0C1
__ptext5                 text5        070
__size_of_DelayMs        (abs)        000
__size_of_DelayUs        (abs)        000
__size_of_ISR            (abs)        000
__size_of_POWER_INITIAL  (abs)        000
__size_of_TIMER0_INITIAL (abs)        000
__size_of_main           (abs)        000
_main                    maintext     016
_mode                    bssCOMMON    070
btemp                    (abs)        07E
end_of_initialization    cinit        014
interrupt_function       intentry     004
intlevel0                functab      000
intlevel1                functab      000
intlevel2                functab      000
intlevel3                functab      000
intlevel4                functab      000
intlevel5                functab      000
reset_vec                reset_vec    000
saved_w                  (abs)        07E
stackhi                  (abs)        000
stacklo                  (abs)        000
start                    init         00A
start_initialization     cinit        00B
wtemp0                   (abs)        07E


FUNCTION INFORMATION:

 *************** function _main *****************
 Defined at:
		line 126 in file "timercar.C"
 Parameters:    Size  Location     Type
		None
 Auto vars:     Size  Location     Type
		None
 Return value:  Size  Location     Type
                  1    wreg      void 
 Registers used:
		wreg, status,2, status,0, pclath, cstack
 Tracked objects:
		On entry : 
		On exit  : 
		Unchanged: 
 Data sizes:     COMMON   BANK0
      Params:         0       0
      Locals:         0       0
      Temps:          0       0
      Totals:         0       0
Total ram usage:        0 bytes
 Hardware stack levels required when called:    3
 This function calls:
		_DelayMs
		_POWER_INITIAL
		_TIMER0_INITIAL
 This function is called by:
		Startup code after reset
 This function uses a non-reentrant model


 *************** function _TIMER0_INITIAL *****************
 Defined at:
		line 114 in file "timercar.C"
 Parameters:    Size  Location     Type
		None
 Auto vars:     Size  Location     Type
		None
 Return value:  Size  Location     Type
                  1    wreg      void 
 Registers used:
		wreg
 Tracked objects:
		On entry : 
		On exit  : 
		Unchanged: 
 Data sizes:     COMMON   BANK0
      Params:         0       0
      Locals:         0       0
      Temps:          0       0
      Totals:         0       0
Total ram usage:        0 bytes
 Hardware stack levels used:    1
 Hardware stack levels required when called:    1
 This function calls:
		Nothing
 This function is called by:
		_main
 This function uses a non-reentrant model


 *************** function _POWER_INITIAL *****************
 Defined at:
		line 98 in file "timercar.C"
 Parameters:    Size  Location     Type
		None
 Auto vars:     Size  Location     Type
		None
 Return value:  Size  Location     Type
                  1    wreg      void 
 Registers used:
		wreg, status,2
 Tracked objects:
		On entry : 
		On exit  : 
		Unchanged: 
 Data sizes:     COMMON   BANK0
      Params:         0       0
      Locals:         0       0
      Temps:          0       0
      Totals:         0       0
Total ram usage:        0 bytes
 Hardware stack levels used:    1
 Hardware stack levels required when called:    1
 This function calls:
		Nothing
 This function is called by:
		_main
 This function uses a non-reentrant model


 *************** function _DelayMs *****************
 Defined at:
		line 72 in file "timercar.C"
 Parameters:    Size  Location     Type
  Time            1    wreg     unsigned char 
 Auto vars:     Size  Location     Type
  Time            1    0[BANK0 ] unsigned char 
  b               1    2[BANK0 ] unsigned char 
  a               1    1[BANK0 ] unsigned char 
 Return value:  Size  Location     Type
                  1    wreg      void 
 Registers used:
		wreg, status,2, status,0, pclath, cstack
 Tracked objects:
		On entry : 
		On exit  : 
		Unchanged: 
 Data sizes:     COMMON   BANK0
      Params:         0       0
      Locals:         0       3
      Temps:          0       0
      Totals:         0       3
Total ram usage:        3 bytes
 Hardware stack levels used:    1
 Hardware stack levels required when called:    2
 This function calls:
		_DelayUs
 This function is called by:
		_main
 This function uses a non-reentrant model


 *************** function _DelayUs *****************
 Defined at:
		line 62 in file "timercar.C"
 Parameters:    Size  Location     Type
  Time            1    wreg     unsigned char 
 Auto vars:     Size  Location     Type
  Time            1    2[COMMON] unsigned char 
  a               1    3[COMMON] unsigned char 
 Return value:  Size  Location     Type
                  1    wreg      void 
 Registers used:
		wreg, status,2, status,0
 Tracked objects:
		On entry : 
		On exit  : 
		Unchanged: 
 Data sizes:     COMMON   BANK0
      Params:         0       0
      Locals:         2       0
      Temps:          0       0
      Totals:         2       0
Total ram usage:        2 bytes
 Hardware stack levels used:    1
 Hardware stack levels required when called:    1
 This function calls:
		Nothing
 This function is called by:
		_DelayMs
 This function uses a non-reentrant model


 *************** function _ISR *****************
 Defined at:
		line 35 in file "timercar.C"
 Parameters:    Size  Location     Type
		None
 Auto vars:     Size  Location     Type
		None
 Return value:  Size  Location     Type
                  1    wreg      void 
 Registers used:
		wreg, status,2, status,0
 Tracked objects:
		On entry : 
		On exit  : 
		Unchanged: 
 Data sizes:     COMMON   BANK0
      Params:         0       0
      Locals:         0       0
      Temps:          2       0
      Totals:         2       0
Total ram usage:        2 bytes
 Hardware stack levels used:    1
 This function calls:
		Nothing
 This function is called by:
		Interrupt level 1
 This function uses a non-reentrant model



MODULE INFORMATION

Module		Function		Class		Link	Load	Size
timercar.C
		_DelayUs       		CODE           	00C1	0000	10
		_ISR           		CODE           	0070	0000	40
		_main          		CODE           	0016	0000	91
		_DelayMs       		CODE           	0097	0000	18
		_POWER_INITIAL 		CODE           	00A8	0000	17
		_TIMER0_INITIAL		CODE           	00B8	0000	10

timercar.C estimated size: 186

shared
		__initialization		CODE           	000B	0000	10

shared estimated size: 10

