Component: ARM Compiler 6.16 Tool: armlink [5dfeaa00]

==============================================================================

Section Cross References

    ft32f0xx_it.o(.ARM.exidx.text.NMI_Handler) refers to ft32f0xx_it.o(.text.NMI_Handler) for [Anonymous Symbol]
    ft32f0xx_it.o(.ARM.exidx.text.HardFault_Handler) refers to ft32f0xx_it.o(.text.HardFault_Handler) for [Anonymous Symbol]
    ft32f0xx_it.o(.ARM.exidx.text.SVC_Handler) refers to ft32f0xx_it.o(.text.SVC_Handler) for [Anonymous Symbol]
    ft32f0xx_it.o(.ARM.exidx.text.PendSV_Handler) refers to ft32f0xx_it.o(.text.PendSV_Handler) for [Anonymous Symbol]
    ft32f0xx_it.o(.ARM.exidx.text.SysTick_Handler) refers to ft32f0xx_it.o(.text.SysTick_Handler) for [Anonymous Symbol]
    main.o(.text.main) refers to main.o(.text.LED_Init) for LED_Init
    main.o(.text.main) refers to ft32f0xx_touch.o(i.TSC_Init) for TSC_Init
    main.o(.text.main) refers to ft32f0xx_touch.o(i.TSC_GetStrongest) for TSC_GetStrongest
    main.o(.text.main) refers to main.o(.text.KEY_Scan) for KEY_Scan
    main.o(.ARM.exidx.text.main) refers to main.o(.text.main) for [Anonymous Symbol]
    main.o(.text.LED_Init) refers to ft32f0xx_rcc.o(.text.RCC_AHBPeriphClockCmd) for RCC_AHBPeriphClockCmd
    main.o(.text.LED_Init) refers to ft32f0xx_gpio.o(.text.GPIO_Init) for GPIO_Init
    main.o(.ARM.exidx.text.LED_Init) refers to main.o(.text.LED_Init) for [Anonymous Symbol]
    main.o(.text.KEY_Scan) refers to ft32f0xx_gpio.o(.text.GPIO_ResetBits) for GPIO_ResetBits
    main.o(.text.KEY_Scan) refers to ft32f0xx_gpio.o(.text.GPIO_SetBits) for GPIO_SetBits
    main.o(.ARM.exidx.text.KEY_Scan) refers to main.o(.text.KEY_Scan) for [Anonymous Symbol]
    main.o(.text.ADC1_IRQHandler) refers to ft32f0xx_exti.o(.text.EXTI_GetITStatus) for EXTI_GetITStatus
    main.o(.text.ADC1_IRQHandler) refers to ft32f0xx_exti.o(.text.EXTI_ClearITPendingBit) for EXTI_ClearITPendingBit
    main.o(.text.ADC1_IRQHandler) refers to ft32f0xx_touch.o(i.TSC_Start) for TSC_Start
    main.o(.text.ADC1_IRQHandler) refers to ft32f0xx_touch.o(i.TSC_DataProcessing) for TSC_DataProcessing
    main.o(.ARM.exidx.text.ADC1_IRQHandler) refers to main.o(.text.ADC1_IRQHandler) for [Anonymous Symbol]
    ft32f0xx_comp.o(.ARM.exidx.text.COMP_DeInit) refers to ft32f0xx_comp.o(.text.COMP_DeInit) for [Anonymous Symbol]
    ft32f0xx_comp.o(.ARM.exidx.text.COMP_Init) refers to ft32f0xx_comp.o(.text.COMP_Init) for [Anonymous Symbol]
    ft32f0xx_comp.o(.ARM.exidx.text.COMP_StructInit) refers to ft32f0xx_comp.o(.text.COMP_StructInit) for [Anonymous Symbol]
    ft32f0xx_comp.o(.ARM.exidx.text.COMP_Cmd) refers to ft32f0xx_comp.o(.text.COMP_Cmd) for [Anonymous Symbol]
    ft32f0xx_comp.o(.ARM.exidx.text.COMP_GetOutputLevel) refers to ft32f0xx_comp.o(.text.COMP_GetOutputLevel) for [Anonymous Symbol]
    ft32f0xx_comp.o(.ARM.exidx.text.COMP_WindowCmd) refers to ft32f0xx_comp.o(.text.COMP_WindowCmd) for [Anonymous Symbol]
    ft32f0xx_comp.o(.ARM.exidx.text.COMP_LockConfig) refers to ft32f0xx_comp.o(.text.COMP_LockConfig) for [Anonymous Symbol]
    ft32f0xx_dma.o(.ARM.exidx.text.DMA_DeInit) refers to ft32f0xx_dma.o(.text.DMA_DeInit) for [Anonymous Symbol]
    ft32f0xx_dma.o(.ARM.exidx.text.DMA_Init) refers to ft32f0xx_dma.o(.text.DMA_Init) for [Anonymous Symbol]
    ft32f0xx_dma.o(.text.DMA_StructInit) refers to memseta.o(.text) for __aeabi_memclr4
    ft32f0xx_dma.o(.ARM.exidx.text.DMA_StructInit) refers to ft32f0xx_dma.o(.text.DMA_StructInit) for [Anonymous Symbol]
    ft32f0xx_dma.o(.ARM.exidx.text.DMA_Cmd) refers to ft32f0xx_dma.o(.text.DMA_Cmd) for [Anonymous Symbol]
    ft32f0xx_dma.o(.ARM.exidx.text.DMA_SetCurrDataCounter) refers to ft32f0xx_dma.o(.text.DMA_SetCurrDataCounter) for [Anonymous Symbol]
    ft32f0xx_dma.o(.ARM.exidx.text.DMA_GetCurrDataCounter) refers to ft32f0xx_dma.o(.text.DMA_GetCurrDataCounter) for [Anonymous Symbol]
    ft32f0xx_dma.o(.ARM.exidx.text.DMA_ITConfig) refers to ft32f0xx_dma.o(.text.DMA_ITConfig) for [Anonymous Symbol]
    ft32f0xx_dma.o(.ARM.exidx.text.DMA_GetFlagStatus) refers to ft32f0xx_dma.o(.text.DMA_GetFlagStatus) for [Anonymous Symbol]
    ft32f0xx_dma.o(.ARM.exidx.text.DMA_ClearFlag) refers to ft32f0xx_dma.o(.text.DMA_ClearFlag) for [Anonymous Symbol]
    ft32f0xx_dma.o(.ARM.exidx.text.DMA_GetITStatus) refers to ft32f0xx_dma.o(.text.DMA_GetITStatus) for [Anonymous Symbol]
    ft32f0xx_dma.o(.ARM.exidx.text.DMA_ClearITPendingBit) refers to ft32f0xx_dma.o(.text.DMA_ClearITPendingBit) for [Anonymous Symbol]
    ft32f0xx_exti.o(.ARM.exidx.text.EXTI_DeInit) refers to ft32f0xx_exti.o(.text.EXTI_DeInit) for [Anonymous Symbol]
    ft32f0xx_exti.o(.ARM.exidx.text.EXTI_Init) refers to ft32f0xx_exti.o(.text.EXTI_Init) for [Anonymous Symbol]
    ft32f0xx_exti.o(.ARM.exidx.text.EXTI_StructInit) refers to ft32f0xx_exti.o(.text.EXTI_StructInit) for [Anonymous Symbol]
[...]
    ft32f0xx_usart.o(.ARM.exidx.text.USART_ClearFlag) refers to ft32f0xx_usart.o(.text.USART_ClearFlag) for [Anonymous Symbol]
    ft32f0xx_usart.o(.ARM.exidx.text.USART_GetITStatus) refers to ft32f0xx_usart.o(.text.USART_GetITStatus) for [Anonymous Symbol]
    ft32f0xx_usart.o(.ARM.exidx.text.USART_ClearITPendingBit) refers to ft32f0xx_usart.o(.text.USART_ClearITPendingBit) for [Anonymous Symbol]
    startup_ft32f072xb.o(RESET) refers to startup_ft32f072xb.o(STACK) for __initial_sp
    startup_ft32f072xb.o(RESET) refers to startup_ft32f072xb.o(.text) for Reset_Handler
    startup_ft32f072xb.o(RESET) refers to ft32f0xx_it.o(.text.NMI_Handler) for NMI_Handler
    startup_ft32f072xb.o(RESET) refers to ft32f0xx_it.o(.text.HardFault_Handler) for HardFault_Handler
    startup_ft32f072xb.o(RESET) refers to ft32f0xx_it.o(.text.SVC_Handler) for SVC_Handler
    startup_ft32f072xb.o(RESET) refers to ft32f0xx_it.o(.text.PendSV_Handler) for PendSV_Handler
    startup_ft32f072xb.o(RESET) refers to ft32f0xx_it.o(.text.SysTick_Handler) for SysTick_Handler
    startup_ft32f072xb.o(RESET) refers to main.o(.text.ADC1_IRQHandler) for ADC1_IRQHandler
    startup_ft32f072xb.o(.text) refers to startup_ft32f072xb.o(STACK) for __initial_sp
    startup_ft32f072xb.o(.text) refers to system_ft32f0xx.o(.text.SystemInit) for SystemInit
    startup_ft32f072xb.o(.text) refers to entry.o(.ARM.Collect$$$$00000000) for __main
    system_ft32f0xx.o(.text.SystemInit) refers to system_ft32f0xx.o(.text.SetSysClock) for SetSysClock
    system_ft32f0xx.o(.ARM.exidx.text.SystemInit) refers to system_ft32f0xx.o(.text.SystemInit) for [Anonymous Symbol]
    system_ft32f0xx.o(.text.SetSysClock) refers to system_ft32f0xx.o(.text.SetSysClockTo72) for SetSysClockTo72
    system_ft32f0xx.o(.ARM.exidx.text.SetSysClock) refers to system_ft32f0xx.o(.text.SetSysClock) for [Anonymous Symbol]
    system_ft32f0xx.o(.text.SystemCoreClockUpdate) refers to uidiv_div0.o(.text) for __aeabi_uidiv
    system_ft32f0xx.o(.text.SystemCoreClockUpdate) refers to system_ft32f0xx.o(.data.SystemCoreClock) for SystemCoreClock
    system_ft32f0xx.o(.text.SystemCoreClockUpdate) refers to system_ft32f0xx.o(.rodata.AHBPrescTable) for AHBPrescTable
    system_ft32f0xx.o(.ARM.exidx.text.SystemCoreClockUpdate) refers to system_ft32f0xx.o(.text.SystemCoreClockUpdate) for [Anonymous Symbol]
    system_ft32f0xx.o(.ARM.exidx.text.SetSysClockTo72) refers to system_ft32f0xx.o(.text.SetSysClockTo72) for [Anonymous Symbol]
    ft32f0xx_touch.o(i.GroupIoModeOut) refers to main.o(.rodata.ucKeyEn) for ucKeyEn
    ft32f0xx_touch.o(i.GroupIoModeOut) refers to ft32f0xx_touch.o(.data) for ucKeyNumber
    ft32f0xx_touch.o(i.GroupIoModeOut) refers to touch.o(.constdata) for TSC_IONUM
    ft32f0xx_touch.o(i.Set_Baseline) refers to ft32f0xx_touch.o(.data) for ptTSC_Para
    ft32f0xx_touch.o(i.Set_Frequ) refers to touch.o(.data) for ucFrequ
    ft32f0xx_touch.o(i.TSC_DataProcessing) refers to uidiv_div0.o(.text) for __aeabi_uidivmod
    ft32f0xx_touch.o(i.TSC_DataProcessing) refers to idiv_div0.o(.text) for __aeabi_idivmod
    ft32f0xx_touch.o(i.TSC_DataProcessing) refers to ft32f0xx_touch.o(.data) for TOUCH_READ_OK
    ft32f0xx_touch.o(i.TSC_DataProcessing) refers to main.o(.rodata.ucMultiple) for ucMultiple
    ft32f0xx_touch.o(i.TSC_DataProcessing) refers to main.o(.rodata.ucSingleFilter) for ucSingleFilter
    ft32f0xx_touch.o(i.TSC_DataProcessing) refers to main.o(.rodata.ucStrongFilter) for ucStrongFilter
    ft32f0xx_touch.o(i.TSC_DataProcessing) refers to main.o(.rodata.ucSignalNoiseRatio) for ucSignalNoiseRatio
    ft32f0xx_touch.o(i.TSC_DataProcessing) refers to main.o(.rodata.ucBaselineDownSpeed) for ucBaselineDownSpeed
    ft32f0xx_touch.o(i.TSC_DataProcessing) refers to main.o(.rodata.ucBaselineUpSpeed) for ucBaselineUpSpeed
    ft32f0xx_touch.o(i.TSC_DataProcessing) refers to main.o(.rodata.ucBaselineEqualUpSpeed) for ucBaselineEqualUpSpeed
    ft32f0xx_touch.o(i.TSC_DataProcessing) refers to main.o(.rodata.ucBaselineEqualDownSpeed) for ucBaselineEqualDownSpeed
    ft32f0xx_touch.o(i.TSC_DataProcessing) refers to main.o(.rodata.ucKeyNumberMax) for ucKeyNumberMax
    ft32f0xx_touch.o(i.TSC_DataProcessing) refers to main.o(.rodata.ucMeantimeMaxKeyNum) for ucMeantimeMaxKeyNum
    ft32f0xx_touch.o(i.TSC_EnableKey) refers to ft32f0xx_touch.o(.data) for ptTSC_Para
    ft32f0xx_touch.o(i.TSC_GetDelta) refers to ft32f0xx_touch.o(.data) for ptTSC_Para
    ft32f0xx_touch.o(i.TSC_GetPrevData) refers to ft32f0xx_touch.o(.data) for ptTSC_Para
    ft32f0xx_touch.o(i.TSC_GetSingle) refers to ft32f0xx_touch.o(.data) for TK_OUT_SINGLE
    ft32f0xx_touch.o(i.TSC_GetStrongest) refers to ft32f0xx_touch.o(.data) for TK_OUT_strongest
    ft32f0xx_touch.o(i.TSC_Init) refers to ft32f0xx_touch.o(i.IO_Init) for IO_Init
    ft32f0xx_touch.o(i.TSC_Init) refers to touch.o(i.Touch_Init) for Touch_Init
    ft32f0xx_touch.o(i.TSC_Init) refers to touch.o(i.TIM1_Init) for TIM1_Init
    ft32f0xx_touch.o(i.TSC_Init) refers to touch.o(i.TIM16_Init) for TIM16_Init
    ft32f0xx_touch.o(i.TSC_Init) refers to touch.o(i.TIM3_Init) for TIM3_Init
    ft32f0xx_touch.o(i.TSC_Init) refers to touch.o(i.COMP1_DAC1_Init) for COMP1_DAC1_Init
    ft32f0xx_touch.o(i.TSC_Init) refers to malloc.o(i.malloc) for malloc
    ft32f0xx_touch.o(i.TSC_Init) refers to ft32f0xx_touch.o(i.TSC_EnableKey) for TSC_EnableKey
    ft32f0xx_touch.o(i.TSC_Init) refers to touch.o(i.JudgeGroupCharge) for JudgeGroupCharge
    ft32f0xx_touch.o(i.TSC_Init) refers to touch.o(.data) for McuVersion
    ft32f0xx_touch.o(i.TSC_Init) refers to ft32f0xx_touch.o(.data) for ucFreqChangeNumber
    ft32f0xx_touch.o(i.TSC_Init) refers to main.o(.rodata.ucKeyNumberMax) for ucKeyNumberMax
    ft32f0xx_touch.o(i.TSC_Init) refers to main.o(.rodata.ucSensitivityArray) for ucSensitivityArray
    ft32f0xx_touch.o(i.TSC_Init) refers to main.o(.rodata.ucKeyEn) for ucKeyEn
    ft32f0xx_touch.o(i.TSC_Reset) refers to ft32f0xx_touch.o(.data) for ucKeyPollingCount
    ft32f0xx_touch.o(i.TSC_SetBaseLine) refers to ft32f0xx_touch.o(.data) for ptTSC_Para
    ft32f0xx_touch.o(i.TSC_Start) refers to ft32f0xx_touch.o(i.GroupIoModeOut) for GroupIoModeOut
    ft32f0xx_touch.o(i.TSC_Start) refers to touch.o(i.TIM1_OFF) for TIM1_OFF
    ft32f0xx_touch.o(i.TSC_Start) refers to touch.o(i.TIM3_OFF) for TIM3_OFF
    ft32f0xx_touch.o(i.TSC_Start) refers to touch.o(i.TIM16_OFF) for TIM16_OFF
    ft32f0xx_touch.o(i.TSC_Start) refers to touch.o(i.JudgeGroupCharge) for JudgeGroupCharge
    ft32f0xx_touch.o(i.TSC_Start) refers to idiv_div0.o(.text) for __aeabi_idivmod
    ft32f0xx_touch.o(i.TSC_Start) refers to uidiv_div0.o(.text) for __aeabi_uidivmod
    ft32f0xx_touch.o(i.TSC_Start) refers to ft32f0xx_touch.o(.data) for ucKeyNumber
    ft32f0xx_touch.o(i.TSC_Start) refers to touch.o(.data) for ucFrequNum
    ft32f0xx_touch.o(i.TSC_Start) refers to main.o(.rodata.ucKeyEn) for ucKeyEn
    ft32f0xx_touch.o(i.TSC_Start) refers to main.o(.rodata.ucKeyNumberMax) for ucKeyNumberMax
    ft32f0xx_touch.o(i.TSC_Start) refers to main.o(.rodata.ucMultiple) for ucMultiple
    touch.o(i.GroupIoModeAnalog) refers to touch.o(.constdata) for TSC_IONUM
    touch.o(i.JudgeGroupCharge) refers to touch.o(i.GroupIoModeAnalog) for GroupIoModeAnalog
    touch.o(i.JudgeGroupCharge) refers to touch.o(i.TIM1_CH1_Init) for TIM1_CH1_Init
    touch.o(i.JudgeGroupCharge) refers to touch.o(i.COMP1_DAC1_Touch1) for COMP1_DAC1_Touch1
    touch.o(i.JudgeGroupCharge) refers to touch.o(i.Touch1_Charge) for Touch1_Charge
    touch.o(i.JudgeGroupCharge) refers to touch.o(i.TIM1_CH2_Init) for TIM1_CH2_Init
    touch.o(i.JudgeGroupCharge) refers to touch.o(i.COMP1_DAC1_Touch2) for COMP1_DAC1_Touch2
    touch.o(i.JudgeGroupCharge) refers to touch.o(i.Touch2_Charge) for Touch2_Charge
    touch.o(i.JudgeGroupCharge) refers to touch.o(i.TIM1_CH3_Init) for TIM1_CH3_Init
    touch.o(i.JudgeGroupCharge) refers to touch.o(i.COMP1_DAC1_Touch3) for COMP1_DAC1_Touch3
    touch.o(i.JudgeGroupCharge) refers to touch.o(i.Touch3_Charge) for Touch3_Charge
    touch.o(i.JudgeGroupCharge) refers to touch.o(i.TIM16_CH1_Init) for TIM16_CH1_Init
    touch.o(i.JudgeGroupCharge) refers to touch.o(i.Touch_Charge) for Touch_Charge
    touch.o(i.JudgeGroupCharge) refers to touch.o(.data) for McuVersion
    touch.o(i.TIM16_CH1_Init) refers to touch.o(.data) for ucFrequ
    touch.o(i.TIM1_CH1_Init) refers to touch.o(.data) for ucFrequ
    touch.o(i.TIM1_CH2_Init) refers to touch.o(.data) for ucFrequ
    touch.o(i.TIM1_CH3_Init) refers to touch.o(.data) for ucFrequ
    touch.o(i.Touch1_Charge) refers to touch.o(i.__set_PRIMASK) for __set_PRIMASK
    touch.o(i.Touch1_Charge) refers to touch.o(i.TIM1_ON) for TIM1_ON
    touch.o(i.Touch1_Charge) refers to touch.o(i.TIM3_ON) for TIM3_ON
    touch.o(i.Touch2_Charge) refers to touch.o(i.__set_PRIMASK) for __set_PRIMASK
    touch.o(i.Touch2_Charge) refers to touch.o(i.TIM1_ON) for TIM1_ON
    touch.o(i.Touch2_Charge) refers to touch.o(i.TIM3_ON) for TIM3_ON
    touch.o(i.Touch3_Charge) refers to touch.o(i.__set_PRIMASK) for __set_PRIMASK
    touch.o(i.Touch3_Charge) refers to touch.o(i.TIM1_ON) for TIM1_ON
    touch.o(i.Touch3_Charge) refers to touch.o(i.TIM3_ON) for TIM3_ON
    touch.o(i.Touch_Charge) refers to touch.o(i.__set_PRIMASK) for __set_PRIMASK
    touch.o(i.Touch_Charge) refers to touch.o(i.TIM16_ON) for TIM16_ON
    touch.o(i.Touch_Charge) refers to touch.o(i.TIM3_ON) for TIM3_ON
    touch.o(i.Touch_Init) refers to touch.o(.data) for McuVersion
    entry.o(.ARM.Collect$$$$00000000) refers (Special) to entry10a.o(.ARM.Collect$$$$0000000D) for __rt_final_cpp
    entry.o(.ARM.Collect$$$$00000000) refers (Special) to entry11a.o(.ARM.Collect$$$$0000000F) for __rt_final_exit
    entry.o(.ARM.Collect$$$$00000000) refers (Special) to entry7b.o(.ARM.Collect$$$$00000008) for _main_clock
    entry.o(.ARM.Collect$$$$00000000) refers (Special) to entry8b.o(.ARM.Collect$$$$0000000A) for _main_cpp_init
    entry.o(.ARM.Collect$$$$00000000) refers (Special) to entry9a.o(.ARM.Collect$$$$0000000B) for _main_init
    entry.o(.ARM.Collect$$$$00000000) refers (Special) to entry5.o(.ARM.Collect$$$$00000004) for _main_scatterload
    entry.o(.ARM.Collect$$$$00000000) refers (Special) to entry2.o(.ARM.Collect$$$$00000001) for _main_stk
    idiv.o(.text) refers to uidiv_div0.o(.text) for __aeabi_uidivmod
    malloc.o(i.free) refers to mvars.o(.data) for __microlib_freelist
    malloc.o(i.malloc) refers to mvars.o(.data) for __microlib_freelist_initialised
    malloc.o(i.malloc) refers to mvars.o(.data) for __microlib_freelist
    malloc.o(i.malloc) refers to startup_ft32f072xb.o(HEAP) for __heap_base
    mallocr.o(i.__free$realloc) refers to mvars.o(.data) for __microlib_freelist
    mallocr.o(i.__malloc$realloc) refers to mallocr.o(i.internal_alloc) for internal_alloc
    mallocr.o(i.__malloc$realloc) refers to mvars.o(.data) for __microlib_freelist_initialised
    mallocr.o(i.__malloc$realloc) refers to startup_ft32f072xb.o(HEAP) for __heap_base
    mallocr.o(i.__malloc$realloc) refers to mvars.o(.data) for __microlib_freelist
    mallocr.o(i.internal_alloc) refers to memcpya.o(.text) for __aeabi_memcpy
    mallocr.o(i.internal_alloc) refers to mvars.o(.data) for __microlib_freelist
    mallocr.o(i.realloc) refers to mallocr.o(i.__free$realloc) for __free$realloc
    mallocr.o(i.realloc) refers to mallocr.o(i.internal_alloc) for internal_alloc
    mallocr.o(i.realloc) refers to mallocr.o(i.__malloc$realloc) for __malloc$realloc
    mallocr.o(i.realloc) refers to mvars.o(.data) for __microlib_freelist
    malloca.o(i.__aligned_malloc) refers to mvars.o(.data) for __microlib_freelist
    malloca.o(i.__aligned_malloc) refers to mvars.o(.data) for __microlib_freelist_initialised
    malloca.o(i.__aligned_malloc) refers to startup_ft32f072xb.o(HEAP) for __heap_base
    malloca.o(i.__free$memalign) refers to mvars.o(.data) for __microlib_freelist
    malloca.o(i.__malloc$memalign) refers to malloca.o(i.__aligned_malloc) for __aligned_malloc
    mallocra.o(i.__aligned_malloc$realloc) refers to mallocra.o(i.internal_alloc) for internal_alloc
    mallocra.o(i.__aligned_malloc$realloc) refers to startup_ft32f072xb.o(HEAP) for __heap_base
    mallocra.o(i.__aligned_malloc$realloc) refers to mvars.o(.data) for __microlib_freelist
    mallocra.o(i.__aligned_malloc$realloc) refers to mvars.o(.data) for __microlib_freelist_initialised
    mallocra.o(i.__free$realloc$memalign) refers to mvars.o(.data) for __microlib_freelist
    mallocra.o(i.__malloc$realloc$memalign) refers to mallocra.o(i.__aligned_malloc$realloc) for __aligned_malloc$realloc
    mallocra.o(i.__realloc$memalign) refers to mallocra.o(i.__free$realloc$memalign) for __free$realloc$memalign
    mallocra.o(i.__realloc$memalign) refers to mallocra.o(i.internal_alloc) for internal_alloc
    mallocra.o(i.__realloc$memalign) refers to mallocra.o(i.__malloc$realloc$memalign) for __malloc$realloc$memalign
    mallocra.o(i.__realloc$memalign) refers to mvars.o(.data) for __microlib_freelist
    mallocra.o(i.internal_alloc) refers to memcpya.o(.text) for __aeabi_memcpy
    mallocra.o(i.internal_alloc) refers to mvars.o(.data) for __microlib_freelist
    entry2.o(.ARM.Collect$$$$00000001) refers to entry2.o(.ARM.Collect$$$$00002712) for __lit__00000000
    entry2.o(.ARM.Collect$$$$00002712) refers to startup_ft32f072xb.o(STACK) for __initial_sp
    entry2.o(__vectab_stack_and_reset_area) refers to startup_ft32f072xb.o(STACK) for __initial_sp
    entry2.o(__vectab_stack_and_reset_area) refers to entry.o(.ARM.Collect$$$$00000000) for __main
    entry5.o(.ARM.Collect$$$$00000004) refers to init.o(.text) for __scatterload
    entry9a.o(.ARM.Collect$$$$0000000B) refers to main.o(.text.main) for main
    entry9b.o(.ARM.Collect$$$$0000000C) refers to main.o(.text.main) for main
    idiv_div0.o(.text) refers to uidiv_div0.o(.text) for __aeabi_uidivmod
    init.o(.text) refers to entry5.o(.ARM.Collect$$$$00000004) for __main_after_scatterload


==============================================================================

Removing Unused input sections from the image.

    Removing ft32f0xx_it.o(.text), (0 bytes).
    Removing ft32f0xx_it.o(.ARM.exidx.text.NMI_Handler), (8 bytes).
    Removing ft32f0xx_it.o(.ARM.exidx.text.HardFault_Handler), (8 bytes).
    Removing ft32f0xx_it.o(.ARM.exidx.text.SVC_Handler), (8 bytes).
    Removing ft32f0xx_it.o(.ARM.exidx.text.PendSV_Handler), (8 bytes).
    Removing ft32f0xx_it.o(.ARM.exidx.text.SysTick_Handler), (8 bytes).
    Removing main.o(.text), (0 bytes).
    Removing main.o(.ARM.exidx.text.main), (8 bytes).
    Removing main.o(.ARM.exidx.text.LED_Init), (8 bytes).
    Removing main.o(.ARM.exidx.text.KEY_Scan), (8 bytes).
    Removing main.o(.ARM.exidx.text.ADC1_IRQHandler), (8 bytes).
    Removing main.o(.rodata.ucKeyScanEffNumber), (1 bytes).
    Removing main.o(.ARM.use_no_argv), (4 bytes).
    Removing ft32f0xx_comp.o(.text), (0 bytes).
    Removing ft32f0xx_comp.o(.text.COMP_DeInit), (12 bytes).
    Removing ft32f0xx_comp.o(.ARM.exidx.text.COMP_DeInit), (8 bytes).
    Removing ft32f0xx_comp.o(.text.COMP_Init), (40 bytes).
    Removing ft32f0xx_comp.o(.ARM.exidx.text.COMP_Init), (8 bytes).
    Removing ft32f0xx_comp.o(.text.COMP_StructInit), (20 bytes).
    Removing ft32f0xx_comp.o(.ARM.exidx.text.COMP_StructInit), (8 bytes).
    Removing ft32f0xx_comp.o(.text.COMP_Cmd), (32 bytes).
    Removing ft32f0xx_comp.o(.ARM.exidx.text.COMP_Cmd), (8 bytes).
    Removing ft32f0xx_comp.o(.text.COMP_GetOutputLevel), (28 bytes).
    Removing ft32f0xx_comp.o(.ARM.exidx.text.COMP_GetOutputLevel), (8 bytes).
    Removing ft32f0xx_comp.o(.text.COMP_WindowCmd), (28 bytes).
    Removing ft32f0xx_comp.o(.ARM.exidx.text.COMP_WindowCmd), (8 bytes).
    Removing ft32f0xx_comp.o(.text.COMP_LockConfig), (24 bytes).
    Removing ft32f0xx_comp.o(.ARM.exidx.text.COMP_LockConfig), (8 bytes).
    Removing ft32f0xx_dma.o(.text), (0 bytes).
    Removing ft32f0xx_dma.o(.text.DMA_DeInit), (120 bytes).
    Removing ft32f0xx_dma.o(.ARM.exidx.text.DMA_DeInit), (8 bytes).
    Removing ft32f0xx_dma.o(.text.DMA_Init), (60 bytes).
    Removing ft32f0xx_dma.o(.ARM.exidx.text.DMA_Init), (8 bytes).
    Removing ft32f0xx_dma.o(.text.DMA_StructInit), (10 bytes).
    Removing ft32f0xx_dma.o(.ARM.exidx.text.DMA_StructInit), (8 bytes).
    Removing ft32f0xx_dma.o(.text.DMA_Cmd), (28 bytes).
    Removing ft32f0xx_dma.o(.ARM.exidx.text.DMA_Cmd), (8 bytes).
    Removing ft32f0xx_dma.o(.text.DMA_SetCurrDataCounter), (4 bytes).
    Removing ft32f0xx_dma.o(.ARM.exidx.text.DMA_SetCurrDataCounter), (8 bytes).
    Removing ft32f0xx_dma.o(.text.DMA_GetCurrDataCounter), (6 bytes).
    Removing ft32f0xx_dma.o(.ARM.exidx.text.DMA_GetCurrDataCounter), (8 bytes).
    Removing ft32f0xx_dma.o(.text.DMA_ITConfig), (20 bytes).
    Removing ft32f0xx_dma.o(.ARM.exidx.text.DMA_ITConfig), (8 bytes).
    Removing ft32f0xx_dma.o(.text.DMA_GetFlagStatus), (28 bytes).
    Removing ft32f0xx_dma.o(.ARM.exidx.text.DMA_GetFlagStatus), (8 bytes).
    Removing ft32f0xx_dma.o(.text.DMA_ClearFlag), (16 bytes).
    Removing ft32f0xx_dma.o(.ARM.exidx.text.DMA_ClearFlag), (8 bytes).
    Removing ft32f0xx_dma.o(.text.DMA_GetITStatus), (28 bytes).
    Removing ft32f0xx_dma.o(.ARM.exidx.text.DMA_GetITStatus), (8 bytes).
    Removing ft32f0xx_dma.o(.text.DMA_ClearITPendingBit), (16 bytes).
    Removing ft32f0xx_dma.o(.ARM.exidx.text.DMA_ClearITPendingBit), (8 bytes).
    Removing ft32f0xx_exti.o(.text), (0 bytes).
    Removing ft32f0xx_exti.o(.text.EXTI_DeInit), (32 bytes).
    Removing ft32f0xx_exti.o(.ARM.exidx.text.EXTI_DeInit), (8 bytes).
    Removing ft32f0xx_exti.o(.text.EXTI_Init), (96 bytes).
    Removing ft32f0xx_exti.o(.ARM.exidx.text.EXTI_Init), (8 bytes).
    Removing ft32f0xx_exti.o(.text.EXTI_StructInit), (14 bytes).
    Removing ft32f0xx_exti.o(.ARM.exidx.text.EXTI_StructInit), (8 bytes).
    Removing ft32f0xx_exti.o(.text.EXTI_GenerateSWInterrupt), (16 bytes).
    Removing ft32f0xx_exti.o(.ARM.exidx.text.EXTI_GenerateSWInterrupt), (8 bytes).
    Removing ft32f0xx_exti.o(.text.EXTI_GetFlagStatus), (20 bytes).
    Removing ft32f0xx_exti.o(.ARM.exidx.text.EXTI_GetFlagStatus), (8 bytes).
    Removing ft32f0xx_exti.o(.text.EXTI_ClearFlag), (12 bytes).
    Removing ft32f0xx_exti.o(.ARM.exidx.text.EXTI_ClearFlag), (8 bytes).
    Removing ft32f0xx_exti.o(.ARM.exidx.text.EXTI_GetITStatus), (8 bytes).
    Removing ft32f0xx_exti.o(.ARM.exidx.text.EXTI_ClearITPendingBit), (8 bytes).
    Removing ft32f0xx_flash.o(.text), (0 bytes).
    Removing ft32f0xx_flash.o(.text.FLASH_SetLatency), (20 bytes).
    Removing ft32f0xx_flash.o(.ARM.exidx.text.FLASH_SetLatency), (8 bytes).
    Removing ft32f0xx_flash.o(.text.FLASH_PrefetchBufferCmd), (24 bytes).
    Removing ft32f0xx_flash.o(.ARM.exidx.text.FLASH_PrefetchBufferCmd), (8 bytes).
    Removing ft32f0xx_flash.o(.text.FLASH_GetPrefetchBufferStatus), (16 bytes).
    Removing ft32f0xx_flash.o(.ARM.exidx.text.FLASH_GetPrefetchBufferStatus), (8 bytes).
    Removing ft32f0xx_flash.o(.text.FLASH_Unlock), (32 bytes).
    Removing ft32f0xx_flash.o(.ARM.exidx.text.FLASH_Unlock), (8 bytes).
    Removing ft32f0xx_flash.o(.text.FLASH_Lock), (16 bytes).
    Removing ft32f0xx_flash.o(.ARM.exidx.text.FLASH_Lock), (8 bytes).
    Removing ft32f0xx_flash.o(.text.FLASH_ErasePage), (84 bytes).
    Removing ft32f0xx_flash.o(.ARM.exidx.text.FLASH_ErasePage), (8 bytes).
    Removing ft32f0xx_flash.o(.text.FLASH_WaitForLastOperation), (52 bytes).
    Removing ft32f0xx_flash.o(.ARM.exidx.text.FLASH_WaitForLastOperation), (8 bytes).
    Removing ft32f0xx_flash.o(.text.FLASH_EraseAllPages), (80 bytes).
    Removing ft32f0xx_flash.o(.ARM.exidx.text.FLASH_EraseAllPages), (8 bytes).
    Removing ft32f0xx_flash.o(.text.FLASH_ProgramWord), (84 bytes).
    Removing ft32f0xx_flash.o(.ARM.exidx.text.FLASH_ProgramWord), (8 bytes).
    Removing ft32f0xx_flash.o(.text.FLASH_OB_Unlock), (32 bytes).
    Removing ft32f0xx_flash.o(.ARM.exidx.text.FLASH_OB_Unlock), (8 bytes).
    Removing ft32f0xx_flash.o(.text.FLASH_OB_Lock), (20 bytes).
    Removing ft32f0xx_flash.o(.ARM.exidx.text.FLASH_OB_Lock), (8 bytes).
    Removing ft32f0xx_flash.o(.text.FLASH_OB_Launch), (20 bytes).
    Removing ft32f0xx_flash.o(.ARM.exidx.text.FLASH_OB_Launch), (8 bytes).
    Removing ft32f0xx_flash.o(.text.FLASH_OB_Erase), (132 bytes).
    Removing ft32f0xx_flash.o(.ARM.exidx.text.FLASH_OB_Erase), (8 bytes).
    Removing ft32f0xx_flash.o(.text.FLASH_OB_GetRDP), (20 bytes).
    Removing ft32f0xx_flash.o(.ARM.exidx.text.FLASH_OB_GetRDP), (8 bytes).
    Removing ft32f0xx_flash.o(.text.FLASH_OB_EnableWRP), (164 bytes).
    Removing ft32f0xx_flash.o(.ARM.exidx.text.FLASH_OB_EnableWRP), (8 bytes).
    Removing ft32f0xx_flash.o(.text.FLASH_OB_RDPConfig), (136 bytes).
    Removing ft32f0xx_flash.o(.ARM.exidx.text.FLASH_OB_RDPConfig), (8 bytes).
    Removing ft32f0xx_flash.o(.text.FLASH_OB_UserConfig), (140 bytes).
    Removing ft32f0xx_flash.o(.ARM.exidx.text.FLASH_OB_UserConfig), (8 bytes).
    Removing ft32f0xx_flash.o(.text.FLASH_OB_BOOTConfig), (128 bytes).
    Removing ft32f0xx_flash.o(.ARM.exidx.text.FLASH_OB_BOOTConfig), (8 bytes).
    Removing ft32f0xx_flash.o(.text.FLASH_OB_VDDAConfig), (128 bytes).
    Removing ft32f0xx_flash.o(.ARM.exidx.text.FLASH_OB_VDDAConfig), (8 bytes).
    Removing ft32f0xx_flash.o(.text.FLASH_OB_SRAMParityConfig), (132 bytes).
    Removing ft32f0xx_flash.o(.ARM.exidx.text.FLASH_OB_SRAMParityConfig), (8 bytes).
    Removing ft32f0xx_flash.o(.text.FLASH_OB_WriteUser), (120 bytes).
    Removing ft32f0xx_flash.o(.ARM.exidx.text.FLASH_OB_WriteUser), (8 bytes).
    Removing ft32f0xx_flash.o(.text.FLASH_OB_ProgramData), (60 bytes).
    Removing ft32f0xx_flash.o(.ARM.exidx.text.FLASH_OB_ProgramData), (8 bytes).
    Removing ft32f0xx_flash.o(.text.FLASH_OB_GetUser), (16 bytes).
    Removing ft32f0xx_flash.o(.ARM.exidx.text.FLASH_OB_GetUser), (8 bytes).
    Removing ft32f0xx_flash.o(.text.FLASH_OB_GetWRP), (12 bytes).
    Removing ft32f0xx_flash.o(.ARM.exidx.text.FLASH_OB_GetWRP), (8 bytes).
    Removing ft32f0xx_flash.o(.text.FLASH_ITConfig), (28 bytes).
    Removing ft32f0xx_flash.o(.ARM.exidx.text.FLASH_ITConfig), (8 bytes).
    Removing ft32f0xx_flash.o(.text.FLASH_GetFlagStatus), (20 bytes).
    Removing ft32f0xx_flash.o(.ARM.exidx.text.FLASH_GetFlagStatus), (8 bytes).
    Removing ft32f0xx_flash.o(.text.FLASH_ClearFlag), (12 bytes).
    Removing ft32f0xx_flash.o(.ARM.exidx.text.FLASH_ClearFlag), (8 bytes).
    Removing ft32f0xx_flash.o(.text.FLASH_GetStatus), (40 bytes).
    Removing ft32f0xx_flash.o(.ARM.exidx.text.FLASH_GetStatus), (8 bytes).
    Removing ft32f0xx_gpio.o(.text), (0 bytes).
    Removing ft32f0xx_gpio.o(.text.GPIO_DeInit), (76 bytes).
    Removing ft32f0xx_gpio.o(.ARM.exidx.text.GPIO_DeInit), (8 bytes).
    Removing ft32f0xx_gpio.o(.ARM.exidx.text.GPIO_Init), (8 bytes).
    Removing ft32f0xx_gpio.o(.text.GPIO_StructInit), (16 bytes).
    Removing ft32f0xx_gpio.o(.ARM.exidx.text.GPIO_StructInit), (8 bytes).
    Removing ft32f0xx_gpio.o(.text.GPIO_PinLockConfig), (36 bytes).
    Removing ft32f0xx_gpio.o(.ARM.exidx.text.GPIO_PinLockConfig), (8 bytes).
    Removing ft32f0xx_gpio.o(.text.GPIO_ReadInputDataBit), (10 bytes).
    Removing ft32f0xx_gpio.o(.ARM.exidx.text.GPIO_ReadInputDataBit), (8 bytes).
    Removing ft32f0xx_gpio.o(.text.GPIO_ReadInputData), (4 bytes).
    Removing ft32f0xx_gpio.o(.ARM.exidx.text.GPIO_ReadInputData), (8 bytes).
    Removing ft32f0xx_gpio.o(.text.GPIO_ReadOutputDataBit), (10 bytes).
    Removing ft32f0xx_gpio.o(.ARM.exidx.text.GPIO_ReadOutputDataBit), (8 bytes).
    Removing ft32f0xx_gpio.o(.text.GPIO_ReadOutputData), (4 bytes).
    Removing ft32f0xx_gpio.o(.ARM.exidx.text.GPIO_ReadOutputData), (8 bytes).
    Removing ft32f0xx_gpio.o(.ARM.exidx.text.GPIO_SetBits), (8 bytes).
    Removing ft32f0xx_gpio.o(.ARM.exidx.text.GPIO_ResetBits), (8 bytes).
    Removing ft32f0xx_gpio.o(.text.GPIO_WriteBit), (12 bytes).
    Removing ft32f0xx_gpio.o(.ARM.exidx.text.GPIO_WriteBit), (8 bytes).
    Removing ft32f0xx_gpio.o(.text.GPIO_Write), (4 bytes).
    Removing ft32f0xx_gpio.o(.ARM.exidx.text.GPIO_Write), (8 bytes).
    Removing ft32f0xx_gpio.o(.text.GPIO_PinAFConfig), (32 bytes).
    Removing ft32f0xx_gpio.o(.ARM.exidx.text.GPIO_PinAFConfig), (8 bytes).
    Removing ft32f0xx_gpio.o(.text.GPIO_LedmConfig), (8 bytes).
    Removing ft32f0xx_gpio.o(.ARM.exidx.text.GPIO_LedmConfig), (8 bytes).
    Removing ft32f0xx_misc.o(.text), (0 bytes).
    Removing ft32f0xx_misc.o(.text.NVIC_Init), (80 bytes).
    Removing ft32f0xx_misc.o(.ARM.exidx.text.NVIC_Init), (8 bytes).
    Removing ft32f0xx_misc.o(.text.NVIC_SystemLPConfig), (28 bytes).
    Removing ft32f0xx_misc.o(.ARM.exidx.text.NVIC_SystemLPConfig), (8 bytes).
    Removing ft32f0xx_misc.o(.text.SysTick_CLKSourceConfig), (28 bytes).
    Removing ft32f0xx_misc.o(.ARM.exidx.text.SysTick_CLKSourceConfig), (8 bytes).
    Removing ft32f0xx_rcc.o(.text), (0 bytes).
    Removing ft32f0xx_rcc.o(.text.RCC_DeInit), (88 bytes).
    Removing ft32f0xx_rcc.o(.ARM.exidx.text.RCC_DeInit), (8 bytes).
    Removing ft32f0xx_rcc.o(.text.RCC_HSEConfig), (16 bytes).
    Removing ft32f0xx_rcc.o(.ARM.exidx.text.RCC_HSEConfig), (8 bytes).
    Removing ft32f0xx_rcc.o(.text.RCC_WaitForHSEStartUp), (48 bytes).
    Removing ft32f0xx_rcc.o(.ARM.exidx.text.RCC_WaitForHSEStartUp), (8 bytes).
    Removing ft32f0xx_rcc.o(.text.RCC_GetFlagStatus), (44 bytes).
    Removing ft32f0xx_rcc.o(.ARM.exidx.text.RCC_GetFlagStatus), (8 bytes).
    Removing ft32f0xx_rcc.o(.text.RCC_AdjustHSICalibrationValue), (20 bytes).
    Removing ft32f0xx_rcc.o(.ARM.exidx.text.RCC_AdjustHSICalibrationValue), (8 bytes).
    Removing ft32f0xx_rcc.o(.text.RCC_HSICmd), (24 bytes).
    Removing ft32f0xx_rcc.o(.ARM.exidx.text.RCC_HSICmd), (8 bytes).
    Removing ft32f0xx_rcc.o(.text.RCC_AdjustHSI14CalibrationValue), (20 bytes).
    Removing ft32f0xx_rcc.o(.ARM.exidx.text.RCC_AdjustHSI14CalibrationValue), (8 bytes).
    Removing ft32f0xx_rcc.o(.text.RCC_HSI14Cmd), (24 bytes).
    Removing ft32f0xx_rcc.o(.ARM.exidx.text.RCC_HSI14Cmd), (8 bytes).
    Removing ft32f0xx_rcc.o(.text.RCC_HSI14ADCRequestCmd), (24 bytes).
    Removing ft32f0xx_rcc.o(.ARM.exidx.text.RCC_HSI14ADCRequestCmd), (8 bytes).
    Removing ft32f0xx_rcc.o(.text.RCC_LSEConfig), (32 bytes).
    Removing ft32f0xx_rcc.o(.ARM.exidx.text.RCC_LSEConfig), (8 bytes).
    Removing ft32f0xx_rcc.o(.text.RCC_LSEDriveConfig), (24 bytes).
    Removing ft32f0xx_rcc.o(.ARM.exidx.text.RCC_LSEDriveConfig), (8 bytes).
    Removing ft32f0xx_rcc.o(.text.RCC_LSICmd), (24 bytes).
    Removing ft32f0xx_rcc.o(.ARM.exidx.text.RCC_LSICmd), (8 bytes).
    Removing ft32f0xx_rcc.o(.text.RCC_PLLConfig), (28 bytes).
    Removing ft32f0xx_rcc.o(.ARM.exidx.text.RCC_PLLConfig), (8 bytes).
    Removing ft32f0xx_rcc.o(.text.RCC_PLLCmd), (28 bytes).
    Removing ft32f0xx_rcc.o(.ARM.exidx.text.RCC_PLLCmd), (8 bytes).
    Removing ft32f0xx_rcc.o(.text.RCC_HSI48Cmd), (28 bytes).
    Removing ft32f0xx_rcc.o(.ARM.exidx.text.RCC_HSI48Cmd), (8 bytes).
    Removing ft32f0xx_rcc.o(.text.RCC_PREDIV1Config), (20 bytes).
    Removing ft32f0xx_rcc.o(.ARM.exidx.text.RCC_PREDIV1Config), (8 bytes).
    Removing ft32f0xx_rcc.o(.text.RCC_ClockSecuritySystemCmd), (28 bytes).
    Removing ft32f0xx_rcc.o(.ARM.exidx.text.RCC_ClockSecuritySystemCmd), (8 bytes).
    Removing ft32f0xx_rcc.o(.text.RCC_MCOConfig), (28 bytes).
    Removing ft32f0xx_rcc.o(.ARM.exidx.text.RCC_MCOConfig), (8 bytes).
    Removing ft32f0xx_rcc.o(.text.RCC_SYSCLKConfig), (20 bytes).
    Removing ft32f0xx_rcc.o(.ARM.exidx.text.RCC_SYSCLKConfig), (8 bytes).
    Removing ft32f0xx_rcc.o(.text.RCC_GetSYSCLKSource), (16 bytes).
    Removing ft32f0xx_rcc.o(.ARM.exidx.text.RCC_GetSYSCLKSource), (8 bytes).
    Removing ft32f0xx_rcc.o(.text.RCC_HCLKConfig), (20 bytes).
    Removing ft32f0xx_rcc.o(.ARM.exidx.text.RCC_HCLKConfig), (8 bytes).
    Removing ft32f0xx_rcc.o(.text.RCC_PCLKConfig), (20 bytes).
    Removing ft32f0xx_rcc.o(.ARM.exidx.text.RCC_PCLKConfig), (8 bytes).
    Removing ft32f0xx_rcc.o(.text.RCC_ADCCLKConfig), (44 bytes).
    Removing ft32f0xx_rcc.o(.ARM.exidx.text.RCC_ADCCLKConfig), (8 bytes).
    Removing ft32f0xx_rcc.o(.text.RCC_I2CCLKConfig), (24 bytes).
    Removing ft32f0xx_rcc.o(.ARM.exidx.text.RCC_I2CCLKConfig), (8 bytes).
    Removing ft32f0xx_rcc.o(.text.RCC_USARTCLKConfig), (28 bytes).
    Removing ft32f0xx_rcc.o(.ARM.exidx.text.RCC_USARTCLKConfig), (8 bytes).
    Removing ft32f0xx_rcc.o(.text.RCC_USBCLKConfig), (24 bytes).
    Removing ft32f0xx_rcc.o(.ARM.exidx.text.RCC_USBCLKConfig), (8 bytes).
    Removing ft32f0xx_rcc.o(.text.RCC_GetClocksFreq), (236 bytes).
    Removing ft32f0xx_rcc.o(.ARM.exidx.text.RCC_GetClocksFreq), (8 bytes).
    Removing ft32f0xx_rcc.o(.text.RCC_RTCCLKConfig), (16 bytes).
    Removing ft32f0xx_rcc.o(.ARM.exidx.text.RCC_RTCCLKConfig), (8 bytes).
    Removing ft32f0xx_rcc.o(.text.RCC_RTCCLKCmd), (28 bytes).
    Removing ft32f0xx_rcc.o(.ARM.exidx.text.RCC_RTCCLKCmd), (8 bytes).
    Removing ft32f0xx_rcc.o(.text.RCC_BackupResetCmd), (28 bytes).
    Removing ft32f0xx_rcc.o(.ARM.exidx.text.RCC_BackupResetCmd), (8 bytes).
    Removing ft32f0xx_rcc.o(.ARM.exidx.text.RCC_AHBPeriphClockCmd), (8 bytes).
    Removing ft32f0xx_rcc.o(.text.RCC_APB2PeriphClockCmd), (28 bytes).
    Removing ft32f0xx_rcc.o(.ARM.exidx.text.RCC_APB2PeriphClockCmd), (8 bytes).
    Removing ft32f0xx_rcc.o(.text.RCC_APB1PeriphClockCmd), (28 bytes).
    Removing ft32f0xx_rcc.o(.ARM.exidx.text.RCC_APB1PeriphClockCmd), (8 bytes).
    Removing ft32f0xx_rcc.o(.text.RCC_AHBPeriphResetCmd), (28 bytes).
    Removing ft32f0xx_rcc.o(.ARM.exidx.text.RCC_AHBPeriphResetCmd), (8 bytes).
    Removing ft32f0xx_rcc.o(.text.RCC_APB2PeriphResetCmd), (28 bytes).
    Removing ft32f0xx_rcc.o(.ARM.exidx.text.RCC_APB2PeriphResetCmd), (8 bytes).
    Removing ft32f0xx_rcc.o(.text.RCC_APB1PeriphResetCmd), (28 bytes).
    Removing ft32f0xx_rcc.o(.ARM.exidx.text.RCC_APB1PeriphResetCmd), (8 bytes).
    Removing ft32f0xx_rcc.o(.text.RCC_ITConfig), (28 bytes).
    Removing ft32f0xx_rcc.o(.ARM.exidx.text.RCC_ITConfig), (8 bytes).
    Removing ft32f0xx_rcc.o(.text.RCC_ClearFlag), (20 bytes).
    Removing ft32f0xx_rcc.o(.ARM.exidx.text.RCC_ClearFlag), (8 bytes).
    Removing ft32f0xx_rcc.o(.text.RCC_GetITStatus), (20 bytes).
    Removing ft32f0xx_rcc.o(.ARM.exidx.text.RCC_GetITStatus), (8 bytes).
    Removing ft32f0xx_rcc.o(.text.RCC_ClearITPendingBit), (12 bytes).
    Removing ft32f0xx_rcc.o(.ARM.exidx.text.RCC_ClearITPendingBit), (8 bytes).
    Removing ft32f0xx_rcc.o(.rodata.APBAHBPrescTable), (16 bytes).
    Removing ft32f0xx_tim.o(.text), (0 bytes).
    Removing ft32f0xx_tim.o(.text.TIM_DeInit), (176 bytes).
    Removing ft32f0xx_tim.o(.ARM.exidx.text.TIM_DeInit), (8 bytes).
    Removing ft32f0xx_tim.o(.text.TIM_TimeBaseInit), (112 bytes).
    Removing ft32f0xx_tim.o(.ARM.exidx.text.TIM_TimeBaseInit), (8 bytes).
    Removing ft32f0xx_tim.o(.text.TIM_TimeBaseStructInit), (12 bytes).
    Removing ft32f0xx_tim.o(.ARM.exidx.text.TIM_TimeBaseStructInit), (8 bytes).
    Removing ft32f0xx_tim.o(.text.TIM_PrescalerConfig), (6 bytes).
    Removing ft32f0xx_tim.o(.ARM.exidx.text.TIM_PrescalerConfig), (8 bytes).
    Removing ft32f0xx_tim.o(.text.TIM_CounterModeConfig), (12 bytes).
    Removing ft32f0xx_tim.o(.ARM.exidx.text.TIM_CounterModeConfig), (8 bytes).
    Removing ft32f0xx_tim.o(.text.TIM_SetCounter), (4 bytes).
    Removing ft32f0xx_tim.o(.ARM.exidx.text.TIM_SetCounter), (8 bytes).
    Removing ft32f0xx_tim.o(.text.TIM_SetAutoreload), (4 bytes).
    Removing ft32f0xx_tim.o(.ARM.exidx.text.TIM_SetAutoreload), (8 bytes).
    Removing ft32f0xx_tim.o(.text.TIM_GetCounter), (4 bytes).
    Removing ft32f0xx_tim.o(.ARM.exidx.text.TIM_GetCounter), (8 bytes).
    Removing ft32f0xx_tim.o(.text.TIM_GetPrescaler), (4 bytes).
    Removing ft32f0xx_tim.o(.ARM.exidx.text.TIM_GetPrescaler), (8 bytes).
    Removing ft32f0xx_tim.o(.text.TIM_UpdateDisableConfig), (18 bytes).
    Removing ft32f0xx_tim.o(.ARM.exidx.text.TIM_UpdateDisableConfig), (8 bytes).
    Removing ft32f0xx_tim.o(.text.TIM_UpdateRequestConfig), (18 bytes).
    Removing ft32f0xx_tim.o(.ARM.exidx.text.TIM_UpdateRequestConfig), (8 bytes).
    Removing ft32f0xx_tim.o(.text.TIM_ARRPreloadConfig), (18 bytes).
    Removing ft32f0xx_tim.o(.ARM.exidx.text.TIM_ARRPreloadConfig), (8 bytes).
    Removing ft32f0xx_tim.o(.text.TIM_SelectOnePulseMode), (16 bytes).
    Removing ft32f0xx_tim.o(.ARM.exidx.text.TIM_SelectOnePulseMode), (8 bytes).
    Removing ft32f0xx_tim.o(.text.TIM_SetClockDivision), (20 bytes).
    Removing ft32f0xx_tim.o(.ARM.exidx.text.TIM_SetClockDivision), (8 bytes).
    Removing ft32f0xx_tim.o(.text.TIM_Cmd), (16 bytes).
    Removing ft32f0xx_tim.o(.ARM.exidx.text.TIM_Cmd), (8 bytes).
    Removing ft32f0xx_tim.o(.text.TIM_BDTRConfig), (32 bytes).
    Removing ft32f0xx_tim.o(.ARM.exidx.text.TIM_BDTRConfig), (8 bytes).
    Removing ft32f0xx_tim.o(.text.TIM_BDTRStructInit), (18 bytes).
    Removing ft32f0xx_tim.o(.ARM.exidx.text.TIM_BDTRStructInit), (8 bytes).
    Removing ft32f0xx_tim.o(.text.TIM_CtrlPWMOutputs), (28 bytes).
    Removing ft32f0xx_tim.o(.ARM.exidx.text.TIM_CtrlPWMOutputs), (8 bytes).
    Removing ft32f0xx_tim.o(.text.TIM_OC1Init), (104 bytes).
    Removing ft32f0xx_tim.o(.ARM.exidx.text.TIM_OC1Init), (8 bytes).
    Removing ft32f0xx_tim.o(.text.TIM_OC2Init), (136 bytes).
    Removing ft32f0xx_tim.o(.ARM.exidx.text.TIM_OC2Init), (8 bytes).
    Removing ft32f0xx_tim.o(.text.TIM_OC3Init), (116 bytes).
    Removing ft32f0xx_tim.o(.ARM.exidx.text.TIM_OC3Init), (8 bytes).
    Removing ft32f0xx_tim.o(.text.TIM_OC4Init), (104 bytes).
    Removing ft32f0xx_tim.o(.ARM.exidx.text.TIM_OC4Init), (8 bytes).
    Removing ft32f0xx_tim.o(.text.TIM_OCStructInit), (14 bytes).
    Removing ft32f0xx_tim.o(.ARM.exidx.text.TIM_OCStructInit), (8 bytes).
    Removing ft32f0xx_tim.o(.text.TIM_SelectOCxM), (66 bytes).
    Removing ft32f0xx_tim.o(.ARM.exidx.text.TIM_SelectOCxM), (8 bytes).
    Removing ft32f0xx_tim.o(.text.TIM_SetCompare1), (4 bytes).
    Removing ft32f0xx_tim.o(.ARM.exidx.text.TIM_SetCompare1), (8 bytes).
    Removing ft32f0xx_tim.o(.text.TIM_SetCompare2), (4 bytes).
    Removing ft32f0xx_tim.o(.ARM.exidx.text.TIM_SetCompare2), (8 bytes).
    Removing ft32f0xx_tim.o(.text.TIM_SetCompare3), (4 bytes).
    Removing ft32f0xx_tim.o(.ARM.exidx.text.TIM_SetCompare3), (8 bytes).
    Removing ft32f0xx_tim.o(.text.TIM_SetCompare4), (4 bytes).
    Removing ft32f0xx_tim.o(.ARM.exidx.text.TIM_SetCompare4), (8 bytes).
    Removing ft32f0xx_tim.o(.text.TIM_ForcedOC1Config), (12 bytes).
    Removing ft32f0xx_tim.o(.ARM.exidx.text.TIM_ForcedOC1Config), (8 bytes).
    Removing ft32f0xx_tim.o(.text.TIM_ForcedOC2Config), (20 bytes).
    Removing ft32f0xx_tim.o(.ARM.exidx.text.TIM_ForcedOC2Config), (8 bytes).
    Removing ft32f0xx_tim.o(.text.TIM_ForcedOC3Config), (12 bytes).
    Removing ft32f0xx_tim.o(.ARM.exidx.text.TIM_ForcedOC3Config), (8 bytes).
    Removing ft32f0xx_tim.o(.text.TIM_ForcedOC4Config), (20 bytes).
    Removing ft32f0xx_tim.o(.ARM.exidx.text.TIM_ForcedOC4Config), (8 bytes).
    Removing ft32f0xx_tim.o(.text.TIM_CCPreloadControl), (16 bytes).
    Removing ft32f0xx_tim.o(.ARM.exidx.text.TIM_CCPreloadControl), (8 bytes).
    Removing ft32f0xx_tim.o(.text.TIM_OC1PreloadConfig), (12 bytes).
    Removing ft32f0xx_tim.o(.ARM.exidx.text.TIM_OC1PreloadConfig), (8 bytes).
    Removing ft32f0xx_tim.o(.text.TIM_OC2PreloadConfig), (20 bytes).
    Removing ft32f0xx_tim.o(.ARM.exidx.text.TIM_OC2PreloadConfig), (8 bytes).
    Removing ft32f0xx_tim.o(.text.TIM_OC3PreloadConfig), (12 bytes).
    Removing ft32f0xx_tim.o(.ARM.exidx.text.TIM_OC3PreloadConfig), (8 bytes).
    Removing ft32f0xx_tim.o(.text.TIM_OC4PreloadConfig), (20 bytes).
    Removing ft32f0xx_tim.o(.ARM.exidx.text.TIM_OC4PreloadConfig), (8 bytes).
    Removing ft32f0xx_tim.o(.text.TIM_OC1FastConfig), (12 bytes).
    Removing ft32f0xx_tim.o(.ARM.exidx.text.TIM_OC1FastConfig), (8 bytes).
    Removing ft32f0xx_tim.o(.text.TIM_OC2FastConfig), (20 bytes).
    Removing ft32f0xx_tim.o(.ARM.exidx.text.TIM_OC2FastConfig), (8 bytes).
    Removing ft32f0xx_tim.o(.text.TIM_OC3FastConfig), (12 bytes).
    Removing ft32f0xx_tim.o(.ARM.exidx.text.TIM_OC3FastConfig), (8 bytes).
    Removing ft32f0xx_tim.o(.text.TIM_OC4FastConfig), (20 bytes).
    Removing ft32f0xx_tim.o(.ARM.exidx.text.TIM_OC4FastConfig), (8 bytes).
    Removing ft32f0xx_tim.o(.text.TIM_ClearOC1Ref), (12 bytes).
    Removing ft32f0xx_tim.o(.ARM.exidx.text.TIM_ClearOC1Ref), (8 bytes).
    Removing ft32f0xx_tim.o(.text.TIM_ClearOC2Ref), (20 bytes).
    Removing ft32f0xx_tim.o(.ARM.exidx.text.TIM_ClearOC2Ref), (8 bytes).
    Removing ft32f0xx_tim.o(.text.TIM_ClearOC3Ref), (12 bytes).
    Removing ft32f0xx_tim.o(.ARM.exidx.text.TIM_ClearOC3Ref), (8 bytes).
    Removing ft32f0xx_tim.o(.text.TIM_ClearOC4Ref), (20 bytes).
    Removing ft32f0xx_tim.o(.ARM.exidx.text.TIM_ClearOC4Ref), (8 bytes).
    Removing ft32f0xx_tim.o(.text.TIM_OC1PolarityConfig), (12 bytes).
    Removing ft32f0xx_tim.o(.ARM.exidx.text.TIM_OC1PolarityConfig), (8 bytes).
    Removing ft32f0xx_tim.o(.text.TIM_OC1NPolarityConfig), (12 bytes).
    Removing ft32f0xx_tim.o(.ARM.exidx.text.TIM_OC1NPolarityConfig), (8 bytes).
    Removing ft32f0xx_tim.o(.text.TIM_OC2PolarityConfig), (14 bytes).
    Removing ft32f0xx_tim.o(.ARM.exidx.text.TIM_OC2PolarityConfig), (8 bytes).
    Removing ft32f0xx_tim.o(.text.TIM_OC2NPolarityConfig), (14 bytes).
    Removing ft32f0xx_tim.o(.ARM.exidx.text.TIM_OC2NPolarityConfig), (8 bytes).
    Removing ft32f0xx_tim.o(.text.TIM_OC3PolarityConfig), (20 bytes).
    Removing ft32f0xx_tim.o(.ARM.exidx.text.TIM_OC3PolarityConfig), (8 bytes).
    Removing ft32f0xx_tim.o(.text.TIM_OC3NPolarityConfig), (20 bytes).
    Removing ft32f0xx_tim.o(.ARM.exidx.text.TIM_OC3NPolarityConfig), (8 bytes).
    Removing ft32f0xx_tim.o(.text.TIM_OC4PolarityConfig), (20 bytes).
    Removing ft32f0xx_tim.o(.ARM.exidx.text.TIM_OC4PolarityConfig), (8 bytes).
    Removing ft32f0xx_tim.o(.text.TIM_SelectOCREFClear), (16 bytes).
    Removing ft32f0xx_tim.o(.ARM.exidx.text.TIM_SelectOCREFClear), (8 bytes).
    Removing ft32f0xx_tim.o(.text.TIM_CCxCmd), (22 bytes).
    Removing ft32f0xx_tim.o(.ARM.exidx.text.TIM_CCxCmd), (8 bytes).
    Removing ft32f0xx_tim.o(.text.TIM_CCxNCmd), (22 bytes).
    Removing ft32f0xx_tim.o(.ARM.exidx.text.TIM_CCxNCmd), (8 bytes).
    Removing ft32f0xx_tim.o(.text.TIM_SelectCOM), (18 bytes).
    Removing ft32f0xx_tim.o(.ARM.exidx.text.TIM_SelectCOM), (8 bytes).
    Removing ft32f0xx_tim.o(.text.TIM_ICInit), (108 bytes).
    Removing ft32f0xx_tim.o(.ARM.exidx.text.TIM_ICInit), (8 bytes).
    Removing ft32f0xx_tim.o(.text.TI1_Config), (38 bytes).
    Removing ft32f0xx_tim.o(.ARM.exidx.text.TI1_Config), (8 bytes).
    Removing ft32f0xx_tim.o(.text.TIM_SetIC1Prescaler), (16 bytes).
    Removing ft32f0xx_tim.o(.ARM.exidx.text.TIM_SetIC1Prescaler), (8 bytes).
    Removing ft32f0xx_tim.o(.text.TI2_Config), (48 bytes).
    Removing ft32f0xx_tim.o(.ARM.exidx.text.TI2_Config), (8 bytes).
    Removing ft32f0xx_tim.o(.text.TIM_SetIC2Prescaler), (24 bytes).
    Removing ft32f0xx_tim.o(.ARM.exidx.text.TIM_SetIC2Prescaler), (8 bytes).
    Removing ft32f0xx_tim.o(.text.TI3_Config), (52 bytes).
    Removing ft32f0xx_tim.o(.ARM.exidx.text.TI3_Config), (8 bytes).
    Removing ft32f0xx_tim.o(.text.TIM_SetIC3Prescaler), (16 bytes).
    Removing ft32f0xx_tim.o(.ARM.exidx.text.TIM_SetIC3Prescaler), (8 bytes).
    Removing ft32f0xx_tim.o(.text.TI4_Config), (60 bytes).
    Removing ft32f0xx_tim.o(.ARM.exidx.text.TI4_Config), (8 bytes).
    Removing ft32f0xx_tim.o(.text.TIM_SetIC4Prescaler), (24 bytes).
    Removing ft32f0xx_tim.o(.ARM.exidx.text.TIM_SetIC4Prescaler), (8 bytes).
    Removing ft32f0xx_tim.o(.text.TIM_ICStructInit), (16 bytes).
    Removing ft32f0xx_tim.o(.ARM.exidx.text.TIM_ICStructInit), (8 bytes).
    Removing ft32f0xx_tim.o(.text.TIM_PWMIConfig), (112 bytes).
    Removing ft32f0xx_tim.o(.ARM.exidx.text.TIM_PWMIConfig), (8 bytes).
    Removing ft32f0xx_tim.o(.text.TIM_GetCapture1), (4 bytes).
    Removing ft32f0xx_tim.o(.ARM.exidx.text.TIM_GetCapture1), (8 bytes).
    Removing ft32f0xx_tim.o(.text.TIM_GetCapture2), (4 bytes).
    Removing ft32f0xx_tim.o(.ARM.exidx.text.TIM_GetCapture2), (8 bytes).
    Removing ft32f0xx_tim.o(.text.TIM_GetCapture3), (4 bytes).
    Removing ft32f0xx_tim.o(.ARM.exidx.text.TIM_GetCapture3), (8 bytes).
    Removing ft32f0xx_tim.o(.text.TIM_GetCapture4), (4 bytes).
    Removing ft32f0xx_tim.o(.ARM.exidx.text.TIM_GetCapture4), (8 bytes).
    Removing ft32f0xx_tim.o(.text.TIM_ITConfig), (20 bytes).
    Removing ft32f0xx_tim.o(.ARM.exidx.text.TIM_ITConfig), (8 bytes).
    Removing ft32f0xx_tim.o(.text.TIM_GenerateEvent), (4 bytes).
    Removing ft32f0xx_tim.o(.ARM.exidx.text.TIM_GenerateEvent), (8 bytes).
    Removing ft32f0xx_tim.o(.text.TIM_GetFlagStatus), (10 bytes).
    Removing ft32f0xx_tim.o(.ARM.exidx.text.TIM_GetFlagStatus), (8 bytes).
    Removing ft32f0xx_tim.o(.text.TIM_ClearFlag), (6 bytes).
    Removing ft32f0xx_tim.o(.ARM.exidx.text.TIM_ClearFlag), (8 bytes).
    Removing ft32f0xx_tim.o(.text.TIM_GetITStatus), (20 bytes).
    Removing ft32f0xx_tim.o(.ARM.exidx.text.TIM_GetITStatus), (8 bytes).
    Removing ft32f0xx_tim.o(.text.TIM_ClearITPendingBit), (6 bytes).
    Removing ft32f0xx_tim.o(.ARM.exidx.text.TIM_ClearITPendingBit), (8 bytes).
    Removing ft32f0xx_tim.o(.text.TIM_DMAConfig), (8 bytes).
    Removing ft32f0xx_tim.o(.ARM.exidx.text.TIM_DMAConfig), (8 bytes).
    Removing ft32f0xx_tim.o(.text.TIM_DMACmd), (20 bytes).
    Removing ft32f0xx_tim.o(.ARM.exidx.text.TIM_DMACmd), (8 bytes).
    Removing ft32f0xx_tim.o(.text.TIM_SelectCCDMA), (18 bytes).
    Removing ft32f0xx_tim.o(.ARM.exidx.text.TIM_SelectCCDMA), (8 bytes).
    Removing ft32f0xx_tim.o(.text.TIM_InternalClockConfig), (10 bytes).
    Removing ft32f0xx_tim.o(.ARM.exidx.text.TIM_InternalClockConfig), (8 bytes).
    Removing ft32f0xx_tim.o(.text.TIM_ITRxExternalClockConfig), (18 bytes).
    Removing ft32f0xx_tim.o(.ARM.exidx.text.TIM_ITRxExternalClockConfig), (8 bytes).
    Removing ft32f0xx_tim.o(.text.TIM_SelectInputTrigger), (12 bytes).
    Removing ft32f0xx_tim.o(.ARM.exidx.text.TIM_SelectInputTrigger), (8 bytes).
    Removing ft32f0xx_tim.o(.text.TIM_TIxExternalClockConfig), (46 bytes).
    Removing ft32f0xx_tim.o(.ARM.exidx.text.TIM_TIxExternalClockConfig), (8 bytes).
    Removing ft32f0xx_tim.o(.text.TIM_ETRClockMode1Config), (18 bytes).
    Removing ft32f0xx_tim.o(.ARM.exidx.text.TIM_ETRClockMode1Config), (8 bytes).
    Removing ft32f0xx_tim.o(.text.TIM_ETRConfig), (16 bytes).
    Removing ft32f0xx_tim.o(.ARM.exidx.text.TIM_ETRConfig), (8 bytes).
    Removing ft32f0xx_tim.o(.text.TIM_ETRClockMode2Config), (20 bytes).
    Removing ft32f0xx_tim.o(.ARM.exidx.text.TIM_ETRClockMode2Config), (8 bytes).
    Removing ft32f0xx_tim.o(.text.TIM_SelectOutputTrigger), (16 bytes).
    Removing ft32f0xx_tim.o(.ARM.exidx.text.TIM_SelectOutputTrigger), (8 bytes).
    Removing ft32f0xx_tim.o(.text.TIM_SelectSlaveMode), (16 bytes).
    Removing ft32f0xx_tim.o(.ARM.exidx.text.TIM_SelectSlaveMode), (8 bytes).
    Removing ft32f0xx_tim.o(.text.TIM_SelectMasterSlaveMode), (16 bytes).
    Removing ft32f0xx_tim.o(.ARM.exidx.text.TIM_SelectMasterSlaveMode), (8 bytes).
    Removing ft32f0xx_tim.o(.text.TIM_EncoderInterfaceConfig), (48 bytes).
    Removing ft32f0xx_tim.o(.ARM.exidx.text.TIM_EncoderInterfaceConfig), (8 bytes).
    Removing ft32f0xx_tim.o(.text.TIM_SelectHallSensor), (18 bytes).
    Removing ft32f0xx_tim.o(.ARM.exidx.text.TIM_SelectHallSensor), (8 bytes).
    Removing ft32f0xx_tim.o(.text.TIM_RemapConfig), (6 bytes).
    Removing ft32f0xx_tim.o(.ARM.exidx.text.TIM_RemapConfig), (8 bytes).
    Removing ft32f0xx_usart.o(.text), (0 bytes).
    Removing ft32f0xx_usart.o(.text.USART_DeInit), (64 bytes).
    Removing ft32f0xx_usart.o(.ARM.exidx.text.USART_DeInit), (8 bytes).
    Removing ft32f0xx_usart.o(.text.USART_Init), (168 bytes).
    Removing ft32f0xx_usart.o(.ARM.exidx.text.USART_Init), (8 bytes).
    Removing ft32f0xx_usart.o(.text.USART_StructInit), (22 bytes).
    Removing ft32f0xx_usart.o(.ARM.exidx.text.USART_StructInit), (8 bytes).
    Removing ft32f0xx_usart.o(.text.USART_ClockInit), (26 bytes).
    Removing ft32f0xx_usart.o(.ARM.exidx.text.USART_ClockInit), (8 bytes).
    Removing ft32f0xx_usart.o(.text.USART_ClockStructInit), (12 bytes).
    Removing ft32f0xx_usart.o(.ARM.exidx.text.USART_ClockStructInit), (8 bytes).
    Removing ft32f0xx_usart.o(.text.USART_Cmd), (16 bytes).
    Removing ft32f0xx_usart.o(.ARM.exidx.text.USART_Cmd), (8 bytes).
    Removing ft32f0xx_usart.o(.text.USART_DirectionModeCmd), (20 bytes).
    Removing ft32f0xx_usart.o(.ARM.exidx.text.USART_DirectionModeCmd), (8 bytes).
    Removing ft32f0xx_usart.o(.text.USART_OverSampling8Cmd), (20 bytes).
    Removing ft32f0xx_usart.o(.ARM.exidx.text.USART_OverSampling8Cmd), (8 bytes).
    Removing ft32f0xx_usart.o(.text.USART_OneBitMethodCmd), (20 bytes).
    Removing ft32f0xx_usart.o(.ARM.exidx.text.USART_OneBitMethodCmd), (8 bytes).
    Removing ft32f0xx_usart.o(.text.USART_MSBFirstCmd), (20 bytes).
    Removing ft32f0xx_usart.o(.ARM.exidx.text.USART_MSBFirstCmd), (8 bytes).
    Removing ft32f0xx_usart.o(.text.USART_DataInvCmd), (20 bytes).
    Removing ft32f0xx_usart.o(.ARM.exidx.text.USART_DataInvCmd), (8 bytes).
    Removing ft32f0xx_usart.o(.text.USART_InvPinCmd), (20 bytes).
    Removing ft32f0xx_usart.o(.ARM.exidx.text.USART_InvPinCmd), (8 bytes).
    Removing ft32f0xx_usart.o(.text.USART_SWAPPinCmd), (20 bytes).
    Removing ft32f0xx_usart.o(.ARM.exidx.text.USART_SWAPPinCmd), (8 bytes).
    Removing ft32f0xx_usart.o(.text.USART_ReceiverTimeOutCmd), (20 bytes).
    Removing ft32f0xx_usart.o(.ARM.exidx.text.USART_ReceiverTimeOutCmd), (8 bytes).
    Removing ft32f0xx_usart.o(.text.USART_SetReceiverTimeOut), (18 bytes).
    Removing ft32f0xx_usart.o(.ARM.exidx.text.USART_SetReceiverTimeOut), (8 bytes).
    Removing ft32f0xx_usart.o(.text.USART_AutoBaudRateCmd), (20 bytes).
    Removing ft32f0xx_usart.o(.ARM.exidx.text.USART_AutoBaudRateCmd), (8 bytes).
    Removing ft32f0xx_usart.o(.text.USART_AutoBaudRateConfig), (18 bytes).
    Removing ft32f0xx_usart.o(.ARM.exidx.text.USART_AutoBaudRateConfig), (8 bytes).
    Removing ft32f0xx_usart.o(.text.USART_SendData), (12 bytes).
    Removing ft32f0xx_usart.o(.ARM.exidx.text.USART_SendData), (8 bytes).
    Removing ft32f0xx_usart.o(.text.USART_ReceiveData), (12 bytes).
    Removing ft32f0xx_usart.o(.ARM.exidx.text.USART_ReceiveData), (8 bytes).
    Removing ft32f0xx_usart.o(.text.USART_SetAddress), (20 bytes).
    Removing ft32f0xx_usart.o(.ARM.exidx.text.USART_SetAddress), (8 bytes).
    Removing ft32f0xx_usart.o(.text.USART_MuteModeCmd), (20 bytes).
    Removing ft32f0xx_usart.o(.ARM.exidx.text.USART_MuteModeCmd), (8 bytes).
    Removing ft32f0xx_usart.o(.text.USART_MuteModeWakeUpConfig), (18 bytes).
    Removing ft32f0xx_usart.o(.ARM.exidx.text.USART_MuteModeWakeUpConfig), (8 bytes).
    Removing ft32f0xx_usart.o(.text.USART_AddressDetectionConfig), (16 bytes).
    Removing ft32f0xx_usart.o(.ARM.exidx.text.USART_AddressDetectionConfig), (8 bytes).
    Removing ft32f0xx_usart.o(.text.USART_HalfDuplexCmd), (18 bytes).
    Removing ft32f0xx_usart.o(.ARM.exidx.text.USART_HalfDuplexCmd), (8 bytes).
    Removing ft32f0xx_usart.o(.text.USART_DECmd), (20 bytes).
    Removing ft32f0xx_usart.o(.ARM.exidx.text.USART_DECmd), (8 bytes).
    Removing ft32f0xx_usart.o(.text.USART_DEPolarityConfig), (18 bytes).
    Removing ft32f0xx_usart.o(.ARM.exidx.text.USART_DEPolarityConfig), (8 bytes).
    Removing ft32f0xx_usart.o(.text.USART_SetDEAssertionTime), (20 bytes).
    Removing ft32f0xx_usart.o(.ARM.exidx.text.USART_SetDEAssertionTime), (8 bytes).
    Removing ft32f0xx_usart.o(.text.USART_SetDEDeassertionTime), (20 bytes).
    Removing ft32f0xx_usart.o(.ARM.exidx.text.USART_SetDEDeassertionTime), (8 bytes).
    Removing ft32f0xx_usart.o(.text.USART_DMACmd), (20 bytes).
    Removing ft32f0xx_usart.o(.ARM.exidx.text.USART_DMACmd), (8 bytes).
    Removing ft32f0xx_usart.o(.text.USART_DMAReceptionErrorConfig), (18 bytes).
    Removing ft32f0xx_usart.o(.ARM.exidx.text.USART_DMAReceptionErrorConfig), (8 bytes).
    Removing ft32f0xx_usart.o(.text.USART_ITConfig), (46 bytes).
    Removing ft32f0xx_usart.o(.ARM.exidx.text.USART_ITConfig), (8 bytes).
    Removing ft32f0xx_usart.o(.text.USART_RequestCmd), (18 bytes).
    Removing ft32f0xx_usart.o(.ARM.exidx.text.USART_RequestCmd), (8 bytes).
    Removing ft32f0xx_usart.o(.text.USART_OverrunDetectionConfig), (18 bytes).
    Removing ft32f0xx_usart.o(.ARM.exidx.text.USART_OverrunDetectionConfig), (8 bytes).
    Removing ft32f0xx_usart.o(.text.USART_GetFlagStatus), (10 bytes).
    Removing ft32f0xx_usart.o(.ARM.exidx.text.USART_GetFlagStatus), (8 bytes).
    Removing ft32f0xx_usart.o(.text.USART_ClearFlag), (4 bytes).
    Removing ft32f0xx_usart.o(.ARM.exidx.text.USART_ClearFlag), (8 bytes).
    Removing ft32f0xx_usart.o(.text.USART_GetITStatus), (44 bytes).
    Removing ft32f0xx_usart.o(.ARM.exidx.text.USART_GetITStatus), (8 bytes).
    Removing ft32f0xx_usart.o(.text.USART_ClearITPendingBit), (10 bytes).
    Removing ft32f0xx_usart.o(.ARM.exidx.text.USART_ClearITPendingBit), (8 bytes).
    Removing system_ft32f0xx.o(.text), (0 bytes).
    Removing system_ft32f0xx.o(.ARM.exidx.text.SystemInit), (8 bytes).
    Removing system_ft32f0xx.o(.ARM.exidx.text.SetSysClock), (8 bytes).
    Removing system_ft32f0xx.o(.text.SystemCoreClockUpdate), (96 bytes).
    Removing system_ft32f0xx.o(.ARM.exidx.text.SystemCoreClockUpdate), (8 bytes).
    Removing system_ft32f0xx.o(.ARM.exidx.text.SetSysClockTo72), (8 bytes).
    Removing system_ft32f0xx.o(.data.SystemCoreClock), (4 bytes).
    Removing system_ft32f0xx.o(.rodata.AHBPrescTable), (16 bytes).
    Removing ft32f0xx_touch.o(.rev16_text), (4 bytes).
    Removing ft32f0xx_touch.o(.revsh_text), (4 bytes).
    Removing ft32f0xx_touch.o(i.Set_Baseline), (40 bytes).
    Removing ft32f0xx_touch.o(i.Set_Frequ), (16 bytes).
    Removing ft32f0xx_touch.o(i.TSC_GetDelta), (36 bytes).
    Removing ft32f0xx_touch.o(i.TSC_GetPrevData), (28 bytes).
    Removing ft32f0xx_touch.o(i.TSC_GetSingle), (12 bytes).
    Removing ft32f0xx_touch.o(i.TSC_Reset), (56 bytes).
    Removing ft32f0xx_touch.o(i.TSC_SetBaseLine), (24 bytes).
    Removing touch.o(.rev16_text), (4 bytes).
    Removing touch.o(.revsh_text), (4 bytes).

518 unused section(s) (total 9839 bytes) removed from the image.

==============================================================================

Image Symbol Table

    Local Symbols

    Symbol Name                              Value     Ov Type        Size  Object(Section)

    ../clib/division.s                       0x00000000   Number         0  aeabi_sdivfast.o ABSOLUTE
    ../clib/division.s                       0x00000000   Number         0  aeabi_sdivfast_div0.o ABSOLUTE
    ../clib/microlib/division.c              0x00000000   Number         0  uidiv.o ABSOLUTE
    ../clib/microlib/division.c              0x00000000   Number         0  idiv.o ABSOLUTE
    ../clib/microlib/division.c              0x00000000   Number         0  uidiv_div0.o ABSOLUTE
    ../clib/microlib/division.c              0x00000000   Number         0  idiv_div0.o ABSOLUTE
    ../clib/microlib/division.c              0x00000000   Number         0  idiv0.o ABSOLUTE
    ../clib/microlib/init/entry.s            0x00000000   Number         0  entry.o ABSOLUTE
    ../clib/microlib/init/entry.s            0x00000000   Number         0  entry2.o ABSOLUTE
    ../clib/microlib/init/entry.s            0x00000000   Number         0  entry5.o ABSOLUTE
    ../clib/microlib/init/entry.s            0x00000000   Number         0  entry7a.o ABSOLUTE
    ../clib/microlib/init/entry.s            0x00000000   Number         0  entry7b.o ABSOLUTE
    ../clib/microlib/init/entry.s            0x00000000   Number         0  entry8a.o ABSOLUTE
    ../clib/microlib/init/entry.s            0x00000000   Number         0  entry8b.o ABSOLUTE
    ../clib/microlib/init/entry.s            0x00000000   Number         0  entry9a.o ABSOLUTE
    ../clib/microlib/init/entry.s            0x00000000   Number         0  entry9b.o ABSOLUTE
    ../clib/microlib/init/entry.s            0x00000000   Number         0  entry10a.o ABSOLUTE
    ../clib/microlib/init/entry.s            0x00000000   Number         0  entry10b.o ABSOLUTE
    ../clib/microlib/init/entry.s            0x00000000   Number         0  entry11a.o ABSOLUTE
    ../clib/microlib/init/entry.s            0x00000000   Number         0  entry11b.o ABSOLUTE
    ../clib/microlib/malloc/malloc.c         0x00000000   Number         0  malloc.o ABSOLUTE
    ../clib/microlib/malloc/malloc.c         0x00000000   Number         0  mallocr.o ABSOLUTE
    ../clib/microlib/malloc/malloc.c         0x00000000   Number         0  malloca.o ABSOLUTE
    ../clib/microlib/malloc/malloc.c         0x00000000   Number         0  mallocra.o ABSOLUTE
    ../clib/microlib/malloc/mvars.c          0x00000000   Number         0  mvars.o ABSOLUTE
    ../clib/microlib/string/memcpy.c         0x00000000   Number         0  memcpya.o ABSOLUTE
    ../clib/microlib/string/memcpy.c         0x00000000   Number         0  memcpyb.o ABSOLUTE
    ../clib/microlib/string/memset.c         0x00000000   Number         0  memseta.o ABSOLUTE
    RTE\Device\FT32F072R8ATx\startup_ft32f072xb.s 0x00000000   Number         0  startup_ft32f072xb.o ABSOLUTE
    Tk_lib\\ft32f0xx_touch.c                 0x00000000   Number         0  ft32f0xx_touch.o ABSOLUTE
    Tk_lib\\touch.c                          0x00000000   Number         0  touch.o ABSOLUTE
    Tk_lib\ft32f0xx_touch.c                  0x00000000   Number         0  ft32f0xx_touch.o ABSOLUTE
    Tk_lib\touch.c                           0x00000000   Number         0  touch.o ABSOLUTE
    dc.s                                     0x00000000   Number         0  dc.o ABSOLUTE
    ft32f0xx_comp.c                          0x00000000   Number         0  ft32f0xx_comp.o ABSOLUTE
    ft32f0xx_dma.c                           0x00000000   Number         0  ft32f0xx_dma.o ABSOLUTE
    ft32f0xx_exti.c                          0x00000000   Number         0  ft32f0xx_exti.o ABSOLUTE
    ft32f0xx_flash.c                         0x00000000   Number         0  ft32f0xx_flash.o ABSOLUTE
    ft32f0xx_gpio.c                          0x00000000   Number         0  ft32f0xx_gpio.o ABSOLUTE
    ft32f0xx_it.c                            0x00000000   Number         0  ft32f0xx_it.o ABSOLUTE
    ft32f0xx_misc.c                          0x00000000   Number         0  ft32f0xx_misc.o ABSOLUTE
    ft32f0xx_rcc.c                           0x00000000   Number         0  ft32f0xx_rcc.o ABSOLUTE
    ft32f0xx_tim.c                           0x00000000   Number         0  ft32f0xx_tim.o ABSOLUTE
    ft32f0xx_usart.c                         0x00000000   Number         0  ft32f0xx_usart.o ABSOLUTE
    handlers.s                               0x00000000   Number         0  handlers.o ABSOLUTE
    init.s                                   0x00000000   Number         0  init.o ABSOLUTE
    main.c                                   0x00000000   Number         0  main.o ABSOLUTE
    system_ft32f0xx.c                        0x00000000   Number         0  system_ft32f0xx.o ABSOLUTE
    RESET                                    0x08000000   Section      192  startup_ft32f072xb.o(RESET)
    .ARM.Collect$$$$00000000                 0x080000c0   Section        0  entry.o(.ARM.Collect$$$$00000000)
    .ARM.Collect$$$$00000001                 0x080000c0   Section        4  entry2.o(.ARM.Collect$$$$00000001)
    .ARM.Collect$$$$00000004                 0x080000c4   Section        4  entry5.o(.ARM.Collect$$$$00000004)
    .ARM.Collect$$$$00000008                 0x080000c8   Section        0  entry7b.o(.ARM.Collect$$$$00000008)
    .ARM.Collect$$$$0000000A                 0x080000c8   Section        0  entry8b.o(.ARM.Collect$$$$0000000A)
    .ARM.Collect$$$$0000000B                 0x080000c8   Section        8  entry9a.o(.ARM.Collect$$$$0000000B)
    __lit__00000000                          0x080000d0   Data           4  entry2.o(.ARM.Collect$$$$00002712)
    .ARM.Collect$$$$0000000D                 0x080000d0   Section        0  entry10a.o(.ARM.Collect$$$$0000000D)
    .ARM.Collect$$$$0000000F                 0x080000d0   Section        0  entry11a.o(.ARM.Collect$$$$0000000F)
    .ARM.Collect$$$$00002712                 0x080000d0   Section        4  entry2.o(.ARM.Collect$$$$00002712)
    .text                                    0x080000d4   Section       88  startup_ft32f072xb.o(.text)
    .text                                    0x0800012c   Section        0  uidiv_div0.o(.text)
    .text                                    0x0800016c   Section        0  idiv_div0.o(.text)
    .text                                    0x080001bc   Section       36  init.o(.text)
    [Anonymous Symbol]                       0x080001e0   Section        0  main.o(.text.ADC1_IRQHandler)
    [Anonymous Symbol]                       0x08000200   Section        0  ft32f0xx_exti.o(.text.EXTI_ClearITPendingBit)
    [Anonymous Symbol]                       0x08000208   Section        0  ft32f0xx_exti.o(.text.EXTI_GetITStatus)
    __arm_cp.6_0                             0x08000218   Number         4  ft32f0xx_exti.o(.text.EXTI_GetITStatus)
    [Anonymous Symbol]                       0x0800021c   Section        0  ft32f0xx_gpio.o(.text.GPIO_Init)
    [Anonymous Symbol]                       0x0800028c   Section        0  ft32f0xx_gpio.o(.text.GPIO_ResetBits)
    [Anonymous Symbol]                       0x08000290   Section        0  ft32f0xx_gpio.o(.text.GPIO_SetBits)
    [Anonymous Symbol]                       0x08000294   Section        0  ft32f0xx_it.o(.text.HardFault_Handler)
    KEY_Scan                                 0x08000299   Thumb Code    52  main.o(.text.KEY_Scan)
    [Anonymous Symbol]                       0x08000298   Section        0  main.o(.text.KEY_Scan)
    LED_Init                                 0x080002cd   Thumb Code    32  main.o(.text.LED_Init)
    [Anonymous Symbol]                       0x080002cc   Section        0  main.o(.text.LED_Init)
    __arm_cp.1_0                             0x080002ec   Number         4  main.o(.text.LED_Init)
    __arm_cp.1_1                             0x080002f0   Number         4  main.o(.text.LED_Init)
    [Anonymous Symbol]                       0x080002f4   Section        0  ft32f0xx_it.o(.text.NMI_Handler)
    [Anonymous Symbol]                       0x080002f6   Section        0  ft32f0xx_it.o(.text.PendSV_Handler)
    [Anonymous Symbol]                       0x080002f8   Section        0  ft32f0xx_rcc.o(.text.RCC_AHBPeriphClockCmd)
    __arm_cp.30_0                            0x08000310   Number         4  ft32f0xx_rcc.o(.text.RCC_AHBPeriphClockCmd)
    [Anonymous Symbol]                       0x08000314   Section        0  ft32f0xx_it.o(.text.SVC_Handler)
    SetSysClock                              0x08000317   Thumb Code     8  system_ft32f0xx.o(.text.SetSysClock)
    [Anonymous Symbol]                       0x08000316   Section        0  system_ft32f0xx.o(.text.SetSysClock)
    SetSysClockTo72                          0x08000321   Thumb Code   148  system_ft32f0xx.o(.text.SetSysClockTo72)
    [Anonymous Symbol]                       0x08000320   Section        0  system_ft32f0xx.o(.text.SetSysClockTo72)
    __arm_cp.3_0                             0x080003b4   Number         4  system_ft32f0xx.o(.text.SetSysClockTo72)
    __arm_cp.3_1                             0x080003b8   Number         4  system_ft32f0xx.o(.text.SetSysClockTo72)
    [Anonymous Symbol]                       0x080003bc   Section        0  ft32f0xx_it.o(.text.SysTick_Handler)
    [Anonymous Symbol]                       0x080003c0   Section        0  system_ft32f0xx.o(.text.SystemInit)
    __arm_cp.0_0                             0x08000410   Number         4  system_ft32f0xx.o(.text.SystemInit)
    __arm_cp.0_1                             0x08000414   Number         4  system_ft32f0xx.o(.text.SystemInit)
    __arm_cp.0_2                             0x08000418   Number         4  system_ft32f0xx.o(.text.SystemInit)
    [Anonymous Symbol]                       0x0800041c   Section        0  main.o(.text.main)
    i.COMP1_DAC1_Init                        0x08000430   Section        0  touch.o(i.COMP1_DAC1_Init)
    i.COMP1_DAC1_Touch1                      0x080004f0   Section        0  touch.o(i.COMP1_DAC1_Touch1)
    i.COMP1_DAC1_Touch2                      0x08000500   Section        0  touch.o(i.COMP1_DAC1_Touch2)
    i.COMP1_DAC1_Touch3                      0x08000510   Section        0  touch.o(i.COMP1_DAC1_Touch3)
    i.GroupIoModeAnalog                      0x08000520   Section        0  touch.o(i.GroupIoModeAnalog)
    i.GroupIoModeOut                         0x08000544   Section        0  ft32f0xx_touch.o(i.GroupIoModeOut)
    i.IO_Init                                0x080005c0   Section        0  ft32f0xx_touch.o(i.IO_Init)
    i.JudgeGroupCharge                       0x08000614   Section        0  touch.o(i.JudgeGroupCharge)
    i.TIM16_CH1_Init                         0x0800074c   Section        0  touch.o(i.TIM16_CH1_Init)
    i.TIM16_Init                             0x080007c0   Section        0  touch.o(i.TIM16_Init)
    i.TIM16_OFF                              0x08000814   Section        0  touch.o(i.TIM16_OFF)
    i.TIM16_ON                               0x08000828   Section        0  touch.o(i.TIM16_ON)
    i.TIM1_CH1_Init                          0x08000840   Section        0  touch.o(i.TIM1_CH1_Init)
    i.TIM1_CH2_Init                          0x080008a4   Section        0  touch.o(i.TIM1_CH2_Init)
    i.TIM1_CH3_Init                          0x0800090c   Section        0  touch.o(i.TIM1_CH3_Init)
    i.TIM1_Init                              0x08000974   Section        0  touch.o(i.TIM1_Init)
    i.TIM1_OFF                               0x080009bc   Section        0  touch.o(i.TIM1_OFF)
    i.TIM1_ON                                0x080009d0   Section        0  touch.o(i.TIM1_ON)
    i.TIM3_Init                              0x080009e8   Section        0  touch.o(i.TIM3_Init)
    i.TIM3_OFF                               0x08000a2c   Section        0  touch.o(i.TIM3_OFF)
    i.TIM3_ON                                0x08000a40   Section        0  touch.o(i.TIM3_ON)
    i.TSC_DataProcessing                     0x08000a64   Section        0  ft32f0xx_touch.o(i.TSC_DataProcessing)
    i.TSC_EnableKey                          0x08000e54   Section        0  ft32f0xx_touch.o(i.TSC_EnableKey)
    i.TSC_GetStrongest                       0x08000e70   Section        0  ft32f0xx_touch.o(i.TSC_GetStrongest)
    i.TSC_Init                               0x08000e7c   Section        0  ft32f0xx_touch.o(i.TSC_Init)
    i.TSC_Start                              0x08000f48   Section        0  ft32f0xx_touch.o(i.TSC_Start)
    i.Touch1_Charge                          0x080012fc   Section        0  touch.o(i.Touch1_Charge)
    i.Touch2_Charge                          0x08001358   Section        0  touch.o(i.Touch2_Charge)
    i.Touch3_Charge                          0x080013b8   Section        0  touch.o(i.Touch3_Charge)
    i.Touch_Charge                           0x0800141c   Section        0  touch.o(i.Touch_Charge)
    i.Touch_Init                             0x0800147c   Section        0  touch.o(i.Touch_Init)
    i.__scatterload_copy                     0x080014ec   Section       14  handlers.o(i.__scatterload_copy)
    i.__scatterload_null                     0x080014fa   Section        2  handlers.o(i.__scatterload_null)
    i.__scatterload_zeroinit                 0x080014fc   Section       14  handlers.o(i.__scatterload_zeroinit)
    __set_PRIMASK                            0x0800150b   Thumb Code     6  touch.o(i.__set_PRIMASK)
    i.__set_PRIMASK                          0x0800150a   Section        0  touch.o(i.__set_PRIMASK)
    i.malloc                                 0x08001510   Section        0  malloc.o(i.malloc)
    .constdata                               0x0800157c   Section      192  touch.o(.constdata)
    .data                                    0x20000000   Section       38  ft32f0xx_touch.o(.data)
    .data                                    0x20000026   Section        5  touch.o(.data)
    .data                                    0x2000002c   Section        4  mvars.o(.data)
    .data                                    0x20000030   Section        4  mvars.o(.data)
    HEAP                                     0x20000038   Section      512  startup_ft32f072xb.o(HEAP)
    STACK                                    0x20000238   Section     1024  startup_ft32f072xb.o(STACK)

    Global Symbols

    Symbol Name                              Value     Ov Type        Size  Object(Section)

    BuildAttributes$$THM_ISAv3M$S$PE$A:L22$X:L11$S22$IEEE1$IW$~IW$USESV6$~STKCKD$USESV7$~SHL$OTIME$EBA8$MICROLIB$REQ8$PRES8$EABIv2 0x00000000   Number         0  anon$$obj.o ABSOLUTE
    __cpp_initialize__aeabi_                  - Undefined Weak Reference
    __cxa_finalize                            - Undefined Weak Reference
    __decompress                              - Undefined Weak Reference
    _clock_init                               - Undefined Weak Reference
    _microlib_exit                            - Undefined Weak Reference
    __Vectors_Size                           0x000000c0   Number         0  startup_ft32f072xb.o ABSOLUTE
    __Vectors                                0x08000000   Data           4  startup_ft32f072xb.o(RESET)
    __Vectors_End                            0x080000c0   Data           0  startup_ft32f072xb.o(RESET)
    __main                                   0x080000c1   Thumb Code     0  entry.o(.ARM.Collect$$$$00000000)
    _main_stk                                0x080000c1   Thumb Code     0  entry2.o(.ARM.Collect$$$$00000001)
    _main_scatterload                        0x080000c5   Thumb Code     0  entry5.o(.ARM.Collect$$$$00000004)
    __main_after_scatterload                 0x080000c9   Thumb Code     0  entry5.o(.ARM.Collect$$$$00000004)
    _main_clock                              0x080000c9   Thumb Code     0  entry7b.o(.ARM.Collect$$$$00000008)
    _main_cpp_init                           0x080000c9   Thumb Code     0  entry8b.o(.ARM.Collect$$$$0000000A)
    _main_init                               0x080000c9   Thumb Code     0  entry9a.o(.ARM.Collect$$$$0000000B)
    __rt_final_cpp                           0x080000d1   Thumb Code     0  entry10a.o(.ARM.Collect$$$$0000000D)
    __rt_final_exit                          0x080000d1   Thumb Code     0  entry11a.o(.ARM.Collect$$$$0000000F)
    Reset_Handler                            0x080000d5   Thumb Code    38  startup_ft32f072xb.o(.text)
    DIV_IRQHandler                           0x08000105   Thumb Code     0  startup_ft32f072xb.o(.text)
    DMA1_Channel1_IRQHandler                 0x08000105   Thumb Code     0  startup_ft32f072xb.o(.text)
    DMA1_Channel2_3_IRQHandler               0x08000105   Thumb Code     0  startup_ft32f072xb.o(.text)
    DMA1_Channel4_5_IRQHandler               0x08000105   Thumb Code     0  startup_ft32f072xb.o(.text)
    EXTI0_1_IRQHandler                       0x08000105   Thumb Code     0  startup_ft32f072xb.o(.text)
    EXTI2_3_IRQHandler                       0x08000105   Thumb Code     0  startup_ft32f072xb.o(.text)
    EXTI4_15_IRQHandler                      0x08000105   Thumb Code     0  startup_ft32f072xb.o(.text)
    FLASH_IRQHandler                         0x08000105   Thumb Code     0  startup_ft32f072xb.o(.text)
    I2C1_IRQHandler                          0x08000105   Thumb Code     0  startup_ft32f072xb.o(.text)
    I2C2_IRQHandler                          0x08000105   Thumb Code     0  startup_ft32f072xb.o(.text)
    PVD_VDDIO_IRQHandler                     0x08000105   Thumb Code     0  startup_ft32f072xb.o(.text)
    RCC_IRQHandler                           0x08000105   Thumb Code     0  startup_ft32f072xb.o(.text)
    RTC_IRQHandler                           0x08000105   Thumb Code     0  startup_ft32f072xb.o(.text)
    SPI1_IRQHandler                          0x08000105   Thumb Code     0  startup_ft32f072xb.o(.text)
    SPI2_IRQHandler                          0x08000105   Thumb Code     0  startup_ft32f072xb.o(.text)
    TIM14_IRQHandler                         0x08000105   Thumb Code     0  startup_ft32f072xb.o(.text)
    TIM15_IRQHandler                         0x08000105   Thumb Code     0  startup_ft32f072xb.o(.text)
    TIM16_IRQHandler                         0x08000105   Thumb Code     0  startup_ft32f072xb.o(.text)
    TIM17_IRQHandler                         0x08000105   Thumb Code     0  startup_ft32f072xb.o(.text)
    TIM1_BRK_UP_TRG_COM_IRQHandler           0x08000105   Thumb Code     0  startup_ft32f072xb.o(.text)
    TIM1_CC_IRQHandler                       0x08000105   Thumb Code     0  startup_ft32f072xb.o(.text)
    TIM3_IRQHandler                          0x08000105   Thumb Code     0  startup_ft32f072xb.o(.text)
    TIM6_IRQHandler                          0x08000105   Thumb Code     0  startup_ft32f072xb.o(.text)
    USART1_IRQHandler                        0x08000105   Thumb Code     0  startup_ft32f072xb.o(.text)
    USART2_IRQHandler                        0x08000105   Thumb Code     0  startup_ft32f072xb.o(.text)
    USB_IRQHandler                           0x08000105   Thumb Code     0  startup_ft32f072xb.o(.text)
    WWDG_IRQHandler                          0x08000105   Thumb Code     0  startup_ft32f072xb.o(.text)
    __aeabi_uidiv                            0x0800012d   Thumb Code     0  uidiv_div0.o(.text)
    __aeabi_uidivmod                         0x0800012d   Thumb Code    62  uidiv_div0.o(.text)
    __aeabi_idiv$div0                        0x0800016d   Thumb Code     0  idiv_div0.o(.text)
    __aeabi_idivmod                          0x0800016d   Thumb Code    74  idiv_div0.o(.text)
    __scatterload                            0x080001bd   Thumb Code    28  init.o(.text)
    __scatterload_rt2                        0x080001bd   Thumb Code     0  init.o(.text)
    ADC1_IRQHandler                          0x080001e1   Thumb Code    32  main.o(.text.ADC1_IRQHandler)
    EXTI_ClearITPendingBit                   0x08000201   Thumb Code     8  ft32f0xx_exti.o(.text.EXTI_ClearITPendingBit)
    EXTI_GetITStatus                         0x08000209   Thumb Code    16  ft32f0xx_exti.o(.text.EXTI_GetITStatus)
    GPIO_Init                                0x0800021d   Thumb Code   112  ft32f0xx_gpio.o(.text.GPIO_Init)
    GPIO_ResetBits                           0x0800028d   Thumb Code     4  ft32f0xx_gpio.o(.text.GPIO_ResetBits)
    GPIO_SetBits                             0x08000291   Thumb Code     4  ft32f0xx_gpio.o(.text.GPIO_SetBits)
    HardFault_Handler                        0x08000295   Thumb Code     2  ft32f0xx_it.o(.text.HardFault_Handler)
    NMI_Handler                              0x080002f5   Thumb Code     2  ft32f0xx_it.o(.text.NMI_Handler)
    PendSV_Handler                           0x080002f7   Thumb Code     2  ft32f0xx_it.o(.text.PendSV_Handler)
    RCC_AHBPeriphClockCmd                    0x080002f9   Thumb Code    24  ft32f0xx_rcc.o(.text.RCC_AHBPeriphClockCmd)
    SVC_Handler                              0x08000315   Thumb Code     2  ft32f0xx_it.o(.text.SVC_Handler)
    SysTick_Handler                          0x080003bd   Thumb Code     2  ft32f0xx_it.o(.text.SysTick_Handler)
    SystemInit                               0x080003c1   Thumb Code    80  system_ft32f0xx.o(.text.SystemInit)
    main                                     0x0800041d   Thumb Code    18  main.o(.text.main)
    COMP1_DAC1_Init                          0x08000431   Thumb Code   174  touch.o(i.COMP1_DAC1_Init)
    COMP1_DAC1_Touch1                        0x080004f1   Thumb Code     8  touch.o(i.COMP1_DAC1_Touch1)
    COMP1_DAC1_Touch2                        0x08000501   Thumb Code     8  touch.o(i.COMP1_DAC1_Touch2)
    COMP1_DAC1_Touch3                        0x08000511   Thumb Code     8  touch.o(i.COMP1_DAC1_Touch3)
    GroupIoModeAnalog                        0x08000521   Thumb Code    32  touch.o(i.GroupIoModeAnalog)
    GroupIoModeOut                           0x08000545   Thumb Code   110  ft32f0xx_touch.o(i.GroupIoModeOut)
    IO_Init                                  0x080005c1   Thumb Code    60  ft32f0xx_touch.o(i.IO_Init)
    JudgeGroupCharge                         0x08000615   Thumb Code   298  touch.o(i.JudgeGroupCharge)
    TIM16_CH1_Init                           0x0800074d   Thumb Code    94  touch.o(i.TIM16_CH1_Init)
    TIM16_Init                               0x080007c1   Thumb Code    72  touch.o(i.TIM16_Init)
    TIM16_OFF                                0x08000815   Thumb Code    14  touch.o(i.TIM16_OFF)
    TIM16_ON                                 0x08000829   Thumb Code    20  touch.o(i.TIM16_ON)
    TIM1_CH1_Init                            0x08000841   Thumb Code    84  touch.o(i.TIM1_CH1_Init)
    TIM1_CH2_Init                            0x080008a5   Thumb Code    86  touch.o(i.TIM1_CH2_Init)
    TIM1_CH3_Init                            0x0800090d   Thumb Code    86  touch.o(i.TIM1_CH3_Init)
    TIM1_Init                                0x08000975   Thumb Code    60  touch.o(i.TIM1_Init)
    TIM1_OFF                                 0x080009bd   Thumb Code    14  touch.o(i.TIM1_OFF)
    TIM1_ON                                  0x080009d1   Thumb Code    20  touch.o(i.TIM1_ON)
    TIM3_Init                                0x080009e9   Thumb Code    54  touch.o(i.TIM3_Init)
    TIM3_OFF                                 0x08000a2d   Thumb Code    14  touch.o(i.TIM3_OFF)
    TIM3_ON                                  0x08000a41   Thumb Code    32  touch.o(i.TIM3_ON)
    TSC_DataProcessing                       0x08000a65   Thumb Code   930  ft32f0xx_touch.o(i.TSC_DataProcessing)
    TSC_EnableKey                            0x08000e55   Thumb Code    22  ft32f0xx_touch.o(i.TSC_EnableKey)
    TSC_GetStrongest                         0x08000e71   Thumb Code     6  ft32f0xx_touch.o(i.TSC_GetStrongest)
    TSC_Init                                 0x08000e7d   Thumb Code   162  ft32f0xx_touch.o(i.TSC_Init)
    TSC_Start                                0x08000f49   Thumb Code   858  ft32f0xx_touch.o(i.TSC_Start)
    Touch1_Charge                            0x080012fd   Thumb Code    88  touch.o(i.Touch1_Charge)
    Touch2_Charge                            0x08001359   Thumb Code    90  touch.o(i.Touch2_Charge)
    Touch3_Charge                            0x080013b9   Thumb Code    96  touch.o(i.Touch3_Charge)
    Touch_Charge                             0x0800141d   Thumb Code    90  touch.o(i.Touch_Charge)
    Touch_Init                               0x0800147d   Thumb Code    98  touch.o(i.Touch_Init)
    __scatterload_copy                       0x080014ed   Thumb Code    14  handlers.o(i.__scatterload_copy)
    __scatterload_null                       0x080014fb   Thumb Code     2  handlers.o(i.__scatterload_null)
    __scatterload_zeroinit                   0x080014fd   Thumb Code    14  handlers.o(i.__scatterload_zeroinit)
    malloc                                   0x08001511   Thumb Code    92  malloc.o(i.malloc)
    TSC_IONUM                                0x0800157c   Data         192  touch.o(.constdata)
    ucBaselineDownSpeed                      0x0800163c   Data           1  main.o(.rodata.ucBaselineDownSpeed)
    ucBaselineEqualDownSpeed                 0x0800163d   Data           1  main.o(.rodata.ucBaselineEqualDownSpeed)
    ucBaselineEqualUpSpeed                   0x0800163e   Data           1  main.o(.rodata.ucBaselineEqualUpSpeed)
    ucBaselineUpSpeed                        0x0800163f   Data           1  main.o(.rodata.ucBaselineUpSpeed)
    ucKeyEn                                  0x08001640   Data           2  main.o(.rodata.ucKeyEn)
    ucKeyNumberMax                           0x08001642   Data           1  main.o(.rodata.ucKeyNumberMax)
    ucMeantimeMaxKeyNum                      0x08001643   Data           1  main.o(.rodata.ucMeantimeMaxKeyNum)
    ucMultiple                               0x08001644   Data           1  main.o(.rodata.ucMultiple)
    ucSensitivityArray                       0x08001645   Data           2  main.o(.rodata.ucSensitivityArray)
    ucSignalNoiseRatio                       0x08001647   Data           1  main.o(.rodata.ucSignalNoiseRatio)
    ucSingleFilter                           0x08001648   Data           1  main.o(.rodata.ucSingleFilter)
    ucStrongFilter                           0x08001649   Data           1  main.o(.rodata.ucStrongFilter)
    Region$$Table$$Base                      0x0800164c   Number         0  anon$$obj.o(Region$$Table)
    Region$$Table$$Limit                     0x0800166c   Number         0  anon$$obj.o(Region$$Table)
    paTK_Data                                0x20000000   Data           4  ft32f0xx_touch.o(.data)
    ChargeDataBuff                           0x20000004   Data           6  ft32f0xx_touch.o(.data)
    ClosestSub                               0x2000000a   Data           6  ft32f0xx_touch.o(.data)
    ptTSC_Para                               0x20000010   Data           4  ft32f0xx_touch.o(.data)
    TOUCH_READ_OK                            0x20000014   Data           1  ft32f0xx_touch.o(.data)
    ucKeyPollingCount                        0x20000015   Data           1  ft32f0xx_touch.o(.data)
    TK_OUT_strongest                         0x20000016   Data           1  ft32f0xx_touch.o(.data)
    TK_OUT_SINGLE                            0x20000018   Data           4  ft32f0xx_touch.o(.data)
    MAX_TMP                                  0x2000001c   Data           1  ft32f0xx_touch.o(.data)
    MAX1_TMP                                 0x2000001d   Data           1  ft32f0xx_touch.o(.data)
    capturecount                             0x2000001e   Data           1  ft32f0xx_touch.o(.data)
    ucKeyNumber                              0x2000001f   Data           1  ft32f0xx_touch.o(.data)
    uiBaseValue                              0x20000020   Data           2  ft32f0xx_touch.o(.data)
    uiSampleValue                            0x20000022   Data           2  ft32f0xx_touch.o(.data)
    BaselineEqualCondition                   0x20000024   Data           1  ft32f0xx_touch.o(.data)
    ucFreqChangeNumber                       0x20000025   Data           1  ft32f0xx_touch.o(.data)
    McuVersion                               0x20000026   Data           1  touch.o(.data)
    ucFrequ                                  0x20000027   Data           3  touch.o(.data)
    ucFrequNum                               0x2000002a   Data           1  touch.o(.data)
    __microlib_freelist                      0x2000002c   Data           4  mvars.o(.data)
    __microlib_freelist_initialised          0x20000030   Data           4  mvars.o(.data)
    __heap_base                              0x20000038   Data           0  startup_ft32f072xb.o(HEAP)
    __heap_limit                             0x20000238   Data           0  startup_ft32f072xb.o(HEAP)
    __initial_sp                             0x20000638   Data           0  startup_ft32f072xb.o(STACK)



==============================================================================

Memory Map of the image

  Image Entry point : 0x080000c1

  Load Region LR_IROM1 (Base: 0x08000000, Size: 0x000016a8, Max: 0x00010000, ABSOLUTE)

    Execution Region ER_IROM1 (Exec base: 0x08000000, Load base: 0x08000000, Size: 0x0000166c, Max: 0x00010000, ABSOLUTE)

    Exec Addr    Load Addr    Size         Type   Attr      Idx    E Section Name        Object

    0x08000000   0x08000000   0x000000c0   Data   RO          605    RESET               startup_ft32f072xb.o
    0x080000c0   0x080000c0   0x00000000   Code   RO          946  * .ARM.Collect$$$$00000000  mc_p.l(entry.o)
    0x080000c0   0x080000c0   0x00000004   Code   RO          987    .ARM.Collect$$$$00000001  mc_p.l(entry2.o)
    0x080000c4   0x080000c4   0x00000004   Code   RO          990    .ARM.Collect$$$$00000004  mc_p.l(entry5.o)
    0x080000c8   0x080000c8   0x00000000   Code   RO          992    .ARM.Collect$$$$00000008  mc_p.l(entry7b.o)
    0x080000c8   0x080000c8   0x00000000   Code   RO          994    .ARM.Collect$$$$0000000A  mc_p.l(entry8b.o)
    0x080000c8   0x080000c8   0x00000008   Code   RO          995    .ARM.Collect$$$$0000000B  mc_p.l(entry9a.o)
    0x080000d0   0x080000d0   0x00000000   Code   RO          997    .ARM.Collect$$$$0000000D  mc_p.l(entry10a.o)
    0x080000d0   0x080000d0   0x00000000   Code   RO          999    .ARM.Collect$$$$0000000F  mc_p.l(entry11a.o)
    0x080000d0   0x080000d0   0x00000004   Code   RO          988    .ARM.Collect$$$$00002712  mc_p.l(entry2.o)
    0x080000d4   0x080000d4   0x00000058   Code   RO          606    .text               startup_ft32f072xb.o
    0x0800012c   0x0800012c   0x0000003e   Code   RO         1005    .text               mc_p.l(uidiv_div0.o)
    0x0800016a   0x0800016a   0x00000002   PAD
    0x0800016c   0x0800016c   0x00000050   Code   RO         1007    .text               mc_p.l(idiv_div0.o)
    0x080001bc   0x080001bc   0x00000024   Code   RO         1017    .text               mc_p.l(init.o)
    0x080001e0   0x080001e0   0x00000020   Code   RO           25    .text.ADC1_IRQHandler  main.o
    0x08000200   0x08000200   0x00000008   Code   RO          115    .text.EXTI_ClearITPendingBit  ft32f0xx_exti.o
    0x08000208   0x08000208   0x00000014   Code   RO          113    .text.EXTI_GetITStatus  ft32f0xx_exti.o
    0x0800021c   0x0800021c   0x00000070   Code   RO          191    .text.GPIO_Init     ft32f0xx_gpio.o
    0x0800028c   0x0800028c   0x00000004   Code   RO          207    .text.GPIO_ResetBits  ft32f0xx_gpio.o
    0x08000290   0x08000290   0x00000004   Code   RO          205    .text.GPIO_SetBits  ft32f0xx_gpio.o
    0x08000294   0x08000294   0x00000002   Code   RO            4    .text.HardFault_Handler  ft32f0xx_it.o
    0x08000296   0x08000296   0x00000002   PAD
    0x08000298   0x08000298   0x00000034   Code   RO           23    .text.KEY_Scan      main.o
    0x080002cc   0x080002cc   0x00000028   Code   RO           21    .text.LED_Init      main.o
    0x080002f4   0x080002f4   0x00000002   Code   RO            2    .text.NMI_Handler   ft32f0xx_it.o
    0x080002f6   0x080002f6   0x00000002   Code   RO            8    .text.PendSV_Handler  ft32f0xx_it.o
    0x080002f8   0x080002f8   0x0000001c   Code   RO          299    .text.RCC_AHBPeriphClockCmd  ft32f0xx_rcc.o
    0x08000314   0x08000314   0x00000002   Code   RO            6    .text.SVC_Handler   ft32f0xx_it.o
    0x08000316   0x08000316   0x00000008   Code   RO          615    .text.SetSysClock   system_ft32f0xx.o
    0x0800031e   0x0800031e   0x00000002   PAD
    0x08000320   0x08000320   0x0000009c   Code   RO          619    .text.SetSysClockTo72  system_ft32f0xx.o
    0x080003bc   0x080003bc   0x00000002   Code   RO           10    .text.SysTick_Handler  ft32f0xx_it.o
    0x080003be   0x080003be   0x00000002   PAD
    0x080003c0   0x080003c0   0x0000005c   Code   RO          613    .text.SystemInit    system_ft32f0xx.o
    0x0800041c   0x0800041c   0x00000012   Code   RO           19    .text.main          main.o
    0x0800042e   0x0800042e   0x00000002   PAD
    0x08000430   0x08000430   0x000000c0   Code   RO          771    i.COMP1_DAC1_Init   ft32f0xx_touch_intscan_cs.lib(touch.o)
    0x080004f0   0x080004f0   0x00000010   Code   RO          772    i.COMP1_DAC1_Touch1  ft32f0xx_touch_intscan_cs.lib(touch.o)
    0x08000500   0x08000500   0x00000010   Code   RO          773    i.COMP1_DAC1_Touch2  ft32f0xx_touch_intscan_cs.lib(touch.o)
    0x08000510   0x08000510   0x00000010   Code   RO          774    i.COMP1_DAC1_Touch3  ft32f0xx_touch_intscan_cs.lib(touch.o)
    0x08000520   0x08000520   0x00000024   Code   RO          775    i.GroupIoModeAnalog  ft32f0xx_touch_intscan_cs.lib(touch.o)
    0x08000544   0x08000544   0x0000007c   Code   RO          632    i.GroupIoModeOut    ft32f0xx_touch_intscan_cs.lib(ft32f0xx_touch.o)
    0x080005c0   0x080005c0   0x00000054   Code   RO          633    i.IO_Init           ft32f0xx_touch_intscan_cs.lib(ft32f0xx_touch.o)
    0x08000614   0x08000614   0x00000138   Code   RO          776    i.JudgeGroupCharge  ft32f0xx_touch_intscan_cs.lib(touch.o)
    0x0800074c   0x0800074c   0x00000074   Code   RO          777    i.TIM16_CH1_Init    ft32f0xx_touch_intscan_cs.lib(touch.o)
    0x080007c0   0x080007c0   0x00000054   Code   RO          778    i.TIM16_Init        ft32f0xx_touch_intscan_cs.lib(touch.o)
    0x08000814   0x08000814   0x00000014   Code   RO          779    i.TIM16_OFF         ft32f0xx_touch_intscan_cs.lib(touch.o)
    0x08000828   0x08000828   0x00000018   Code   RO          780    i.TIM16_ON          ft32f0xx_touch_intscan_cs.lib(touch.o)
    0x08000840   0x08000840   0x00000064   Code   RO          781    i.TIM1_CH1_Init     ft32f0xx_touch_intscan_cs.lib(touch.o)
    0x080008a4   0x080008a4   0x00000068   Code   RO          782    i.TIM1_CH2_Init     ft32f0xx_touch_intscan_cs.lib(touch.o)
    0x0800090c   0x0800090c   0x00000068   Code   RO          783    i.TIM1_CH3_Init     ft32f0xx_touch_intscan_cs.lib(touch.o)
    0x08000974   0x08000974   0x00000048   Code   RO          784    i.TIM1_Init         ft32f0xx_touch_intscan_cs.lib(touch.o)
    0x080009bc   0x080009bc   0x00000014   Code   RO          785    i.TIM1_OFF          ft32f0xx_touch_intscan_cs.lib(touch.o)
    0x080009d0   0x080009d0   0x00000018   Code   RO          786    i.TIM1_ON           ft32f0xx_touch_intscan_cs.lib(touch.o)
    0x080009e8   0x080009e8   0x00000044   Code   RO          787    i.TIM3_Init         ft32f0xx_touch_intscan_cs.lib(touch.o)
    0x08000a2c   0x08000a2c   0x00000014   Code   RO          788    i.TIM3_OFF          ft32f0xx_touch_intscan_cs.lib(touch.o)
    0x08000a40   0x08000a40   0x00000024   Code   RO          789    i.TIM3_ON           ft32f0xx_touch_intscan_cs.lib(touch.o)
    0x08000a64   0x08000a64   0x000003f0   Code   RO          636    i.TSC_DataProcessing  ft32f0xx_touch_intscan_cs.lib(ft32f0xx_touch.o)
    0x08000e54   0x08000e54   0x0000001c   Code   RO          637    i.TSC_EnableKey     ft32f0xx_touch_intscan_cs.lib(ft32f0xx_touch.o)
    0x08000e70   0x08000e70   0x0000000c   Code   RO          641    i.TSC_GetStrongest  ft32f0xx_touch_intscan_cs.lib(ft32f0xx_touch.o)
    0x08000e7c   0x08000e7c   0x000000cc   Code   RO          642    i.TSC_Init          ft32f0xx_touch_intscan_cs.lib(ft32f0xx_touch.o)
    0x08000f48   0x08000f48   0x000003b4   Code   RO          645    i.TSC_Start         ft32f0xx_touch_intscan_cs.lib(ft32f0xx_touch.o)
    0x080012fc   0x080012fc   0x0000005c   Code   RO          790    i.Touch1_Charge     ft32f0xx_touch_intscan_cs.lib(touch.o)
    0x08001358   0x08001358   0x00000060   Code   RO          791    i.Touch2_Charge     ft32f0xx_touch_intscan_cs.lib(touch.o)
    0x080013b8   0x080013b8   0x00000064   Code   RO          792    i.Touch3_Charge     ft32f0xx_touch_intscan_cs.lib(touch.o)
    0x0800141c   0x0800141c   0x00000060   Code   RO          793    i.Touch_Charge      ft32f0xx_touch_intscan_cs.lib(touch.o)
    0x0800147c   0x0800147c   0x00000070   Code   RO          794    i.Touch_Init        ft32f0xx_touch_intscan_cs.lib(touch.o)
    0x080014ec   0x080014ec   0x0000000e   Code   RO         1021    i.__scatterload_copy  mc_p.l(handlers.o)
    0x080014fa   0x080014fa   0x00000002   Code   RO         1022    i.__scatterload_null  mc_p.l(handlers.o)
    0x080014fc   0x080014fc   0x0000000e   Code   RO         1023    i.__scatterload_zeroinit  mc_p.l(handlers.o)
    0x0800150a   0x0800150a   0x00000006   Code   RO          795    i.__set_PRIMASK     ft32f0xx_touch_intscan_cs.lib(touch.o)
    0x08001510   0x08001510   0x0000006c   Code   RO          960    i.malloc            mc_p.l(malloc.o)
    0x0800157c   0x0800157c   0x000000c0   Data   RO          796    .constdata          ft32f0xx_touch_intscan_cs.lib(touch.o)
    0x0800163c   0x0800163c   0x00000001   Data   RO           30    .rodata.ucBaselineDownSpeed  main.o
    0x0800163d   0x0800163d   0x00000001   Data   RO           33    .rodata.ucBaselineEqualDownSpeed  main.o
    0x0800163e   0x0800163e   0x00000001   Data   RO           32    .rodata.ucBaselineEqualUpSpeed  main.o
    0x0800163f   0x0800163f   0x00000001   Data   RO           31    .rodata.ucBaselineUpSpeed  main.o
    0x08001640   0x08001640   0x00000002   Data   RO           37    .rodata.ucKeyEn     main.o
    0x08001642   0x08001642   0x00000001   Data   RO           38    .rodata.ucKeyNumberMax  main.o
    0x08001643   0x08001643   0x00000001   Data   RO           35    .rodata.ucMeantimeMaxKeyNum  main.o
    0x08001644   0x08001644   0x00000001   Data   RO           27    .rodata.ucMultiple  main.o
    0x08001645   0x08001645   0x00000002   Data   RO           36    .rodata.ucSensitivityArray  main.o
    0x08001647   0x08001647   0x00000001   Data   RO           34    .rodata.ucSignalNoiseRatio  main.o
    0x08001648   0x08001648   0x00000001   Data   RO           29    .rodata.ucSingleFilter  main.o
    0x08001649   0x08001649   0x00000001   Data   RO           28    .rodata.ucStrongFilter  main.o
    0x0800164a   0x0800164a   0x00000002   PAD
    0x0800164c   0x0800164c   0x00000020   Data   RO         1020    Region$$Table       anon$$obj.o


    Execution Region RW_IRAM1 (Exec base: 0x20000000, Load base: 0x08001670, Size: 0x00000638, Max: 0x00002000, ABSOLUTE)

    Exec Addr    Load Addr    Size         Type   Attr      Idx    E Section Name        Object

    0x20000000   0x08001670   0x00000026   Data   RW          646    .data               ft32f0xx_touch_intscan_cs.lib(ft32f0xx_touch.o)
    0x20000026   0x08001696   0x00000005   Data   RW          797    .data               ft32f0xx_touch_intscan_cs.lib(touch.o)
    0x2000002b   0x0800169b   0x00000001   PAD
    0x2000002c   0x0800169c   0x00000004   Data   RW         1015    .data               mc_p.l(mvars.o)
    0x20000030   0x080016a0   0x00000004   Data   RW         1016    .data               mc_p.l(mvars.o)
    0x20000034   0x080016a4   0x00000004   PAD
    0x20000038        -       0x00000200   Zero   RW          604    HEAP                startup_ft32f072xb.o
    0x20000238        -       0x00000400   Zero   RW          603    STACK               startup_ft32f072xb.o


==============================================================================

Image component sizes


      Code (inc. data)   RO Data    RW Data    ZI Data      Debug   Object Name

        28          4          0          0          0       2987   ft32f0xx_exti.o
       120          0          0          0          0       5045   ft32f0xx_gpio.o
        10          0          0          0          0        691   ft32f0xx_it.o
        28          4          0          0          0      10469   ft32f0xx_rcc.o
       142          8         14          0          0       3085   main.o
        88         38        192          0       1536        676   startup_ft32f072xb.o
       256         20          0          0          0       2573   system_ft32f0xx.o

    ----------------------------------------------------------------------
       680         74        240          0       1536      25526   Object Totals
         0          0         32          0          0          0   (incl. Generated)
         8          0          2          0          0          0   (incl. Padding)

    ----------------------------------------------------------------------

      Code (inc. data)   RO Data    RW Data    ZI Data      Debug   Library Member Name

      2408        260          0         38          0     106090   ft32f0xx_touch.o
      1882        236        192          5          0      13122   touch.o
         0          0          0          0          0          0   entry.o
         0          0          0          0          0          0   entry10a.o
         0          0          0          0          0          0   entry11a.o
         8          4          0          0          0          0   entry2.o
         4          0          0          0          0          0   entry5.o
         0          0          0          0          0          0   entry7b.o
         0          0          0          0          0          0   entry8b.o
         8          4          0          0          0          0   entry9a.o
        30          0          0          0          0          0   handlers.o
        80          6          0          0          0         72   idiv_div0.o
        36          8          0          0          0         68   init.o
       108         16          0          0          0         76   malloc.o
         0          0          0          8          0          0   mvars.o
        62          0          0          0          0         72   uidiv_div0.o

    ----------------------------------------------------------------------
      4628        534        192         52          4     119500   Library Totals
         2          0          0          1          4          0   (incl. Padding)

    ----------------------------------------------------------------------

      Code (inc. data)   RO Data    RW Data    ZI Data      Debug   Library Name

      4290        496        192         43          0     119212   ft32f0xx_touch_intscan_cs.lib
       336         38          0          8          0        288   mc_p.l

    ----------------------------------------------------------------------
      4628        534        192         52          4     119500   Library Totals

    ----------------------------------------------------------------------

==============================================================================


      Code (inc. data)   RO Data    RW Data    ZI Data      Debug   

      5308        608        432         52       1540     143758   Grand Totals
      5308        608        432         52       1540     143758   ELF Image Totals
      5308        608        432         52          0          0   ROM Totals

==============================================================================

    Total RO  Size (Code + RO Data)                 5740 (   5.61kB)
    Total RW  Size (RW Data + ZI Data)              1592 (   1.55kB)
    Total ROM Size (Code + RO Data + RW Data)       5792 (   5.66kB)

==============================================================================

