[15:10:06] [15:10:17] [15:16:47] [15:28:15] ore save file 
[15:30:56] [15:33:14] 
[10:57:03] op running before save file 
[10:57:04] op running before save file 
[10:57:05] op running before save file 
[10:57:31] 
[10:57:32] 
[10:57:41] 
[11:02:32] [11:02:48] [11:02:50] [11:04:04] [11:04:05] [11:05:28] [11:05:42] [11:05:44] [11:05:54] [11:05:56] [11:06:32] [11:06:44] [11:06:46] [12:39:36] d and_eq asm auto bitand bitor bool break case catch char class compl const const_cast continue default delete do double dynamic_cast else enum explicit export extern false float for friend goto if inline int long mutable namespace new not not_eq operator or or_eq private protected public register reinterpret_cast return short signed sizeof static static_cast struct switch template this throw true try typedef typeid typename union unsigned using virtual void volatile wchar_t while xor xor_eq persistent 
[12:39:38] d and_eq asm auto bitand bitor bool break case catch char class compl const const_cast continue default delete do double dynamic_cast else enum explicit export extern false float for friend goto if inline int long mutable namespace new not not_eq operator or or_eq private protected public register reinterpret_cast return short signed sizeof static static_cast struct switch template this throw true try typedef typeid typename union unsigned using virtual void volatile wchar_t while xor xor_eq persistent 
[12:40:00] 4[12:40:01] 4[12:40:31] [12:40:33] [12:41:13] [12:41:15] [12:41:26] ning before save file 
[12:41:27] ning before save file 
[12:41:27] ning before save file 
[12:41:28] ning before save file 
[12:41:28] ning before save file 
[12:41:33] [12:41:34] [12:41:35] [12:41:35] [12:41:39] [12:41:40] [12:41:41] [12:41:41] [12:41:42] [12:41:43] [12:41:44] [12:41:44] [12:41:48] [12:41:49] [12:41:50] [12:41:50] [12:41:51] [12:41:52] ning before save file 
[12:41:52] ning before save file 
[12:41:55] [12:41:56] [12:41:57] [12:42:49] [12:42:49] [12:43:26] toPos: 
[12:43:27] toPos: 
[12:44:52] 
[12:45:11] 
[12:45:13] 
[12:50:10] [12:50:34] sm auto bitand bitor bool break case catch char class compl const const_cast continue default delete do double dynamic_cast else enum explicit export extern false float for friend goto if inline int long mutable namespace new not not_eq operator or or_eq private protected public register reinterpret_cast return short signed sizeof static static_cast struct switch template this throw true try typedef typeid typename union unsigned using virtual void volatile wchar_t while xor xor_eq persistent 
[12:50:47] sm auto bitand bitor bool break case catch char class compl const const_cast continue default delete do double dynamic_cast else enum explicit export extern false float for friend goto if inline int long mutable namespace new not not_eq operator or or_eq private protected public register reinterpret_cast return short signed sizeof static static_cast struct switch template this throw true try typedef typeid typename union unsigned using virtual void volatile wchar_t while xor xor_eq persistent 
[12:54:06] RuntoPos: 
[12:54:50] m auto bitand bitor bool break case catch char class compl const const_cast continue default delete do double dynamic_cast else enum explicit export extern false float for friend goto if inline int long mutable namespace new not not_eq operator or or_eq private protected public register reinterpret_cast return short signed sizeof static static_cast struct switch template this throw true try typedef typeid typename union unsigned using virtual void volatile wchar_t while xor xor_eq persistent 
[12:55:01] m auto bitand bitor bool break case catch char class compl const const_cast continue default delete do double dynamic_cast else enum explicit export extern false float for friend goto if inline int long mutable namespace new not not_eq operator or or_eq private protected public register reinterpret_cast return short signed sizeof static static_cast struct switch template this throw true try typedef typeid typename union unsigned using virtual void volatile wchar_t while xor xor_eq persistent 
[12:55:03] m auto bitand bitor bool break case catch char class compl const const_cast continue default delete do double dynamic_cast else enum explicit export extern false float for friend goto if inline int long mutable namespace new not not_eq operator or or_eq private protected public register reinterpret_cast return short signed sizeof static static_cast struct switch template this throw true try typedef typeid typename union unsigned using virtual void volatile wchar_t while xor xor_eq persistent 
[12:58:21]  auto bitand bitor bool break case catch char class compl const const_cast continue default delete do double dynamic_cast else enum explicit export extern false float for friend goto if inline int long mutable namespace new not not_eq operator or or_eq private protected public register reinterpret_cast return short signed sizeof static static_cast struct switch template this throw true try typedef typeid typename union unsigned using virtual void volatile wchar_t while xor xor_eq persistent 
[13:02:20] to bitand bitor bool break case catch char class compl const const_cast continue default delete do double dynamic_cast else enum explicit export extern false float for friend goto if inline int long mutable namespace new not not_eq operator or or_eq private protected public register reinterpret_cast return short signed sizeof static static_cast struct switch template this throw true try typedef typeid typename union unsigned using virtual void volatile wchar_t while xor xor_eq persistent 
[13:09:14] nd bitor bool break case catch char class compl const const_cast continue default delete do double dynamic_cast else enum explicit export extern false float for friend goto if inline int long mutable namespace new not not_eq operator or or_eq private protected public register reinterpret_cast return short signed sizeof static static_cast struct switch template this throw true try typedef typeid typename union unsigned using virtual void volatile wchar_t while xor xor_eq persistent 
[16:09:54] nd bitor bool break case catch char class compl const const_cast continue default delete do double dynamic_cast else enum explicit export extern false float for friend goto if inline int long mutable namespace new not not_eq operator or or_eq private protected public register reinterpret_cast return short signed sizeof static static_cast struct switch template this throw true try typedef typeid typename union unsigned using virtual void volatile wchar_t while xor xor_eq persistent 
[16:15:53] d bitor bool break case catch char class compl const const_cast continue default delete do double dynamic_cast else enum explicit export extern false float for friend goto if inline int long mutable namespace new not not_eq operator or or_eq private protected public register reinterpret_cast return short signed sizeof static static_cast struct switch template this throw true try typedef typeid typename union unsigned using virtual void volatile wchar_t while xor xor_eq persistent 
[16:27:10] ak case catch char class compl const const_cast continue default delete do double dynamic_cast else enum explicit export extern false float for friend goto if inline int long mutable namespace new not not_eq operator or or_eq private protected public register reinterpret_cast return short signed sizeof static static_cast struct switch template this throw true try typedef typeid typename union unsigned using virtual void volatile wchar_t while xor xor_eq persistent 
[17:23:25] [17:26:26] RuntoPos: 
[17:26:27] RuntoPos: 
[17:26:28] RuntoPos: 
[17:26:29] RuntoPos: 
[17:26:29] RuntoPos: 
[17:57:20] [18:48:09] ol break case catch char class compl const const_cast continue default delete do double dynamic_cast else enum explicit export extern false float for friend goto if inline int long mutable namespace new not not_eq operator or or_eq private protected public register reinterpret_cast return short signed sizeof static static_cast struct switch template this throw true try typedef typeid typename union unsigned using virtual void volatile wchar_t while xor xor_eq persistent 
[20:18:46]  break case catch char class compl const const_cast continue default delete do double dynamic_cast else enum explicit export extern false float for friend goto if inline int long mutable namespace new not not_eq operator or or_eq private protected public register reinterpret_cast return short signed sizeof static static_cast struct switch template this throw true try typedef typeid typename union unsigned using virtual void volatile wchar_t while xor xor_eq persistent 
[22:12:52] [22:13:54] [22:15:10] [22:16:20] [22:18:27] [22:20:31] [22:22:25] [22:26:33] [22:27:19] [22:28:13] [12:16:06] [12:16:06] [12:16:07] [12:16:08] [12:16:08] [12:16:14] [12:16:14] [12:16:56] [12:16:57] [12:17:45] [12:20:53] [12:23:30] [12:24:38] [12:27:52] [12:50:06] [12:53:10] [12:55:28] [12:58:12] [12:58:55] [12:58:55] [13:01:02] [13:03:15] [13:46:13] [13:46:14] [13:46:15] [19:01:26] 
[19:27:56] 
[12:30:44] [12:30:45] [12:54:29] [12:55:21] [12:55:23] [12:56:07] [13:03:42] [16:15:08] [16:19:36] [16:27:46] [16:30:35] [16:30:37] [16:32:01] [16:32:03] [16:33:39] [16:33:47] [16:33:49] [16:34:20] [16:34:22] [16:35:02] [16:35:07] [16:37:39] [16:38:11] [16:40:02] [16:40:19] [16:40:21] [16:49:31] [16:57:19] [17:35:51] [17:35:52] [17:42:52] [17:53:52] [18:05:17] 
[18:21:08] 
[18:27:20] )
[18:34:21] [18:39:14] [18:42:07] [19:33:11] [19:50:56] [20:19:54] [20:28:04] [20:33:04] [11:02:51] 
[11:17:43] [11:17:44] [11:17:55] [11:17:55] [11:19:03] 
[11:19:38] 
[11:22:59] 
[11:26:38] 
[11:42:55] 
[11:43:14] 
[11:43:47] 
[11:43:47] 
[13:37:06] 
[23:08:15] 
[23:10:37] 
[17:49:16] pp
[17:51:46] 
[18:01:34] 
[18:03:46] 
[18:03:46] 
[18:14:22] 
[18:14:32] 
[18:14:33] 
[12:04:29] 
[12:05:53] pp
[12:09:41] 
[12:12:54] 
[12:13:15] 
[12:13:31] 
[12:13:31] 
[12:13:41] 
[12:13:41] 
[12:14:59] 
[12:20:45] 
