GNU Tool Chain  

Linker command line:

--edf=C:\Program Files (x86)\CCompiler\Compiler\data\dat\en_msgs.txt -cs \
  -h+remute-rf-tx-fmd.sym --cmf=remute-rf-tx-fmd.cmf -z -QFT60F02X \
  -oC:\Users\DATA\AppData\Local\Temp\shm4.2 -Mremute-rf-tx-fmd.map -E1 \
  -ver=XC8 -ASTACK=02Eh-06fh -pstack=STACK -ACODE=00h-07FFh \
  -ASTRCODE=00h-07FFh -ASTRING=00h-0FFhx8 -ACONST=00h-0FFhx8 \
  -AENTRY=00h-0FFhx8 -ACOMMON=070h-07Fh -ABANK0=020h-06Fh -ABANK1=0A0h-0BFh \
  -ARAM=020h-06Fh,0A0h-0BFh -AABS1=020h-07Fh,0A0h-0BFh -ASFR0=00h-01Fh \
  -ASFR1=080h-09Fh -preset_vec=00h,intentry=04h,init,end_init \
  -ppowerup=CODE -pcinit=CODE -pfunctab=ENTRY -ACONFIG=02007h-02007h \
  -pconfig=CONFIG -DCONFIG=2 -AIDLOC=02000h-02003h -pidloc=IDLOC -DIDLOC=2 \
  -AEEDATA=00h-0FFh/02100h -peeprom_data=EEDATA -DEEDATA=2 -DCODE=2 \
  -DSTRCODE=2 -DSTRING=2 -DCONST=2 -DENTRY=2 -k \
  C:\Users\DATA\AppData\Local\Temp\shm4.obj remute-rf-tx-fmd.obj 

Object code version is 3.11

Machine type is FT60F02X



                Name                               Link     Load   Length Selector   Space Scale
C:\Users\DATA\AppData\Local\Temp\shm4.obj
                end_init                              A        A        1        8       0
                reset_vec                             0        0        1        0       0
remute-rf-tx-fmd.obj
                cinit                                 B        B        A        8       0
                intentry                              4        4        6        8       0
                text10                              22B      22B        D        8       0
                text9                               244      244        7        8       0
                text8                               21B      21B       10        8       0
                text7                               1BC      1BC       1E        8       0
                text6                               208      208       13        8       0
                text5                                15       15       C2        8       0
                text4                               238      238        C        8       0
                text3                               1F2      1F2       16        8       0
                text2                               189      189       33        8       0
                text1                               1DA      1DA       18        8       0
                maintext                             D7       D7       B2        8       0
                cstackBANK0                          27       27        6       20       1
                cstackCOMMON                         70       70        C       70       1
                bssBANK0                             20       20        7       20       1
                nvBANK0                              2D       2D        1       20       1

TOTAL           Name                               Link     Load   Length     Space
        CLASS   STACK          

        CLASS   CODE           
                end_init                              A        A        1         0
                cinit                                 B        B        A         0
                intentry                              4        4        6         0
                reset_vec                             0        0        1         0
                text10                              22B      22B        D         0
                text9                               244      244        7         0
                text8                               21B      21B       10         0
                text7                               1BC      1BC       1E         0
                text6                               208      208       13         0
                text5                                15       15       C2         0
                text4                               238      238        C         0
                text3                               1F2      1F2       16         0
                text2                               189      189       33         0
                text1                               1DA      1DA       18         0
                maintext                             D7       D7       B2         0

        CLASS   STRCODE        

        CLASS   STRING         

        CLASS   CONST          

        CLASS   ENTRY          

        CLASS   COMMON         
                cstackCOMMON                         70       70        C         1

        CLASS   BANK0          
                cstackBANK0                          27       27        6         1
                bssBANK0                             20       20        7         1
                nvBANK0                              2D       2D        1         1

        CLASS   BANK1          

        CLASS   RAM            

        CLASS   ABS1           
                abs_s1                               7E       7E        2         1

        CLASS   SFR0           

        CLASS   SFR1           

        CLASS   CONFIG         

        CLASS   IDLOC          

        CLASS   EEDATA         



SEGMENTS        Name                           Load    Length   Top    Selector   Space  Class     Delta

                reset_vec                      000000  000001  000001         0       0  CODE        2
                intentry                       000004  000247  00024B         8       0  CODE        2
                bssBANK0                       000020  00000E  00002E        20       1  BANK0       1
                cstackCOMMON                   000070  00000C  00007C        70       1  COMMON      1


UNUSED ADDRESS RANGES

        Name                Unused          Largest block    Delta
        BANK0            02E-06F            42           1
        BANK1            0A0-0BF            20           1
        CODE             001-003             3           2
                         24B-7FF           5B5
        COMMON           07C-07D             2           1
        CONFIG           2007-2007             1           2
        CONST            001-003             3           2
                         24B-7FF           100
        EEDATA           2100-21FF           100           2
        ENTRY            001-003             3           2
                         24B-7FF           100
        IDLOC            2000-2003             4           2
        RAM              02E-06F            42           1
                         0A0-0BF            20
        SFR0             000-01F            20           1
        SFR1             080-09F            20           1
        STACK            02E-06F            42           1
        STRCODE          001-003             3           2
                         24B-7FF           5B5
        STRING           001-003             3           2
                         24B-7FF           100

                                  Symbol Table

DelayMs@Time             cstackCOMMON 076
DelayMs@a                cstackCOMMON 078
DelayMs@b                cstackCOMMON 07A
DelayUs@Time             cstackCOMMON 072
DelayUs@a                cstackCOMMON 074
EEPROMread@EEAddr        cstackCOMMON 072
EEPROMread@ReEEPROMread  cstackCOMMON 073
EEPROMwrite@Data         cstackCOMMON 072
EEPROMwrite@EEAddr       cstackCOMMON 073
GEN_CODE@i               cstackBANK0  02B
PL2                      text5        0C7
PL4                      text5        0CD
PL6                      text2        1B7
PL8                      text5        0D2
SEND_CODE@Code1          cstackBANK0  029
SEND_CODE@Code2          cstackBANK0  027
SEND_CODE@Code3          cstackBANK0  028
SEND_DATA@Bit            cstackCOMMON 079
SEND_DATA@Byte           cstackCOMMON 078
SEND_DATA@Code           cstackCOMMON 077
_CMCON0                  (abs)        019
_CodeKey                 bssBANK0     025
_CodeLearn               bssBANK0     020
_CountKey                bssBANK0     023
_DelayMs                 text7        1BC
_DelayUs                 text8        21B
_EEADR                   (abs)        09B
_EECON1                  (abs)        09C
_EEDAT                   (abs)        09A
_EEIF                    (abs)        067
_EEPROMread              text9        244
_EEPROMwrite             text6        208
_GEN_CODE                text5        015
_GEN_CODE$851            cstackBANK0  028
_GEN_CODE$852            cstackBANK0  029
_GEN_CODE$853            cstackBANK0  02A
_GIE                     (abs)        05F
_INTCON                  (abs)        00B
_INT_INIT                text4        238
_IOCA0                   (abs)        4B0
_IOCA1                   (abs)        4B1
_IOCA2                   (abs)        4B2
_IOCA4                   (abs)        4B4
_IOCA6                   (abs)        4B6
_IOCA7                   (abs)        4B7
_ISR                     text10       22B
_Learn                   nvBANK0      02D
_MSCKCON                 (abs)        01B
_OPTION                  (abs)        081
_OSCCON                  (abs)        08F
_PA0                     (abs)        028
_PA1                     (abs)        029
_PA2                     (abs)        02A
_PA4                     (abs)        02C
_PA6                     (abs)        02E
_PA7                     (abs)        02F
_PAIE                    (abs)        05B
_PAIF                    (abs)        058
_PC1                     (abs)        039
_PC2                     (abs)        03A
_PC3                     (abs)        03B
_PC4                     (abs)        03C
_PC5                     (abs)        03D
_PC6                     (abs)        03E
_PC7                     (abs)        03F
_PORTA                   (abs)        005
_PORTC                   (abs)        007
_POWER_INIT              text3        1F2
_RD                      (abs)        4E0
_SEND_CODE               text1        1DA
_SEND_DATA               text2        189
_Set                     bssBANK0     026
_TRISA                   (abs)        085
_TRISC                   (abs)        087
_WPUA                    (abs)        095
_WR                      (abs)        4E8
__Habs1                  abs1         000
__Hbank0                 bank0        000
__Hbank1                 bank1        000
__HbssBANK0              bssBANK0     000
__Hcinit                 cinit        015
__Hclrtext               clrtext      000
__Hcode                  code         000
__Hcommon                common       000
__Hconfig                config       000
__HcstackBANK0           cstackBANK0  000
__HcstackCOMMON          cstackCOMMON 000
__Heeprom_data           eeprom_data  000
__Hend_init              end_init     00B
__Hfunctab               functab      000
__Hidloc                 idloc        000
__Hinit                  init         00A
__Hintentry              intentry     00A
__Hmaintext              maintext     000
__HnvBANK0               nvBANK0      000
__Hpa_nodes0             pa_nodes0    000
__Hpowerup               powerup      000
__Hram                   ram          000
__Hreset_vec             reset_vec    001
__Hsfr0                  sfr0         000
__Hsfr1                  sfr1         000
__Hspace_0               (abs)        24B
__Hspace_1               (abs)        07C
__Hspace_2               (abs)        000
__Hspace_3               (abs)        000
__Hstack                 stack        000
__Hstrings               strings      000
__Htext                  text         000
__Labs1                  abs1         000
__Lbank0                 bank0        000
__Lbank1                 bank1        000
__LbssBANK0              bssBANK0     000
__Lcinit                 cinit        00B
__Lclrtext               clrtext      000
__Lcode                  code         000
__Lcommon                common       000
__Lconfig                config       000
__LcstackBANK0           cstackBANK0  000
__LcstackCOMMON          cstackCOMMON 000
__Leeprom_data           eeprom_data  000
__Lend_init              end_init     00A
__Lfunctab               functab      000
__Lidloc                 idloc        000
__Linit                  init         00A
__Lintentry              intentry     004
__Lmaintext              maintext     000
__LnvBANK0               nvBANK0      000
__Lpa_nodes0             pa_nodes0    000
__Lpowerup               powerup      000
__Lram                   ram          000
__Lreset_vec             reset_vec    000
__Lsfr0                  sfr0         000
__Lsfr1                  sfr1         000
__Lspace_0               (abs)        000
__Lspace_1               (abs)        000
__Lspace_2               (abs)        000
__Lspace_3               (abs)        000
__Lstack                 stack        000
__Lstrings               strings      000
__Ltext                  text         000
__S0                     (abs)        24B
__S1                     (abs)        07C
__S2                     (abs)        000
__S3                     (abs)        000
___int_sp                stack        000
___latbits               (abs)        000
___sp                    stack        000
__end_ofPL2              text5        0CD
__end_ofPL4              text5        0D2
__end_ofPL6              text2        1BC
__end_ofPL8              text5        0D7
__end_of_DelayMs         text7        1DA
__end_of_DelayUs         text8        22B
__end_of_EEPROMread      text9        24B
__end_of_EEPROMwrite     text6        21B
__end_of_GEN_CODE        text5        0C7
__end_of_INT_INIT        text4        244
__end_of_ISR             text10       238
__end_of_POWER_INIT      text3        208
__end_of_SEND_CODE       text1        1F2
__end_of_SEND_DATA       text2        1B7
__end_of__initialization cinit        013
__end_of_main            maintext     189
__initialization         cinit        00B
__pbssBANK0              bssBANK0     020
__pcstackBANK0           cstackBANK0  027
__pcstackCOMMON          cstackCOMMON 070
__pintentry              intentry     004
__pmaintext              maintext     0D7
__pnvBANK0               nvBANK0      02D
__ptext1                 text1        1DA
__ptext10                text10       22B
__ptext2                 text2        189
__ptext3                 text3        1F2
__ptext4                 text4        238
__ptext5                 text5        015
__ptext6                 text6        208
__ptext7                 text7        1BC
__ptext8                 text8        21B
__ptext9                 text9        244
__size_of_DelayMs        (abs)        000
__size_of_DelayUs        (abs)        000
__size_of_EEPROMread     (abs)        000
__size_of_EEPROMwrite    (abs)        000
__size_of_GEN_CODE       (abs)        000
__size_of_INT_INIT       (abs)        000
__size_of_ISR            (abs)        000
__size_of_POWER_INIT     (abs)        000
__size_of_SEND_CODE      (abs)        000
__size_of_SEND_DATA      (abs)        000
__size_of_main           (abs)        000
_main                    maintext     0D7
btemp                    (abs)        07E
end_of_initialization    cinit        013
interrupt_function       intentry     004
intlevel0                functab      000
intlevel1                functab      000
intlevel2                functab      000
intlevel3                functab      000
intlevel4                functab      000
intlevel5                functab      000
reset_vec                reset_vec    000
saved_w                  (abs)        07E
stackhi                  (abs)        000
stacklo                  (abs)        000
start                    init         00A
start_initialization     cinit        00B
wtemp0                   (abs)        07E


FUNCTION INFORMATION:

 *************** function _main *****************
 Defined at:
		line 67 in file "Remute-RF-TX-FMD.C"
 Parameters:    Size  Location     Type
		None
 Auto vars:     Size  Location     Type
		None
 Return value:  Size  Location     Type
                  1    wreg      void 
 Registers used:
		wreg, status,2, status,0, pclath, cstack
 Tracked objects:
		On entry : 
		On exit  : 
		Unchanged: 
 Data sizes:     COMMON   BANK0   BANK1
      Params:         0       0       0
      Locals:         0       0       0
      Temps:          0       1       0
      Totals:         0       1       0
Total ram usage:        1 bytes
 Hardware stack levels required when called:    4
 This function calls:
		_DelayMs
		_EEPROMread
		_GEN_CODE
		_INT_INIT
		_POWER_INIT
		_SEND_CODE
 This function is called by:
		Startup code after reset
 This function uses a non-reentrant model


 *************** function _SEND_CODE *****************
 Defined at:
		line 226 in file "Remute-RF-TX-FMD.C"
 Parameters:    Size  Location     Type
  Code1           1    wreg     unsigned char 
  Code2           1    0[BANK0 ] unsigned char 
  Code3           1    1[BANK0 ] unsigned char 
 Auto vars:     Size  Location     Type
  Code1           1    2[BANK0 ] unsigned char 
 Return value:  Size  Location     Type
                  1    wreg      void 
 Registers used:
		wreg, status,2, status,0, pclath, cstack
 Tracked objects:
		On entry : 
		On exit  : 
		Unchanged: 
 Data sizes:     COMMON   BANK0   BANK1
      Params:         0       2       0
      Locals:         0       1       0
      Temps:          0       0       0
      Totals:         0       3       0
Total ram usage:        3 bytes
 Hardware stack levels used:    1
 Hardware stack levels required when called:    3
 This function calls:
		_DelayMs
		_DelayUs
		_SEND_DATA
 This function is called by:
		_main
 This function uses a non-reentrant model


 *************** function _SEND_DATA *****************
 Defined at:
		line 201 in file "Remute-RF-TX-FMD.C"
 Parameters:    Size  Location     Type
  Code            1    wreg     unsigned char 
 Auto vars:     Size  Location     Type
  Code            1    7[COMMON] unsigned char 
  Bit             1    9[COMMON] unsigned char 
  Byte            1    8[COMMON] unsigned char 
 Return value:  Size  Location     Type
                  1    wreg      void 
 Registers used:
		wreg, status,2, status,0, pclath, cstack
 Tracked objects:
		On entry : 
		On exit  : 
		Unchanged: 
 Data sizes:     COMMON   BANK0   BANK1
      Params:         0       0       0
      Locals:         3       0       0
      Temps:          1       0       0
      Totals:         4       0       0
Total ram usage:        4 bytes
 Hardware stack levels used:    1
 Hardware stack levels required when called:    2
 This function calls:
		_DelayUs
 This function is called by:
		_SEND_CODE
 This function uses a non-reentrant model


 *************** function _POWER_INIT *****************
 Defined at:
		line 125 in file "Remute-RF-TX-FMD.C"
 Parameters:    Size  Location     Type
		None
 Auto vars:     Size  Location     Type
		None
 Return value:  Size  Location     Type
                  1    wreg      void 
 Registers used:
		wreg, status,2
 Tracked objects:
		On entry : 
		On exit  : 
		Unchanged: 
 Data sizes:     COMMON   BANK0   BANK1
      Params:         0       0       0
      Locals:         0       0       0
      Temps:          0       0       0
      Totals:         0       0       0
Total ram usage:        0 bytes
 Hardware stack levels used:    1
 Hardware stack levels required when called:    1
 This function calls:
		Nothing
 This function is called by:
		_main
 This function uses a non-reentrant model


 *************** function _INT_INIT *****************
 Defined at:
		line 143 in file "Remute-RF-TX-FMD.C"
 Parameters:    Size  Location     Type
		None
 Auto vars:     Size  Location     Type
		None
 Return value:  Size  Location     Type
                  1    wreg      void 
 Registers used:
		wreg
 Tracked objects:
		On entry : 
		On exit  : 
		Unchanged: 
 Data sizes:     COMMON   BANK0   BANK1
      Params:         0       0       0
      Locals:         0       0       0
      Temps:          0       0       0
      Totals:         0       0       0
Total ram usage:        0 bytes
 Hardware stack levels used:    1
 Hardware stack levels required when called:    1
 This function calls:
		Nothing
 This function is called by:
		_main
 This function uses a non-reentrant model


 *************** function _GEN_CODE *****************
 Defined at:
		line 237 in file "Remute-RF-TX-FMD.C"
 Parameters:    Size  Location     Type
		None
 Auto vars:     Size  Location     Type
  i               1    4[BANK0 ] unsigned char 
 Return value:  Size  Location     Type
                  1    wreg      void 
 Registers used:
		wreg, status,2, status,0, pclath, cstack
 Tracked objects:
		On entry : 
		On exit  : 
		Unchanged: 
 Data sizes:     COMMON   BANK0   BANK1
      Params:         0       0       0
      Locals:         0       4       0
      Temps:          0       1       0
      Totals:         0       5       0
Total ram usage:        5 bytes
 Hardware stack levels used:    1
 Hardware stack levels required when called:    3
 This function calls:
		_DelayMs
		_EEPROMwrite
 This function is called by:
		_main
 This function uses a non-reentrant model


 *************** function _EEPROMwrite *****************
 Defined at:
		line 167 in file "Remute-RF-TX-FMD.C"
 Parameters:    Size  Location     Type
  EEAddr          1    wreg     unsigned char 
  Data            1    2[COMMON] unsigned char 
 Auto vars:     Size  Location     Type
  EEAddr          1    3[COMMON] unsigned char 
 Return value:  Size  Location     Type
                  1    wreg      void 
 Registers used:
		wreg
 Tracked objects:
		On entry : 
		On exit  : 
		Unchanged: 
 Data sizes:     COMMON   BANK0   BANK1
      Params:         1       0       0
      Locals:         1       0       0
      Temps:          0       0       0
      Totals:         2       0       0
Total ram usage:        2 bytes
 Hardware stack levels used:    1
 Hardware stack levels required when called:    1
 This function calls:
		Nothing
 This function is called by:
		_GEN_CODE
 This function uses a non-reentrant model


 *************** function _DelayMs *****************
 Defined at:
		line 190 in file "Remute-RF-TX-FMD.C"
 Parameters:    Size  Location     Type
  Time            2    6[COMMON] unsigned int 
 Auto vars:     Size  Location     Type
  b               2   10[COMMON] unsigned int 
  a               2    8[COMMON] unsigned int 
 Return value:  Size  Location     Type
                  1    wreg      void 
 Registers used:
		wreg, status,2, status,0, pclath, cstack
 Tracked objects:
		On entry : 
		On exit  : 
		Unchanged: 
 Data sizes:     COMMON   BANK0   BANK1
      Params:         2       0       0
      Locals:         4       0       0
      Temps:          0       0       0
      Totals:         6       0       0
Total ram usage:        6 bytes
 Hardware stack levels used:    1
 Hardware stack levels required when called:    2
 This function calls:
		_DelayUs
 This function is called by:
		_main
		_SEND_CODE
		_GEN_CODE
 This function uses a non-reentrant model


 *************** function _DelayUs *****************
 Defined at:
		line 180 in file "Remute-RF-TX-FMD.C"
 Parameters:    Size  Location     Type
  Time            2    2[COMMON] unsigned int 
 Auto vars:     Size  Location     Type
  a               2    4[COMMON] unsigned int 
 Return value:  Size  Location     Type
                  1    wreg      void 
 Registers used:
		wreg, status,2, status,0
 Tracked objects:
		On entry : 
		On exit  : 
		Unchanged: 
 Data sizes:     COMMON   BANK0   BANK1
      Params:         2       0       0
      Locals:         2       0       0
      Temps:          0       0       0
      Totals:         4       0       0
Total ram usage:        4 bytes
 Hardware stack levels used:    1
 Hardware stack levels required when called:    1
 This function calls:
		Nothing
 This function is called by:
		_DelayMs
		_SEND_DATA
		_SEND_CODE
 This function uses a non-reentrant model


 *************** function _EEPROMread *****************
 Defined at:
		line 157 in file "Remute-RF-TX-FMD.C"
 Parameters:    Size  Location     Type
  EEAddr          1    wreg     unsigned char 
 Auto vars:     Size  Location     Type
  EEAddr          1    2[COMMON] unsigned char 
  ReEEPROMread    1    3[COMMON] unsigned char 
 Return value:  Size  Location     Type
                  1    wreg      unsigned char 
 Registers used:
		wreg
 Tracked objects:
		On entry : 
		On exit  : 
		Unchanged: 
 Data sizes:     COMMON   BANK0   BANK1
      Params:         0       0       0
      Locals:         2       0       0
      Temps:          0       0       0
      Totals:         2       0       0
Total ram usage:        2 bytes
 Hardware stack levels used:    1
 Hardware stack levels required when called:    1
 This function calls:
		Nothing
 This function is called by:
		_main
 This function uses a non-reentrant model


 *************** function _ISR *****************
 Defined at:
		line 58 in file "Remute-RF-TX-FMD.C"
 Parameters:    Size  Location     Type
		None
 Auto vars:     Size  Location     Type
		None
 Return value:  Size  Location     Type
                  1    wreg      void 
 Registers used:
		wreg
 Tracked objects:
		On entry : 
		On exit  : 
		Unchanged: 
 Data sizes:     COMMON   BANK0   BANK1
      Params:         0       0       0
      Locals:         0       0       0
      Temps:          2       0       0
      Totals:         2       0       0
Total ram usage:        2 bytes
 Hardware stack levels used:    1
 This function calls:
		Nothing
 This function is called by:
		Interrupt level 1
 This function uses a non-reentrant model



MODULE INFORMATION

Module		Function		Class		Link	Load	Size
shared
		PL8            		CODE           	00D2	0000	6
		__initialization		CODE           	000B	0000	9
		PL2            		CODE           	00C7	0000	7
		PL4            		CODE           	00CD	0000	6
		PL6            		CODE           	01B7	0000	6

shared estimated size: 34

Remute-RF-TX-FMD.C
		_SEND_DATA     		CODE           	0189	0000	47
		_DelayUs       		CODE           	021B	0000	17
		_ISR           		CODE           	022B	0000	14
		_main          		CODE           	00D7	0000	179
		_EEPROMread    		CODE           	0244	0000	8
		_POWER_INIT    		CODE           	01F2	0000	23
		_GEN_CODE      		CODE           	0015	0000	179
		_DelayMs       		CODE           	01BC	0000	31
		_SEND_CODE     		CODE           	01DA	0000	25
		_EEPROMwrite   		CODE           	0208	0000	20
		_INT_INIT      		CODE           	0238	0000	13

Remute-RF-TX-FMD.C estimated size: 556

