Component: ARM Compiler 6.16 Tool: armlink [5dfeaa00]

==============================================================================

Section Cross References

    ft32f0xx_it.o(.ARM.exidx.text.NMI_Handler) refers to ft32f0xx_it.o(.text.NMI_Handler) for [Anonymous Symbol]
    ft32f0xx_it.o(.ARM.exidx.text.HardFault_Handler) refers to ft32f0xx_it.o(.text.HardFault_Handler) for [Anonymous Symbol]
    ft32f0xx_it.o(.ARM.exidx.text.SVC_Handler) refers to ft32f0xx_it.o(.text.SVC_Handler) for [Anonymous Symbol]
    ft32f0xx_it.o(.ARM.exidx.text.PendSV_Handler) refers to ft32f0xx_it.o(.text.PendSV_Handler) for [Anonymous Symbol]
    ft32f0xx_it.o(.ARM.exidx.text.SysTick_Handler) refers to ft32f0xx_it.o(.text.SysTick_Handler) for [Anonymous Symbol]
    main.o(.text.main) refers to main.o(.text.LED_Init) for LED_Init
    main.o(.text.main) refers to ft32f0xx_touch.o(i.TSC_Init) for TSC_Init
    main.o(.text.main) refers to ft32f0xx_touch.o(i.TSC_Start) for TSC_Start
    main.o(.text.main) refers to ft32f0xx_touch.o(i.TSC_DataProcessing) for TSC_DataProcessing
    main.o(.text.main) refers to ft32f0xx_touch.o(i.TSC_GetStrongest) for TSC_GetStrongest
    main.o(.text.main) refers to main.o(.text.KEY_Scan) for KEY_Scan
    main.o(.ARM.exidx.text.main) refers to main.o(.text.main) for [Anonymous Symbol]
    main.o(.text.LED_Init) refers to ft32f0xx_rcc.o(.text.RCC_AHBPeriphClockCmd) for RCC_AHBPeriphClockCmd
    main.o(.text.LED_Init) refers to ft32f0xx_gpio.o(.text.GPIO_Init) for GPIO_Init
    main.o(.ARM.exidx.text.LED_Init) refers to main.o(.text.LED_Init) for [Anonymous Symbol]
    main.o(.text.KEY_Scan) refers to ft32f0xx_gpio.o(.text.GPIO_ResetBits) for GPIO_ResetBits
    main.o(.text.KEY_Scan) refers to ft32f0xx_gpio.o(.text.GPIO_SetBits) for GPIO_SetBits
    main.o(.ARM.exidx.text.KEY_Scan) refers to main.o(.text.KEY_Scan) for [Anonymous Symbol]
    ft32f0xx_comp.o(.ARM.exidx.text.COMP_DeInit) refers to ft32f0xx_comp.o(.text.COMP_DeInit) for [Anonymous Symbol]
    ft32f0xx_comp.o(.ARM.exidx.text.COMP_Init) refers to ft32f0xx_comp.o(.text.COMP_Init) for [Anonymous Symbol]
    ft32f0xx_comp.o(.ARM.exidx.text.COMP_StructInit) refers to ft32f0xx_comp.o(.text.COMP_StructInit) for [Anonymous Symbol]
    ft32f0xx_comp.o(.ARM.exidx.text.COMP_Cmd) refers to ft32f0xx_comp.o(.text.COMP_Cmd) for [Anonymous Symbol]
    ft32f0xx_comp.o(.ARM.exidx.text.COMP_GetOutputLevel) refers to ft32f0xx_comp.o(.text.COMP_GetOutputLevel) for [Anonymous Symbol]
    ft32f0xx_comp.o(.ARM.exidx.text.COMP_WindowCmd) refers to ft32f0xx_comp.o(.text.COMP_WindowCmd) for [Anonymous Symbol]
    ft32f0xx_comp.o(.ARM.exidx.text.COMP_LockConfig) refers to ft32f0xx_comp.o(.text.COMP_LockConfig) for [Anonymous Symbol]
    ft32f0xx_dma.o(.ARM.exidx.text.DMA_DeInit) refers to ft32f0xx_dma.o(.text.DMA_DeInit) for [Anonymous Symbol]
    ft32f0xx_dma.o(.ARM.exidx.text.DMA_Init) refers to ft32f0xx_dma.o(.text.DMA_Init) for [Anonymous Symbol]
    ft32f0xx_dma.o(.text.DMA_StructInit) refers to memseta.o(.text) for __aeabi_memclr4
    ft32f0xx_dma.o(.ARM.exidx.text.DMA_StructInit) refers to ft32f0xx_dma.o(.text.DMA_StructInit) for [Anonymous Symbol]
    ft32f0xx_dma.o(.ARM.exidx.text.DMA_Cmd) refers to ft32f0xx_dma.o(.text.DMA_Cmd) for [Anonymous Symbol]
    ft32f0xx_dma.o(.ARM.exidx.text.DMA_SetCurrDataCounter) refers to ft32f0xx_dma.o(.text.DMA_SetCurrDataCounter) for [Anonymous Symbol]
    ft32f0xx_dma.o(.ARM.exidx.text.DMA_GetCurrDataCounter) refers to ft32f0xx_dma.o(.text.DMA_GetCurrDataCounter) for [Anonymous Symbol]
    ft32f0xx_dma.o(.ARM.exidx.text.DMA_ITConfig) refers to ft32f0xx_dma.o(.text.DMA_ITConfig) for [Anonymous Symbol]
    ft32f0xx_dma.o(.ARM.exidx.text.DMA_GetFlagStatus) refers to ft32f0xx_dma.o(.text.DMA_GetFlagStatus) for [Anonymous Symbol]
    ft32f0xx_dma.o(.ARM.exidx.text.DMA_ClearFlag) refers to ft32f0xx_dma.o(.text.DMA_ClearFlag) for [Anonymous Symbol]
    ft32f0xx_dma.o(.ARM.exidx.text.DMA_GetITStatus) refers to ft32f0xx_dma.o(.text.DMA_GetITStatus) for [Anonymous Symbol]
    ft32f0xx_dma.o(.ARM.exidx.text.DMA_ClearITPendingBit) refers to ft32f0xx_dma.o(.text.DMA_ClearITPendingBit) for [Anonymous Symbol]
    ft32f0xx_flash.o(.ARM.exidx.text.FLASH_SetLatency) refers to ft32f0xx_flash.o(.text.FLASH_SetLatency) for [Anonymous Symbol]
    ft32f0xx_flash.o(.ARM.exidx.text.FLASH_PrefetchBufferCmd) refers to ft32f0xx_flash.o(.text.FLASH_PrefetchBufferCmd) for [Anonymous Symbol]
    ft32f0xx_flash.o(.ARM.exidx.text.FLASH_GetPrefetchBufferStatus) refers to ft32f0xx_flash.o(.text.FLASH_GetPrefetchBufferStatus) for [Anonymous Symbol]
    ft32f0xx_flash.o(.ARM.exidx.text.FLASH_Unlock) refers to ft32f0xx_flash.o(.text.FLASH_Unlock) for [Anonymous Symbol]
    ft32f0xx_flash.o(.ARM.exidx.text.FLASH_Lock) refers to ft32f0xx_flash.o(.text.FLASH_Lock) for [Anonymous Symbol]
    ft32f0xx_flash.o(.text.FLASH_ErasePage) refers to ft32f0xx_flash.o(.text.FLASH_PrefetchBufferCmd) for FLASH_PrefetchBufferCmd
[...]
    ft32f0xx_tim.o(.ARM.exidx.text.TIM_GetCapture4) refers to ft32f0xx_tim.o(.text.TIM_GetCapture4) for [Anonymous Symbol]
    ft32f0xx_tim.o(.ARM.exidx.text.TIM_ITConfig) refers to ft32f0xx_tim.o(.text.TIM_ITConfig) for [Anonymous Symbol]
    ft32f0xx_tim.o(.ARM.exidx.text.TIM_GenerateEvent) refers to ft32f0xx_tim.o(.text.TIM_GenerateEvent) for [Anonymous Symbol]
    ft32f0xx_tim.o(.ARM.exidx.text.TIM_GetFlagStatus) refers to ft32f0xx_tim.o(.text.TIM_GetFlagStatus) for [Anonymous Symbol]
    ft32f0xx_tim.o(.ARM.exidx.text.TIM_ClearFlag) refers to ft32f0xx_tim.o(.text.TIM_ClearFlag) for [Anonymous Symbol]
    ft32f0xx_tim.o(.ARM.exidx.text.TIM_GetITStatus) refers to ft32f0xx_tim.o(.text.TIM_GetITStatus) for [Anonymous Symbol]
    ft32f0xx_tim.o(.ARM.exidx.text.TIM_ClearITPendingBit) refers to ft32f0xx_tim.o(.text.TIM_ClearITPendingBit) for [Anonymous Symbol]
    ft32f0xx_tim.o(.ARM.exidx.text.TIM_DMAConfig) refers to ft32f0xx_tim.o(.text.TIM_DMAConfig) for [Anonymous Symbol]
    ft32f0xx_tim.o(.ARM.exidx.text.TIM_DMACmd) refers to ft32f0xx_tim.o(.text.TIM_DMACmd) for [Anonymous Symbol]
    ft32f0xx_tim.o(.ARM.exidx.text.TIM_SelectCCDMA) refers to ft32f0xx_tim.o(.text.TIM_SelectCCDMA) for [Anonymous Symbol]
    ft32f0xx_tim.o(.ARM.exidx.text.TIM_InternalClockConfig) refers to ft32f0xx_tim.o(.text.TIM_InternalClockConfig) for [Anonymous Symbol]
    ft32f0xx_tim.o(.text.TIM_ITRxExternalClockConfig) refers to ft32f0xx_tim.o(.text.TIM_SelectInputTrigger) for TIM_SelectInputTrigger
    ft32f0xx_tim.o(.ARM.exidx.text.TIM_ITRxExternalClockConfig) refers to ft32f0xx_tim.o(.text.TIM_ITRxExternalClockConfig) for [Anonymous Symbol]
    ft32f0xx_tim.o(.ARM.exidx.text.TIM_SelectInputTrigger) refers to ft32f0xx_tim.o(.text.TIM_SelectInputTrigger) for [Anonymous Symbol]
    ft32f0xx_tim.o(.text.TIM_TIxExternalClockConfig) refers to ft32f0xx_tim.o(.text.TI2_Config) for TI2_Config
    ft32f0xx_tim.o(.text.TIM_TIxExternalClockConfig) refers to ft32f0xx_tim.o(.text.TI1_Config) for TI1_Config
    ft32f0xx_tim.o(.text.TIM_TIxExternalClockConfig) refers to ft32f0xx_tim.o(.text.TIM_SelectInputTrigger) for TIM_SelectInputTrigger
    ft32f0xx_tim.o(.ARM.exidx.text.TIM_TIxExternalClockConfig) refers to ft32f0xx_tim.o(.text.TIM_TIxExternalClockConfig) for [Anonymous Symbol]
    ft32f0xx_tim.o(.text.TIM_ETRClockMode1Config) refers to ft32f0xx_tim.o(.text.TIM_ETRConfig) for TIM_ETRConfig
    ft32f0xx_tim.o(.ARM.exidx.text.TIM_ETRClockMode1Config) refers to ft32f0xx_tim.o(.text.TIM_ETRClockMode1Config) for [Anonymous Symbol]
    ft32f0xx_tim.o(.ARM.exidx.text.TIM_ETRConfig) refers to ft32f0xx_tim.o(.text.TIM_ETRConfig) for [Anonymous Symbol]
    ft32f0xx_tim.o(.text.TIM_ETRClockMode2Config) refers to ft32f0xx_tim.o(.text.TIM_ETRConfig) for TIM_ETRConfig
    ft32f0xx_tim.o(.ARM.exidx.text.TIM_ETRClockMode2Config) refers to ft32f0xx_tim.o(.text.TIM_ETRClockMode2Config) for [Anonymous Symbol]
    ft32f0xx_tim.o(.ARM.exidx.text.TIM_SelectOutputTrigger) refers to ft32f0xx_tim.o(.text.TIM_SelectOutputTrigger) for [Anonymous Symbol]
    ft32f0xx_tim.o(.ARM.exidx.text.TIM_SelectSlaveMode) refers to ft32f0xx_tim.o(.text.TIM_SelectSlaveMode) for [Anonymous Symbol]
    ft32f0xx_tim.o(.ARM.exidx.text.TIM_SelectMasterSlaveMode) refers to ft32f0xx_tim.o(.text.TIM_SelectMasterSlaveMode) for [Anonymous Symbol]
    ft32f0xx_tim.o(.ARM.exidx.text.TIM_EncoderInterfaceConfig) refers to ft32f0xx_tim.o(.text.TIM_EncoderInterfaceConfig) for [Anonymous Symbol]
    ft32f0xx_tim.o(.ARM.exidx.text.TIM_SelectHallSensor) refers to ft32f0xx_tim.o(.text.TIM_SelectHallSensor) for [Anonymous Symbol]
    ft32f0xx_tim.o(.ARM.exidx.text.TIM_RemapConfig) refers to ft32f0xx_tim.o(.text.TIM_RemapConfig) for [Anonymous Symbol]
    ft32f0xx_usart.o(.text.USART_DeInit) refers to ft32f0xx_rcc.o(.text.RCC_APB2PeriphResetCmd) for RCC_APB2PeriphResetCmd
    ft32f0xx_usart.o(.text.USART_DeInit) refers to ft32f0xx_rcc.o(.text.RCC_APB1PeriphResetCmd) for RCC_APB1PeriphResetCmd
    ft32f0xx_usart.o(.ARM.exidx.text.USART_DeInit) refers to ft32f0xx_usart.o(.text.USART_DeInit) for [Anonymous Symbol]
    ft32f0xx_usart.o(.text.USART_Init) refers to ft32f0xx_rcc.o(.text.RCC_GetClocksFreq) for RCC_GetClocksFreq
    ft32f0xx_usart.o(.text.USART_Init) refers to uidiv_div0.o(.text) for __aeabi_uidiv
    ft32f0xx_usart.o(.ARM.exidx.text.USART_Init) refers to ft32f0xx_usart.o(.text.USART_Init) for [Anonymous Symbol]
    ft32f0xx_usart.o(.ARM.exidx.text.USART_StructInit) refers to ft32f0xx_usart.o(.text.USART_StructInit) for [Anonymous Symbol]
    ft32f0xx_usart.o(.ARM.exidx.text.USART_ClockInit) refers to ft32f0xx_usart.o(.text.USART_ClockInit) for [Anonymous Symbol]
    ft32f0xx_usart.o(.ARM.exidx.text.USART_ClockStructInit) refers to ft32f0xx_usart.o(.text.USART_ClockStructInit) for [Anonymous Symbol]
    ft32f0xx_usart.o(.ARM.exidx.text.USART_Cmd) refers to ft32f0xx_usart.o(.text.USART_Cmd) for [Anonymous Symbol]
    ft32f0xx_usart.o(.ARM.exidx.text.USART_DirectionModeCmd) refers to ft32f0xx_usart.o(.text.USART_DirectionModeCmd) for [Anonymous Symbol]
    ft32f0xx_usart.o(.ARM.exidx.text.USART_OverSampling8Cmd) refers to ft32f0xx_usart.o(.text.USART_OverSampling8Cmd) for [Anonymous Symbol]
    ft32f0xx_usart.o(.ARM.exidx.text.USART_OneBitMethodCmd) refers to ft32f0xx_usart.o(.text.USART_OneBitMethodCmd) for [Anonymous Symbol]
    ft32f0xx_usart.o(.ARM.exidx.text.USART_MSBFirstCmd) refers to ft32f0xx_usart.o(.text.USART_MSBFirstCmd) for [Anonymous Symbol]
    ft32f0xx_usart.o(.ARM.exidx.text.USART_DataInvCmd) refers to ft32f0xx_usart.o(.text.USART_DataInvCmd) for [Anonymous Symbol]
    ft32f0xx_usart.o(.ARM.exidx.text.USART_InvPinCmd) refers to ft32f0xx_usart.o(.text.USART_InvPinCmd) for [Anonymous Symbol]
    ft32f0xx_usart.o(.ARM.exidx.text.USART_SWAPPinCmd) refers to ft32f0xx_usart.o(.text.USART_SWAPPinCmd) for [Anonymous Symbol]
    ft32f0xx_usart.o(.ARM.exidx.text.USART_ReceiverTimeOutCmd) refers to ft32f0xx_usart.o(.text.USART_ReceiverTimeOutCmd) for [Anonymous Symbol]
    ft32f0xx_usart.o(.ARM.exidx.text.USART_SetReceiverTimeOut) refers to ft32f0xx_usart.o(.text.USART_SetReceiverTimeOut) for [Anonymous Symbol]
    ft32f0xx_usart.o(.ARM.exidx.text.USART_AutoBaudRateCmd) refers to ft32f0xx_usart.o(.text.USART_AutoBaudRateCmd) for [Anonymous Symbol]
    ft32f0xx_usart.o(.ARM.exidx.text.USART_AutoBaudRateConfig) refers to ft32f0xx_usart.o(.text.USART_AutoBaudRateConfig) for [Anonymous Symbol]
    ft32f0xx_usart.o(.ARM.exidx.text.USART_SendData) refers to ft32f0xx_usart.o(.text.USART_SendData) for [Anonymous Symbol]
    ft32f0xx_usart.o(.ARM.exidx.text.USART_ReceiveData) refers to ft32f0xx_usart.o(.text.USART_ReceiveData) for [Anonymous Symbol]
    ft32f0xx_usart.o(.ARM.exidx.text.USART_SetAddress) refers to ft32f0xx_usart.o(.text.USART_SetAddress) for [Anonymous Symbol]
    ft32f0xx_usart.o(.ARM.exidx.text.USART_MuteModeCmd) refers to ft32f0xx_usart.o(.text.USART_MuteModeCmd) for [Anonymous Symbol]
    ft32f0xx_usart.o(.ARM.exidx.text.USART_MuteModeWakeUpConfig) refers to ft32f0xx_usart.o(.text.USART_MuteModeWakeUpConfig) for [Anonymous Symbol]
    ft32f0xx_usart.o(.ARM.exidx.text.USART_AddressDetectionConfig) refers to ft32f0xx_usart.o(.text.USART_AddressDetectionConfig) for [Anonymous Symbol]
    ft32f0xx_usart.o(.ARM.exidx.text.USART_HalfDuplexCmd) refers to ft32f0xx_usart.o(.text.USART_HalfDuplexCmd) for [Anonymous Symbol]
    ft32f0xx_usart.o(.ARM.exidx.text.USART_DECmd) refers to ft32f0xx_usart.o(.text.USART_DECmd) for [Anonymous Symbol]
    ft32f0xx_usart.o(.ARM.exidx.text.USART_DEPolarityConfig) refers to ft32f0xx_usart.o(.text.USART_DEPolarityConfig) for [Anonymous Symbol]
    ft32f0xx_usart.o(.ARM.exidx.text.USART_SetDEAssertionTime) refers to ft32f0xx_usart.o(.text.USART_SetDEAssertionTime) for [Anonymous Symbol]
    ft32f0xx_usart.o(.ARM.exidx.text.USART_SetDEDeassertionTime) refers to ft32f0xx_usart.o(.text.USART_SetDEDeassertionTime) for [Anonymous Symbol]
    ft32f0xx_usart.o(.ARM.exidx.text.USART_DMACmd) refers to ft32f0xx_usart.o(.text.USART_DMACmd) for [Anonymous Symbol]
    ft32f0xx_usart.o(.ARM.exidx.text.USART_DMAReceptionErrorConfig) refers to ft32f0xx_usart.o(.text.USART_DMAReceptionErrorConfig) for [Anonymous Symbol]
    ft32f0xx_usart.o(.ARM.exidx.text.USART_ITConfig) refers to ft32f0xx_usart.o(.text.USART_ITConfig) for [Anonymous Symbol]
    ft32f0xx_usart.o(.ARM.exidx.text.USART_RequestCmd) refers to ft32f0xx_usart.o(.text.USART_RequestCmd) for [Anonymous Symbol]
    ft32f0xx_usart.o(.ARM.exidx.text.USART_OverrunDetectionConfig) refers to ft32f0xx_usart.o(.text.USART_OverrunDetectionConfig) for [Anonymous Symbol]
    ft32f0xx_usart.o(.ARM.exidx.text.USART_GetFlagStatus) refers to ft32f0xx_usart.o(.text.USART_GetFlagStatus) for [Anonymous Symbol]
    ft32f0xx_usart.o(.ARM.exidx.text.USART_ClearFlag) refers to ft32f0xx_usart.o(.text.USART_ClearFlag) for [Anonymous Symbol]
    ft32f0xx_usart.o(.ARM.exidx.text.USART_GetITStatus) refers to ft32f0xx_usart.o(.text.USART_GetITStatus) for [Anonymous Symbol]
    ft32f0xx_usart.o(.ARM.exidx.text.USART_ClearITPendingBit) refers to ft32f0xx_usart.o(.text.USART_ClearITPendingBit) for [Anonymous Symbol]
    startup_ft32f072xb.o(RESET) refers to startup_ft32f072xb.o(STACK) for __initial_sp
    startup_ft32f072xb.o(RESET) refers to startup_ft32f072xb.o(.text) for Reset_Handler
    startup_ft32f072xb.o(RESET) refers to ft32f0xx_it.o(.text.NMI_Handler) for NMI_Handler
    startup_ft32f072xb.o(RESET) refers to ft32f0xx_it.o(.text.HardFault_Handler) for HardFault_Handler
    startup_ft32f072xb.o(RESET) refers to ft32f0xx_it.o(.text.SVC_Handler) for SVC_Handler
    startup_ft32f072xb.o(RESET) refers to ft32f0xx_it.o(.text.PendSV_Handler) for PendSV_Handler
    startup_ft32f072xb.o(RESET) refers to ft32f0xx_it.o(.text.SysTick_Handler) for SysTick_Handler
    startup_ft32f072xb.o(.text) refers to startup_ft32f072xb.o(STACK) for __initial_sp
    startup_ft32f072xb.o(.text) refers to system_ft32f0xx.o(.text.SystemInit) for SystemInit
    startup_ft32f072xb.o(.text) refers to entry.o(.ARM.Collect$$$$00000000) for __main
    system_ft32f0xx.o(.text.SystemInit) refers to system_ft32f0xx.o(.text.SetSysClock) for SetSysClock
    system_ft32f0xx.o(.ARM.exidx.text.SystemInit) refers to system_ft32f0xx.o(.text.SystemInit) for [Anonymous Symbol]
    system_ft32f0xx.o(.text.SetSysClock) refers to system_ft32f0xx.o(.text.SetSysClockTo48) for SetSysClockTo48
    system_ft32f0xx.o(.ARM.exidx.text.SetSysClock) refers to system_ft32f0xx.o(.text.SetSysClock) for [Anonymous Symbol]
    system_ft32f0xx.o(.text.SystemCoreClockUpdate) refers to uidiv_div0.o(.text) for __aeabi_uidiv
    system_ft32f0xx.o(.text.SystemCoreClockUpdate) refers to system_ft32f0xx.o(.data.SystemCoreClock) for SystemCoreClock
    system_ft32f0xx.o(.text.SystemCoreClockUpdate) refers to system_ft32f0xx.o(.rodata.AHBPrescTable) for AHBPrescTable
    system_ft32f0xx.o(.ARM.exidx.text.SystemCoreClockUpdate) refers to system_ft32f0xx.o(.text.SystemCoreClockUpdate) for [Anonymous Symbol]
    system_ft32f0xx.o(.ARM.exidx.text.SetSysClockTo48) refers to system_ft32f0xx.o(.text.SetSysClockTo48) for [Anonymous Symbol]
    ft32f0xx_touch.o(i.GroupIoModeOut) refers to main.o(.rodata.ucKeyEn) for ucKeyEn
    ft32f0xx_touch.o(i.GroupIoModeOut) refers to ft32f0xx_touch.o(.data) for ucKeyNumber
    ft32f0xx_touch.o(i.GroupIoModeOut) refers to touch.o(.constdata) for TSC_IONUM
    ft32f0xx_touch.o(i.Set_Baseline) refers to ft32f0xx_touch.o(.data) for ptTSC_Para
    ft32f0xx_touch.o(i.Set_Frequ) refers to touch.o(.data) for ucFrequ
    ft32f0xx_touch.o(i.TSC_DataProcessing) refers to uidiv_div0.o(.text) for __aeabi_uidivmod
    ft32f0xx_touch.o(i.TSC_DataProcessing) refers to idiv_div0.o(.text) for __aeabi_idivmod
    ft32f0xx_touch.o(i.TSC_DataProcessing) refers to ft32f0xx_touch.o(.data) for TOUCH_READ_OK
    ft32f0xx_touch.o(i.TSC_DataProcessing) refers to main.o(.rodata.ucMultiple) for ucMultiple
    ft32f0xx_touch.o(i.TSC_DataProcessing) refers to main.o(.rodata.ucSingleFilter) for ucSingleFilter
    ft32f0xx_touch.o(i.TSC_DataProcessing) refers to main.o(.rodata.ucStrongFilter) for ucStrongFilter
    ft32f0xx_touch.o(i.TSC_DataProcessing) refers to main.o(.rodata.ucSignalNoiseRatio) for ucSignalNoiseRatio
    ft32f0xx_touch.o(i.TSC_DataProcessing) refers to main.o(.rodata.ucBaselineDownSpeed) for ucBaselineDownSpeed
    ft32f0xx_touch.o(i.TSC_DataProcessing) refers to main.o(.rodata.ucBaselineUpSpeed) for ucBaselineUpSpeed
    ft32f0xx_touch.o(i.TSC_DataProcessing) refers to main.o(.rodata.ucBaselineEqualUpSpeed) for ucBaselineEqualUpSpeed
    ft32f0xx_touch.o(i.TSC_DataProcessing) refers to main.o(.rodata.ucBaselineEqualDownSpeed) for ucBaselineEqualDownSpeed
    ft32f0xx_touch.o(i.TSC_DataProcessing) refers to main.o(.rodata.ucKeyNumberMax) for ucKeyNumberMax
    ft32f0xx_touch.o(i.TSC_DataProcessing) refers to main.o(.rodata.ucMeantimeMaxKeyNum) for ucMeantimeMaxKeyNum
    ft32f0xx_touch.o(i.TSC_EnableKey) refers to ft32f0xx_touch.o(.data) for ptTSC_Para
    ft32f0xx_touch.o(i.TSC_GetDelta) refers to ft32f0xx_touch.o(.data) for ptTSC_Para
    ft32f0xx_touch.o(i.TSC_GetPrevData) refers to ft32f0xx_touch.o(.data) for ptTSC_Para
    ft32f0xx_touch.o(i.TSC_GetSingle) refers to ft32f0xx_touch.o(.data) for TK_OUT_SINGLE
    ft32f0xx_touch.o(i.TSC_GetStrongest) refers to ft32f0xx_touch.o(.data) for TK_OUT_strongest
    ft32f0xx_touch.o(i.TSC_Init) refers to ft32f0xx_touch.o(i.IO_Init) for IO_Init
    ft32f0xx_touch.o(i.TSC_Init) refers to touch.o(i.Touch_Init) for Touch_Init
    ft32f0xx_touch.o(i.TSC_Init) refers to touch.o(i.TIM17_Init) for TIM17_Init
    ft32f0xx_touch.o(i.TSC_Init) refers to touch.o(i.TIM3_Init) for TIM3_Init
    ft32f0xx_touch.o(i.TSC_Init) refers to touch.o(i.COMP1_DAC1_Init) for COMP1_DAC1_Init
    ft32f0xx_touch.o(i.TSC_Init) refers to malloc.o(i.malloc) for malloc
    ft32f0xx_touch.o(i.TSC_Init) refers to ft32f0xx_touch.o(i.TSC_EnableKey) for TSC_EnableKey
    ft32f0xx_touch.o(i.TSC_Init) refers to touch.o(.data) for ucFrequ
    ft32f0xx_touch.o(i.TSC_Init) refers to ft32f0xx_touch.o(.data) for ucFreqChangeNumber
    ft32f0xx_touch.o(i.TSC_Init) refers to main.o(.rodata.ucKeyNumberMax) for ucKeyNumberMax
    ft32f0xx_touch.o(i.TSC_Init) refers to main.o(.rodata.ucSensitivityArray) for ucSensitivityArray
    ft32f0xx_touch.o(i.TSC_Reset) refers to ft32f0xx_touch.o(.data) for ucKeyPollingCount
    ft32f0xx_touch.o(i.TSC_SetBaseLine) refers to ft32f0xx_touch.o(.data) for ptTSC_Para
    ft32f0xx_touch.o(i.TSC_Start) refers to ft32f0xx_touch.o(i.GroupIoModeOut) for GroupIoModeOut
    ft32f0xx_touch.o(i.TSC_Start) refers to touch.o(i.TIM17_OFF) for TIM17_OFF
    ft32f0xx_touch.o(i.TSC_Start) refers to touch.o(i.TIM3_OFF) for TIM3_OFF
    ft32f0xx_touch.o(i.TSC_Start) refers to touch.o(i.JudgeGroupCharge) for JudgeGroupCharge
    ft32f0xx_touch.o(i.TSC_Start) refers to idiv_div0.o(.text) for __aeabi_idivmod
    ft32f0xx_touch.o(i.TSC_Start) refers to uidiv_div0.o(.text) for __aeabi_uidivmod
    ft32f0xx_touch.o(i.TSC_Start) refers to ft32f0xx_touch.o(.data) for ucKeyNumber
    ft32f0xx_touch.o(i.TSC_Start) refers to touch.o(.data) for ucFrequNum
    ft32f0xx_touch.o(i.TSC_Start) refers to main.o(.rodata.ucKeyEn) for ucKeyEn
    ft32f0xx_touch.o(i.TSC_Start) refers to main.o(.rodata.ucKeyNumberMax) for ucKeyNumberMax
    ft32f0xx_touch.o(i.TSC_Start) refers to main.o(.rodata.ucMultiple) for ucMultiple
    touch.o(i.GroupIoModeAnalog) refers to touch.o(.constdata) for TSC_IONUM
    touch.o(i.JudgeGroupCharge) refers to touch.o(i.GroupIoModeAnalog) for GroupIoModeAnalog
    touch.o(i.JudgeGroupCharge) refers to touch.o(i.TIM17_CH1_Init) for TIM17_CH1_Init
    touch.o(i.JudgeGroupCharge) refers to touch.o(i.Touch_Charge) for Touch_Charge
    touch.o(i.TIM17_CH1_Init) refers to touch.o(.data) for ucFrequ
    touch.o(i.Touch_Charge) refers to touch.o(i.TIM17_ON) for TIM17_ON
    touch.o(i.Touch_Charge) refers to touch.o(i.TIM3_ON) for TIM3_ON
    entry.o(.ARM.Collect$$$$00000000) refers (Special) to entry10a.o(.ARM.Collect$$$$0000000D) for __rt_final_cpp
    entry.o(.ARM.Collect$$$$00000000) refers (Special) to entry11a.o(.ARM.Collect$$$$0000000F) for __rt_final_exit
    entry.o(.ARM.Collect$$$$00000000) refers (Special) to entry7b.o(.ARM.Collect$$$$00000008) for _main_clock
    entry.o(.ARM.Collect$$$$00000000) refers (Special) to entry8b.o(.ARM.Collect$$$$0000000A) for _main_cpp_init
    entry.o(.ARM.Collect$$$$00000000) refers (Special) to entry9a.o(.ARM.Collect$$$$0000000B) for _main_init
    entry.o(.ARM.Collect$$$$00000000) refers (Special) to entry5.o(.ARM.Collect$$$$00000004) for _main_scatterload
    entry.o(.ARM.Collect$$$$00000000) refers (Special) to entry2.o(.ARM.Collect$$$$00000001) for _main_stk
    idiv.o(.text) refers to uidiv_div0.o(.text) for __aeabi_uidivmod
    malloc.o(i.free) refers to mvars.o(.data) for __microlib_freelist
    malloc.o(i.malloc) refers to mvars.o(.data) for __microlib_freelist_initialised
    malloc.o(i.malloc) refers to mvars.o(.data) for __microlib_freelist
    malloc.o(i.malloc) refers to startup_ft32f072xb.o(HEAP) for __heap_base
    mallocr.o(i.__free$realloc) refers to mvars.o(.data) for __microlib_freelist
    mallocr.o(i.__malloc$realloc) refers to mallocr.o(i.internal_alloc) for internal_alloc
    mallocr.o(i.__malloc$realloc) refers to mvars.o(.data) for __microlib_freelist_initialised
    mallocr.o(i.__malloc$realloc) refers to startup_ft32f072xb.o(HEAP) for __heap_base
    mallocr.o(i.__malloc$realloc) refers to mvars.o(.data) for __microlib_freelist
    mallocr.o(i.internal_alloc) refers to memcpya.o(.text) for __aeabi_memcpy
    mallocr.o(i.internal_alloc) refers to mvars.o(.data) for __microlib_freelist
    mallocr.o(i.realloc) refers to mallocr.o(i.__free$realloc) for __free$realloc
    mallocr.o(i.realloc) refers to mallocr.o(i.internal_alloc) for internal_alloc
    mallocr.o(i.realloc) refers to mallocr.o(i.__malloc$realloc) for __malloc$realloc
    mallocr.o(i.realloc) refers to mvars.o(.data) for __microlib_freelist
    malloca.o(i.__aligned_malloc) refers to mvars.o(.data) for __microlib_freelist
    malloca.o(i.__aligned_malloc) refers to mvars.o(.data) for __microlib_freelist_initialised
    malloca.o(i.__aligned_malloc) refers to startup_ft32f072xb.o(HEAP) for __heap_base
    malloca.o(i.__free$memalign) refers to mvars.o(.data) for __microlib_freelist
    malloca.o(i.__malloc$memalign) refers to malloca.o(i.__aligned_malloc) for __aligned_malloc
    mallocra.o(i.__aligned_malloc$realloc) refers to mallocra.o(i.internal_alloc) for internal_alloc
    mallocra.o(i.__aligned_malloc$realloc) refers to startup_ft32f072xb.o(HEAP) for __heap_base
    mallocra.o(i.__aligned_malloc$realloc) refers to mvars.o(.data) for __microlib_freelist
    mallocra.o(i.__aligned_malloc$realloc) refers to mvars.o(.data) for __microlib_freelist_initialised
    mallocra.o(i.__free$realloc$memalign) refers to mvars.o(.data) for __microlib_freelist
    mallocra.o(i.__malloc$realloc$memalign) refers to mallocra.o(i.__aligned_malloc$realloc) for __aligned_malloc$realloc
    mallocra.o(i.__realloc$memalign) refers to mallocra.o(i.__free$realloc$memalign) for __free$realloc$memalign
    mallocra.o(i.__realloc$memalign) refers to mallocra.o(i.internal_alloc) for internal_alloc
    mallocra.o(i.__realloc$memalign) refers to mallocra.o(i.__malloc$realloc$memalign) for __malloc$realloc$memalign
    mallocra.o(i.__realloc$memalign) refers to mvars.o(.data) for __microlib_freelist
    mallocra.o(i.internal_alloc) refers to memcpya.o(.text) for __aeabi_memcpy
    mallocra.o(i.internal_alloc) refers to mvars.o(.data) for __microlib_freelist
    entry2.o(.ARM.Collect$$$$00000001) refers to entry2.o(.ARM.Collect$$$$00002712) for __lit__00000000
    entry2.o(.ARM.Collect$$$$00002712) refers to startup_ft32f072xb.o(STACK) for __initial_sp
    entry2.o(__vectab_stack_and_reset_area) refers to startup_ft32f072xb.o(STACK) for __initial_sp
    entry2.o(__vectab_stack_and_reset_area) refers to entry.o(.ARM.Collect$$$$00000000) for __main
    entry5.o(.ARM.Collect$$$$00000004) refers to init.o(.text) for __scatterload
    entry9a.o(.ARM.Collect$$$$0000000B) refers to main.o(.text.main) for main
    entry9b.o(.ARM.Collect$$$$0000000C) refers to main.o(.text.main) for main
    idiv_div0.o(.text) refers to uidiv_div0.o(.text) for __aeabi_uidivmod
    init.o(.text) refers to entry5.o(.ARM.Collect$$$$00000004) for __main_after_scatterload


==============================================================================

Removing Unused input sections from the image.

    Removing ft32f0xx_it.o(.text), (0 bytes).
    Removing ft32f0xx_it.o(.ARM.exidx.text.NMI_Handler), (8 bytes).
    Removing ft32f0xx_it.o(.ARM.exidx.text.HardFault_Handler), (8 bytes).
    Removing ft32f0xx_it.o(.ARM.exidx.text.SVC_Handler), (8 bytes).
    Removing ft32f0xx_it.o(.ARM.exidx.text.PendSV_Handler), (8 bytes).
    Removing ft32f0xx_it.o(.ARM.exidx.text.SysTick_Handler), (8 bytes).
    Removing main.o(.text), (0 bytes).
    Removing main.o(.ARM.exidx.text.main), (8 bytes).
    Removing main.o(.ARM.exidx.text.LED_Init), (8 bytes).
    Removing main.o(.ARM.exidx.text.KEY_Scan), (8 bytes).
    Removing main.o(.rodata.ucKeyScanEffNumber), (1 bytes).
    Removing main.o(.ARM.use_no_argv), (4 bytes).
    Removing ft32f0xx_comp.o(.text), (0 bytes).
    Removing ft32f0xx_comp.o(.text.COMP_DeInit), (16 bytes).
    Removing ft32f0xx_comp.o(.ARM.exidx.text.COMP_DeInit), (8 bytes).
    Removing ft32f0xx_comp.o(.text.COMP_Init), (56 bytes).
    Removing ft32f0xx_comp.o(.ARM.exidx.text.COMP_Init), (8 bytes).
    Removing ft32f0xx_comp.o(.text.COMP_StructInit), (12 bytes).
    Removing ft32f0xx_comp.o(.ARM.exidx.text.COMP_StructInit), (8 bytes).
    Removing ft32f0xx_comp.o(.text.COMP_Cmd), (56 bytes).
    Removing ft32f0xx_comp.o(.ARM.exidx.text.COMP_Cmd), (8 bytes).
    Removing ft32f0xx_comp.o(.text.COMP_GetOutputLevel), (40 bytes).
    Removing ft32f0xx_comp.o(.ARM.exidx.text.COMP_GetOutputLevel), (8 bytes).
    Removing ft32f0xx_comp.o(.text.COMP_WindowCmd), (28 bytes).
    Removing ft32f0xx_comp.o(.ARM.exidx.text.COMP_WindowCmd), (8 bytes).
    Removing ft32f0xx_comp.o(.text.COMP_LockConfig), (32 bytes).
    Removing ft32f0xx_comp.o(.ARM.exidx.text.COMP_LockConfig), (8 bytes).
    Removing ft32f0xx_dma.o(.text), (0 bytes).
    Removing ft32f0xx_dma.o(.text.DMA_DeInit), (120 bytes).
    Removing ft32f0xx_dma.o(.ARM.exidx.text.DMA_DeInit), (8 bytes).
    Removing ft32f0xx_dma.o(.text.DMA_Init), (60 bytes).
    Removing ft32f0xx_dma.o(.ARM.exidx.text.DMA_Init), (8 bytes).
    Removing ft32f0xx_dma.o(.text.DMA_StructInit), (10 bytes).
    Removing ft32f0xx_dma.o(.ARM.exidx.text.DMA_StructInit), (8 bytes).
    Removing ft32f0xx_dma.o(.text.DMA_Cmd), (28 bytes).
    Removing ft32f0xx_dma.o(.ARM.exidx.text.DMA_Cmd), (8 bytes).
    Removing ft32f0xx_dma.o(.text.DMA_SetCurrDataCounter), (4 bytes).
    Removing ft32f0xx_dma.o(.ARM.exidx.text.DMA_SetCurrDataCounter), (8 bytes).
    Removing ft32f0xx_dma.o(.text.DMA_GetCurrDataCounter), (6 bytes).
    Removing ft32f0xx_dma.o(.ARM.exidx.text.DMA_GetCurrDataCounter), (8 bytes).
    Removing ft32f0xx_dma.o(.text.DMA_ITConfig), (20 bytes).
    Removing ft32f0xx_dma.o(.ARM.exidx.text.DMA_ITConfig), (8 bytes).
    Removing ft32f0xx_dma.o(.text.DMA_GetFlagStatus), (28 bytes).
    Removing ft32f0xx_dma.o(.ARM.exidx.text.DMA_GetFlagStatus), (8 bytes).
    Removing ft32f0xx_dma.o(.text.DMA_ClearFlag), (16 bytes).
    Removing ft32f0xx_dma.o(.ARM.exidx.text.DMA_ClearFlag), (8 bytes).
    Removing ft32f0xx_dma.o(.text.DMA_GetITStatus), (28 bytes).
    Removing ft32f0xx_dma.o(.ARM.exidx.text.DMA_GetITStatus), (8 bytes).
    Removing ft32f0xx_dma.o(.text.DMA_ClearITPendingBit), (16 bytes).
    Removing ft32f0xx_dma.o(.ARM.exidx.text.DMA_ClearITPendingBit), (8 bytes).
    Removing ft32f0xx_flash.o(.text), (0 bytes).
    Removing ft32f0xx_flash.o(.text.FLASH_SetLatency), (20 bytes).
    Removing ft32f0xx_flash.o(.ARM.exidx.text.FLASH_SetLatency), (8 bytes).
    Removing ft32f0xx_flash.o(.text.FLASH_PrefetchBufferCmd), (24 bytes).
    Removing ft32f0xx_flash.o(.ARM.exidx.text.FLASH_PrefetchBufferCmd), (8 bytes).
    Removing ft32f0xx_flash.o(.text.FLASH_GetPrefetchBufferStatus), (16 bytes).
    Removing ft32f0xx_flash.o(.ARM.exidx.text.FLASH_GetPrefetchBufferStatus), (8 bytes).
    Removing ft32f0xx_flash.o(.text.FLASH_Unlock), (32 bytes).
    Removing ft32f0xx_flash.o(.ARM.exidx.text.FLASH_Unlock), (8 bytes).
    Removing ft32f0xx_flash.o(.text.FLASH_Lock), (16 bytes).
    Removing ft32f0xx_flash.o(.ARM.exidx.text.FLASH_Lock), (8 bytes).
    Removing ft32f0xx_flash.o(.text.FLASH_ErasePage), (84 bytes).
    Removing ft32f0xx_flash.o(.ARM.exidx.text.FLASH_ErasePage), (8 bytes).
    Removing ft32f0xx_flash.o(.text.FLASH_WaitForLastOperation), (52 bytes).
    Removing ft32f0xx_flash.o(.ARM.exidx.text.FLASH_WaitForLastOperation), (8 bytes).
    Removing ft32f0xx_flash.o(.text.FLASH_EraseAllPages), (80 bytes).
    Removing ft32f0xx_flash.o(.ARM.exidx.text.FLASH_EraseAllPages), (8 bytes).
    Removing ft32f0xx_flash.o(.text.FLASH_ProgramWord), (108 bytes).
    Removing ft32f0xx_flash.o(.ARM.exidx.text.FLASH_ProgramWord), (8 bytes).
    Removing ft32f0xx_flash.o(.text.FLASH_ProgramHalfWord), (80 bytes).
    Removing ft32f0xx_flash.o(.ARM.exidx.text.FLASH_ProgramHalfWord), (8 bytes).
    Removing ft32f0xx_flash.o(.text.FLASH_OB_Unlock), (32 bytes).
    Removing ft32f0xx_flash.o(.ARM.exidx.text.FLASH_OB_Unlock), (8 bytes).
    Removing ft32f0xx_flash.o(.text.FLASH_OB_Lock), (20 bytes).
    Removing ft32f0xx_flash.o(.ARM.exidx.text.FLASH_OB_Lock), (8 bytes).
    Removing ft32f0xx_flash.o(.text.FLASH_OB_Launch), (20 bytes).
    Removing ft32f0xx_flash.o(.ARM.exidx.text.FLASH_OB_Launch), (8 bytes).
    Removing ft32f0xx_flash.o(.text.FLASH_OB_Erase), (120 bytes).
    Removing ft32f0xx_flash.o(.ARM.exidx.text.FLASH_OB_Erase), (8 bytes).
    Removing ft32f0xx_flash.o(.text.FLASH_OB_GetRDP), (20 bytes).
    Removing ft32f0xx_flash.o(.ARM.exidx.text.FLASH_OB_GetRDP), (8 bytes).
    Removing ft32f0xx_flash.o(.text.FLASH_OB_EnableWRP), (152 bytes).
    Removing ft32f0xx_flash.o(.ARM.exidx.text.FLASH_OB_EnableWRP), (8 bytes).
    Removing ft32f0xx_flash.o(.text.FLASH_OB_RDPConfig), (108 bytes).
    Removing ft32f0xx_flash.o(.ARM.exidx.text.FLASH_OB_RDPConfig), (8 bytes).
    Removing ft32f0xx_flash.o(.text.FLASH_OB_UserConfig), (80 bytes).
    Removing ft32f0xx_flash.o(.ARM.exidx.text.FLASH_OB_UserConfig), (8 bytes).
    Removing ft32f0xx_flash.o(.text.FLASH_OB_BOOTConfig), (68 bytes).
    Removing ft32f0xx_flash.o(.ARM.exidx.text.FLASH_OB_BOOTConfig), (8 bytes).
    Removing ft32f0xx_flash.o(.text.FLASH_OB_VDDAConfig), (68 bytes).
    Removing ft32f0xx_flash.o(.ARM.exidx.text.FLASH_OB_VDDAConfig), (8 bytes).
    Removing ft32f0xx_flash.o(.text.FLASH_OB_SRAMParityConfig), (68 bytes).
    Removing ft32f0xx_flash.o(.ARM.exidx.text.FLASH_OB_SRAMParityConfig), (8 bytes).
    Removing ft32f0xx_flash.o(.text.FLASH_OB_WriteUser), (72 bytes).
    Removing ft32f0xx_flash.o(.ARM.exidx.text.FLASH_OB_WriteUser), (8 bytes).
    Removing ft32f0xx_flash.o(.text.FLASH_OB_ProgramData), (60 bytes).
    Removing ft32f0xx_flash.o(.ARM.exidx.text.FLASH_OB_ProgramData), (8 bytes).
    Removing ft32f0xx_flash.o(.text.FLASH_OB_GetUser), (16 bytes).
    Removing ft32f0xx_flash.o(.ARM.exidx.text.FLASH_OB_GetUser), (8 bytes).
    Removing ft32f0xx_flash.o(.text.FLASH_OB_GetWRP), (12 bytes).
    Removing ft32f0xx_flash.o(.ARM.exidx.text.FLASH_OB_GetWRP), (8 bytes).
    Removing ft32f0xx_flash.o(.text.FLASH_ITConfig), (28 bytes).
    Removing ft32f0xx_flash.o(.ARM.exidx.text.FLASH_ITConfig), (8 bytes).
    Removing ft32f0xx_flash.o(.text.FLASH_GetFlagStatus), (20 bytes).
    Removing ft32f0xx_flash.o(.ARM.exidx.text.FLASH_GetFlagStatus), (8 bytes).
    Removing ft32f0xx_flash.o(.text.FLASH_ClearFlag), (12 bytes).
    Removing ft32f0xx_flash.o(.ARM.exidx.text.FLASH_ClearFlag), (8 bytes).
    Removing ft32f0xx_flash.o(.text.FLASH_GetStatus), (40 bytes).
    Removing ft32f0xx_flash.o(.ARM.exidx.text.FLASH_GetStatus), (8 bytes).
    Removing ft32f0xx_gpio.o(.text), (0 bytes).
    Removing ft32f0xx_gpio.o(.text.GPIO_DeInit), (76 bytes).
    Removing ft32f0xx_gpio.o(.ARM.exidx.text.GPIO_DeInit), (8 bytes).
    Removing ft32f0xx_gpio.o(.ARM.exidx.text.GPIO_Init), (8 bytes).
    Removing ft32f0xx_gpio.o(.text.GPIO_StructInit), (16 bytes).
    Removing ft32f0xx_gpio.o(.ARM.exidx.text.GPIO_StructInit), (8 bytes).
    Removing ft32f0xx_gpio.o(.text.GPIO_PinLockConfig), (36 bytes).
    Removing ft32f0xx_gpio.o(.ARM.exidx.text.GPIO_PinLockConfig), (8 bytes).
    Removing ft32f0xx_gpio.o(.text.GPIO_ReadInputDataBit), (10 bytes).
    Removing ft32f0xx_gpio.o(.ARM.exidx.text.GPIO_ReadInputDataBit), (8 bytes).
    Removing ft32f0xx_gpio.o(.text.GPIO_ReadInputData), (4 bytes).
    Removing ft32f0xx_gpio.o(.ARM.exidx.text.GPIO_ReadInputData), (8 bytes).
    Removing ft32f0xx_gpio.o(.text.GPIO_ReadOutputDataBit), (10 bytes).
    Removing ft32f0xx_gpio.o(.ARM.exidx.text.GPIO_ReadOutputDataBit), (8 bytes).
    Removing ft32f0xx_gpio.o(.text.GPIO_ReadOutputData), (4 bytes).
    Removing ft32f0xx_gpio.o(.ARM.exidx.text.GPIO_ReadOutputData), (8 bytes).
    Removing ft32f0xx_gpio.o(.ARM.exidx.text.GPIO_SetBits), (8 bytes).
    Removing ft32f0xx_gpio.o(.ARM.exidx.text.GPIO_ResetBits), (8 bytes).
    Removing ft32f0xx_gpio.o(.text.GPIO_WriteBit), (12 bytes).
    Removing ft32f0xx_gpio.o(.ARM.exidx.text.GPIO_WriteBit), (8 bytes).
    Removing ft32f0xx_gpio.o(.text.GPIO_Write), (4 bytes).
    Removing ft32f0xx_gpio.o(.ARM.exidx.text.GPIO_Write), (8 bytes).
    Removing ft32f0xx_gpio.o(.text.GPIO_PinAFConfig), (32 bytes).
    Removing ft32f0xx_gpio.o(.ARM.exidx.text.GPIO_PinAFConfig), (8 bytes).
    Removing ft32f0xx_gpio.o(.text.GPIO_LedmConfig), (8 bytes).
    Removing ft32f0xx_gpio.o(.ARM.exidx.text.GPIO_LedmConfig), (8 bytes).
    Removing ft32f0xx_misc.o(.text), (0 bytes).
    Removing ft32f0xx_misc.o(.text.NVIC_Init), (80 bytes).
    Removing ft32f0xx_misc.o(.ARM.exidx.text.NVIC_Init), (8 bytes).
    Removing ft32f0xx_misc.o(.text.NVIC_SystemLPConfig), (28 bytes).
    Removing ft32f0xx_misc.o(.ARM.exidx.text.NVIC_SystemLPConfig), (8 bytes).
    Removing ft32f0xx_misc.o(.text.SysTick_CLKSourceConfig), (28 bytes).
    Removing ft32f0xx_misc.o(.ARM.exidx.text.SysTick_CLKSourceConfig), (8 bytes).
    Removing ft32f0xx_rcc.o(.text), (0 bytes).
    Removing ft32f0xx_rcc.o(.text.RCC_DeInit), (88 bytes).
    Removing ft32f0xx_rcc.o(.ARM.exidx.text.RCC_DeInit), (8 bytes).
    Removing ft32f0xx_rcc.o(.text.RCC_HSEConfig), (16 bytes).
    Removing ft32f0xx_rcc.o(.ARM.exidx.text.RCC_HSEConfig), (8 bytes).
    Removing ft32f0xx_rcc.o(.text.RCC_WaitForHSEStartUp), (48 bytes).
    Removing ft32f0xx_rcc.o(.ARM.exidx.text.RCC_WaitForHSEStartUp), (8 bytes).
    Removing ft32f0xx_rcc.o(.text.RCC_GetFlagStatus), (44 bytes).
    Removing ft32f0xx_rcc.o(.ARM.exidx.text.RCC_GetFlagStatus), (8 bytes).
    Removing ft32f0xx_rcc.o(.text.RCC_AdjustHSICalibrationValue), (20 bytes).
    Removing ft32f0xx_rcc.o(.ARM.exidx.text.RCC_AdjustHSICalibrationValue), (8 bytes).
    Removing ft32f0xx_rcc.o(.text.RCC_HSICmd), (24 bytes).
    Removing ft32f0xx_rcc.o(.ARM.exidx.text.RCC_HSICmd), (8 bytes).
    Removing ft32f0xx_rcc.o(.text.RCC_AdjustHSI14CalibrationValue), (20 bytes).
    Removing ft32f0xx_rcc.o(.ARM.exidx.text.RCC_AdjustHSI14CalibrationValue), (8 bytes).
    Removing ft32f0xx_rcc.o(.text.RCC_HSI14Cmd), (24 bytes).
    Removing ft32f0xx_rcc.o(.ARM.exidx.text.RCC_HSI14Cmd), (8 bytes).
    Removing ft32f0xx_rcc.o(.text.RCC_HSI14ADCRequestCmd), (24 bytes).
    Removing ft32f0xx_rcc.o(.ARM.exidx.text.RCC_HSI14ADCRequestCmd), (8 bytes).
    Removing ft32f0xx_rcc.o(.text.RCC_LSEConfig), (32 bytes).
    Removing ft32f0xx_rcc.o(.ARM.exidx.text.RCC_LSEConfig), (8 bytes).
    Removing ft32f0xx_rcc.o(.text.RCC_LSEDriveConfig), (24 bytes).
    Removing ft32f0xx_rcc.o(.ARM.exidx.text.RCC_LSEDriveConfig), (8 bytes).
    Removing ft32f0xx_rcc.o(.text.RCC_LSICmd), (24 bytes).
    Removing ft32f0xx_rcc.o(.ARM.exidx.text.RCC_LSICmd), (8 bytes).
    Removing ft32f0xx_rcc.o(.text.RCC_PLLConfig), (28 bytes).
    Removing ft32f0xx_rcc.o(.ARM.exidx.text.RCC_PLLConfig), (8 bytes).
    Removing ft32f0xx_rcc.o(.text.RCC_PLLCmd), (28 bytes).
    Removing ft32f0xx_rcc.o(.ARM.exidx.text.RCC_PLLCmd), (8 bytes).
    Removing ft32f0xx_rcc.o(.text.RCC_HSI48Cmd), (28 bytes).
    Removing ft32f0xx_rcc.o(.ARM.exidx.text.RCC_HSI48Cmd), (8 bytes).
    Removing ft32f0xx_rcc.o(.text.RCC_PREDIV1Config), (20 bytes).
    Removing ft32f0xx_rcc.o(.ARM.exidx.text.RCC_PREDIV1Config), (8 bytes).
    Removing ft32f0xx_rcc.o(.text.RCC_ClockSecuritySystemCmd), (28 bytes).
    Removing ft32f0xx_rcc.o(.ARM.exidx.text.RCC_ClockSecuritySystemCmd), (8 bytes).
    Removing ft32f0xx_rcc.o(.text.RCC_MCOConfig), (28 bytes).
    Removing ft32f0xx_rcc.o(.ARM.exidx.text.RCC_MCOConfig), (8 bytes).
    Removing ft32f0xx_rcc.o(.text.RCC_SYSCLKConfig), (20 bytes).
    Removing ft32f0xx_rcc.o(.ARM.exidx.text.RCC_SYSCLKConfig), (8 bytes).
    Removing ft32f0xx_rcc.o(.text.RCC_GetSYSCLKSource), (16 bytes).
    Removing ft32f0xx_rcc.o(.ARM.exidx.text.RCC_GetSYSCLKSource), (8 bytes).
    Removing ft32f0xx_rcc.o(.text.RCC_HCLKConfig), (20 bytes).
    Removing ft32f0xx_rcc.o(.ARM.exidx.text.RCC_HCLKConfig), (8 bytes).
    Removing ft32f0xx_rcc.o(.text.RCC_PCLKConfig), (20 bytes).
    Removing ft32f0xx_rcc.o(.ARM.exidx.text.RCC_PCLKConfig), (8 bytes).
    Removing ft32f0xx_rcc.o(.text.RCC_ADCCLKConfig), (44 bytes).
    Removing ft32f0xx_rcc.o(.ARM.exidx.text.RCC_ADCCLKConfig), (8 bytes).
    Removing ft32f0xx_rcc.o(.text.RCC_I2CCLKConfig), (24 bytes).
    Removing ft32f0xx_rcc.o(.ARM.exidx.text.RCC_I2CCLKConfig), (8 bytes).
    Removing ft32f0xx_rcc.o(.text.RCC_USARTCLKConfig), (28 bytes).
    Removing ft32f0xx_rcc.o(.ARM.exidx.text.RCC_USARTCLKConfig), (8 bytes).
    Removing ft32f0xx_rcc.o(.text.RCC_USBCLKConfig), (24 bytes).
    Removing ft32f0xx_rcc.o(.ARM.exidx.text.RCC_USBCLKConfig), (8 bytes).
    Removing ft32f0xx_rcc.o(.text.RCC_GetClocksFreq), (236 bytes).
    Removing ft32f0xx_rcc.o(.ARM.exidx.text.RCC_GetClocksFreq), (8 bytes).
    Removing ft32f0xx_rcc.o(.text.RCC_RTCCLKConfig), (16 bytes).
    Removing ft32f0xx_rcc.o(.ARM.exidx.text.RCC_RTCCLKConfig), (8 bytes).
    Removing ft32f0xx_rcc.o(.text.RCC_RTCCLKCmd), (28 bytes).
    Removing ft32f0xx_rcc.o(.ARM.exidx.text.RCC_RTCCLKCmd), (8 bytes).
    Removing ft32f0xx_rcc.o(.text.RCC_BackupResetCmd), (28 bytes).
    Removing ft32f0xx_rcc.o(.ARM.exidx.text.RCC_BackupResetCmd), (8 bytes).
    Removing ft32f0xx_rcc.o(.ARM.exidx.text.RCC_AHBPeriphClockCmd), (8 bytes).
    Removing ft32f0xx_rcc.o(.text.RCC_APB2PeriphClockCmd), (28 bytes).
    Removing ft32f0xx_rcc.o(.ARM.exidx.text.RCC_APB2PeriphClockCmd), (8 bytes).
    Removing ft32f0xx_rcc.o(.text.RCC_APB1PeriphClockCmd), (28 bytes).
    Removing ft32f0xx_rcc.o(.ARM.exidx.text.RCC_APB1PeriphClockCmd), (8 bytes).
    Removing ft32f0xx_rcc.o(.text.RCC_AHBPeriphResetCmd), (28 bytes).
    Removing ft32f0xx_rcc.o(.ARM.exidx.text.RCC_AHBPeriphResetCmd), (8 bytes).
    Removing ft32f0xx_rcc.o(.text.RCC_APB2PeriphResetCmd), (28 bytes).
    Removing ft32f0xx_rcc.o(.ARM.exidx.text.RCC_APB2PeriphResetCmd), (8 bytes).
    Removing ft32f0xx_rcc.o(.text.RCC_APB1PeriphResetCmd), (28 bytes).
    Removing ft32f0xx_rcc.o(.ARM.exidx.text.RCC_APB1PeriphResetCmd), (8 bytes).
    Removing ft32f0xx_rcc.o(.text.RCC_ITConfig), (28 bytes).
    Removing ft32f0xx_rcc.o(.ARM.exidx.text.RCC_ITConfig), (8 bytes).
    Removing ft32f0xx_rcc.o(.text.RCC_ClearFlag), (20 bytes).
    Removing ft32f0xx_rcc.o(.ARM.exidx.text.RCC_ClearFlag), (8 bytes).
    Removing ft32f0xx_rcc.o(.text.RCC_GetITStatus), (20 bytes).
    Removing ft32f0xx_rcc.o(.ARM.exidx.text.RCC_GetITStatus), (8 bytes).
    Removing ft32f0xx_rcc.o(.text.RCC_ClearITPendingBit), (12 bytes).
    Removing ft32f0xx_rcc.o(.ARM.exidx.text.RCC_ClearITPendingBit), (8 bytes).
    Removing ft32f0xx_rcc.o(.rodata.APBAHBPrescTable), (16 bytes).
    Removing ft32f0xx_tim.o(.text), (0 bytes).
    Removing ft32f0xx_tim.o(.text.TIM_DeInit), (176 bytes).
    Removing ft32f0xx_tim.o(.ARM.exidx.text.TIM_DeInit), (8 bytes).
    Removing ft32f0xx_tim.o(.text.TIM_TimeBaseInit), (112 bytes).
    Removing ft32f0xx_tim.o(.ARM.exidx.text.TIM_TimeBaseInit), (8 bytes).
    Removing ft32f0xx_tim.o(.text.TIM_TimeBaseStructInit), (12 bytes).
    Removing ft32f0xx_tim.o(.ARM.exidx.text.TIM_TimeBaseStructInit), (8 bytes).
    Removing ft32f0xx_tim.o(.text.TIM_PrescalerConfig), (6 bytes).
    Removing ft32f0xx_tim.o(.ARM.exidx.text.TIM_PrescalerConfig), (8 bytes).
    Removing ft32f0xx_tim.o(.text.TIM_CounterModeConfig), (12 bytes).
    Removing ft32f0xx_tim.o(.ARM.exidx.text.TIM_CounterModeConfig), (8 bytes).
    Removing ft32f0xx_tim.o(.text.TIM_SetCounter), (4 bytes).
    Removing ft32f0xx_tim.o(.ARM.exidx.text.TIM_SetCounter), (8 bytes).
    Removing ft32f0xx_tim.o(.text.TIM_SetAutoreload), (4 bytes).
    Removing ft32f0xx_tim.o(.ARM.exidx.text.TIM_SetAutoreload), (8 bytes).
    Removing ft32f0xx_tim.o(.text.TIM_GetCounter), (4 bytes).
    Removing ft32f0xx_tim.o(.ARM.exidx.text.TIM_GetCounter), (8 bytes).
    Removing ft32f0xx_tim.o(.text.TIM_GetPrescaler), (4 bytes).
    Removing ft32f0xx_tim.o(.ARM.exidx.text.TIM_GetPrescaler), (8 bytes).
    Removing ft32f0xx_tim.o(.text.TIM_UpdateDisableConfig), (18 bytes).
    Removing ft32f0xx_tim.o(.ARM.exidx.text.TIM_UpdateDisableConfig), (8 bytes).
    Removing ft32f0xx_tim.o(.text.TIM_UpdateRequestConfig), (18 bytes).
    Removing ft32f0xx_tim.o(.ARM.exidx.text.TIM_UpdateRequestConfig), (8 bytes).
    Removing ft32f0xx_tim.o(.text.TIM_ARRPreloadConfig), (18 bytes).
    Removing ft32f0xx_tim.o(.ARM.exidx.text.TIM_ARRPreloadConfig), (8 bytes).
    Removing ft32f0xx_tim.o(.text.TIM_SelectOnePulseMode), (16 bytes).
    Removing ft32f0xx_tim.o(.ARM.exidx.text.TIM_SelectOnePulseMode), (8 bytes).
    Removing ft32f0xx_tim.o(.text.TIM_SetClockDivision), (20 bytes).
    Removing ft32f0xx_tim.o(.ARM.exidx.text.TIM_SetClockDivision), (8 bytes).
    Removing ft32f0xx_tim.o(.text.TIM_Cmd), (16 bytes).
    Removing ft32f0xx_tim.o(.ARM.exidx.text.TIM_Cmd), (8 bytes).
    Removing ft32f0xx_tim.o(.text.TIM_BDTRConfig), (32 bytes).
    Removing ft32f0xx_tim.o(.ARM.exidx.text.TIM_BDTRConfig), (8 bytes).
    Removing ft32f0xx_tim.o(.text.TIM_BDTRStructInit), (18 bytes).
    Removing ft32f0xx_tim.o(.ARM.exidx.text.TIM_BDTRStructInit), (8 bytes).
    Removing ft32f0xx_tim.o(.text.TIM_CtrlPWMOutputs), (28 bytes).
    Removing ft32f0xx_tim.o(.ARM.exidx.text.TIM_CtrlPWMOutputs), (8 bytes).
    Removing ft32f0xx_tim.o(.text.TIM_OC1Init), (104 bytes).
    Removing ft32f0xx_tim.o(.ARM.exidx.text.TIM_OC1Init), (8 bytes).
    Removing ft32f0xx_tim.o(.text.TIM_OC2Init), (136 bytes).
    Removing ft32f0xx_tim.o(.ARM.exidx.text.TIM_OC2Init), (8 bytes).
    Removing ft32f0xx_tim.o(.text.TIM_OC3Init), (116 bytes).
    Removing ft32f0xx_tim.o(.ARM.exidx.text.TIM_OC3Init), (8 bytes).
    Removing ft32f0xx_tim.o(.text.TIM_OC4Init), (104 bytes).
    Removing ft32f0xx_tim.o(.ARM.exidx.text.TIM_OC4Init), (8 bytes).
    Removing ft32f0xx_tim.o(.text.TIM_OCStructInit), (14 bytes).
    Removing ft32f0xx_tim.o(.ARM.exidx.text.TIM_OCStructInit), (8 bytes).
    Removing ft32f0xx_tim.o(.text.TIM_SelectOCxM), (66 bytes).
    Removing ft32f0xx_tim.o(.ARM.exidx.text.TIM_SelectOCxM), (8 bytes).
    Removing ft32f0xx_tim.o(.text.TIM_SetCompare1), (4 bytes).
    Removing ft32f0xx_tim.o(.ARM.exidx.text.TIM_SetCompare1), (8 bytes).
    Removing ft32f0xx_tim.o(.text.TIM_SetCompare2), (4 bytes).
    Removing ft32f0xx_tim.o(.ARM.exidx.text.TIM_SetCompare2), (8 bytes).
    Removing ft32f0xx_tim.o(.text.TIM_SetCompare3), (4 bytes).
    Removing ft32f0xx_tim.o(.ARM.exidx.text.TIM_SetCompare3), (8 bytes).
    Removing ft32f0xx_tim.o(.text.TIM_SetCompare4), (4 bytes).
    Removing ft32f0xx_tim.o(.ARM.exidx.text.TIM_SetCompare4), (8 bytes).
    Removing ft32f0xx_tim.o(.text.TIM_ForcedOC1Config), (12 bytes).
    Removing ft32f0xx_tim.o(.ARM.exidx.text.TIM_ForcedOC1Config), (8 bytes).
    Removing ft32f0xx_tim.o(.text.TIM_ForcedOC2Config), (20 bytes).
    Removing ft32f0xx_tim.o(.ARM.exidx.text.TIM_ForcedOC2Config), (8 bytes).
    Removing ft32f0xx_tim.o(.text.TIM_ForcedOC3Config), (12 bytes).
    Removing ft32f0xx_tim.o(.ARM.exidx.text.TIM_ForcedOC3Config), (8 bytes).
    Removing ft32f0xx_tim.o(.text.TIM_ForcedOC4Config), (20 bytes).
    Removing ft32f0xx_tim.o(.ARM.exidx.text.TIM_ForcedOC4Config), (8 bytes).
    Removing ft32f0xx_tim.o(.text.TIM_CCPreloadControl), (16 bytes).
    Removing ft32f0xx_tim.o(.ARM.exidx.text.TIM_CCPreloadControl), (8 bytes).
    Removing ft32f0xx_tim.o(.text.TIM_OC1PreloadConfig), (12 bytes).
    Removing ft32f0xx_tim.o(.ARM.exidx.text.TIM_OC1PreloadConfig), (8 bytes).
    Removing ft32f0xx_tim.o(.text.TIM_OC2PreloadConfig), (20 bytes).
    Removing ft32f0xx_tim.o(.ARM.exidx.text.TIM_OC2PreloadConfig), (8 bytes).
    Removing ft32f0xx_tim.o(.text.TIM_OC3PreloadConfig), (12 bytes).
    Removing ft32f0xx_tim.o(.ARM.exidx.text.TIM_OC3PreloadConfig), (8 bytes).
    Removing ft32f0xx_tim.o(.text.TIM_OC4PreloadConfig), (20 bytes).
    Removing ft32f0xx_tim.o(.ARM.exidx.text.TIM_OC4PreloadConfig), (8 bytes).
    Removing ft32f0xx_tim.o(.text.TIM_OC1FastConfig), (12 bytes).
    Removing ft32f0xx_tim.o(.ARM.exidx.text.TIM_OC1FastConfig), (8 bytes).
    Removing ft32f0xx_tim.o(.text.TIM_OC2FastConfig), (20 bytes).
    Removing ft32f0xx_tim.o(.ARM.exidx.text.TIM_OC2FastConfig), (8 bytes).
    Removing ft32f0xx_tim.o(.text.TIM_OC3FastConfig), (12 bytes).
    Removing ft32f0xx_tim.o(.ARM.exidx.text.TIM_OC3FastConfig), (8 bytes).
    Removing ft32f0xx_tim.o(.text.TIM_OC4FastConfig), (20 bytes).
    Removing ft32f0xx_tim.o(.ARM.exidx.text.TIM_OC4FastConfig), (8 bytes).
    Removing ft32f0xx_tim.o(.text.TIM_ClearOC1Ref), (12 bytes).
    Removing ft32f0xx_tim.o(.ARM.exidx.text.TIM_ClearOC1Ref), (8 bytes).
    Removing ft32f0xx_tim.o(.text.TIM_ClearOC2Ref), (20 bytes).
    Removing ft32f0xx_tim.o(.ARM.exidx.text.TIM_ClearOC2Ref), (8 bytes).
    Removing ft32f0xx_tim.o(.text.TIM_ClearOC3Ref), (12 bytes).
    Removing ft32f0xx_tim.o(.ARM.exidx.text.TIM_ClearOC3Ref), (8 bytes).
    Removing ft32f0xx_tim.o(.text.TIM_ClearOC4Ref), (20 bytes).
    Removing ft32f0xx_tim.o(.ARM.exidx.text.TIM_ClearOC4Ref), (8 bytes).
    Removing ft32f0xx_tim.o(.text.TIM_OC1PolarityConfig), (12 bytes).
    Removing ft32f0xx_tim.o(.ARM.exidx.text.TIM_OC1PolarityConfig), (8 bytes).
    Removing ft32f0xx_tim.o(.text.TIM_OC1NPolarityConfig), (12 bytes).
    Removing ft32f0xx_tim.o(.ARM.exidx.text.TIM_OC1NPolarityConfig), (8 bytes).
    Removing ft32f0xx_tim.o(.text.TIM_OC2PolarityConfig), (14 bytes).
    Removing ft32f0xx_tim.o(.ARM.exidx.text.TIM_OC2PolarityConfig), (8 bytes).
    Removing ft32f0xx_tim.o(.text.TIM_OC2NPolarityConfig), (14 bytes).
    Removing ft32f0xx_tim.o(.ARM.exidx.text.TIM_OC2NPolarityConfig), (8 bytes).
    Removing ft32f0xx_tim.o(.text.TIM_OC3PolarityConfig), (20 bytes).
    Removing ft32f0xx_tim.o(.ARM.exidx.text.TIM_OC3PolarityConfig), (8 bytes).
    Removing ft32f0xx_tim.o(.text.TIM_OC3NPolarityConfig), (20 bytes).
    Removing ft32f0xx_tim.o(.ARM.exidx.text.TIM_OC3NPolarityConfig), (8 bytes).
    Removing ft32f0xx_tim.o(.text.TIM_OC4PolarityConfig), (20 bytes).
    Removing ft32f0xx_tim.o(.ARM.exidx.text.TIM_OC4PolarityConfig), (8 bytes).
    Removing ft32f0xx_tim.o(.text.TIM_SelectOCREFClear), (16 bytes).
    Removing ft32f0xx_tim.o(.ARM.exidx.text.TIM_SelectOCREFClear), (8 bytes).
    Removing ft32f0xx_tim.o(.text.TIM_CCxCmd), (22 bytes).
    Removing ft32f0xx_tim.o(.ARM.exidx.text.TIM_CCxCmd), (8 bytes).
    Removing ft32f0xx_tim.o(.text.TIM_CCxNCmd), (22 bytes).
    Removing ft32f0xx_tim.o(.ARM.exidx.text.TIM_CCxNCmd), (8 bytes).
    Removing ft32f0xx_tim.o(.text.TIM_SelectCOM), (18 bytes).
    Removing ft32f0xx_tim.o(.ARM.exidx.text.TIM_SelectCOM), (8 bytes).
    Removing ft32f0xx_tim.o(.text.TIM_ICInit), (108 bytes).
    Removing ft32f0xx_tim.o(.ARM.exidx.text.TIM_ICInit), (8 bytes).
    Removing ft32f0xx_tim.o(.text.TI1_Config), (38 bytes).
    Removing ft32f0xx_tim.o(.ARM.exidx.text.TI1_Config), (8 bytes).
    Removing ft32f0xx_tim.o(.text.TIM_SetIC1Prescaler), (16 bytes).
    Removing ft32f0xx_tim.o(.ARM.exidx.text.TIM_SetIC1Prescaler), (8 bytes).
    Removing ft32f0xx_tim.o(.text.TI2_Config), (48 bytes).
    Removing ft32f0xx_tim.o(.ARM.exidx.text.TI2_Config), (8 bytes).
    Removing ft32f0xx_tim.o(.text.TIM_SetIC2Prescaler), (24 bytes).
    Removing ft32f0xx_tim.o(.ARM.exidx.text.TIM_SetIC2Prescaler), (8 bytes).
    Removing ft32f0xx_tim.o(.text.TI3_Config), (52 bytes).
    Removing ft32f0xx_tim.o(.ARM.exidx.text.TI3_Config), (8 bytes).
    Removing ft32f0xx_tim.o(.text.TIM_SetIC3Prescaler), (16 bytes).
    Removing ft32f0xx_tim.o(.ARM.exidx.text.TIM_SetIC3Prescaler), (8 bytes).
    Removing ft32f0xx_tim.o(.text.TI4_Config), (60 bytes).
    Removing ft32f0xx_tim.o(.ARM.exidx.text.TI4_Config), (8 bytes).
    Removing ft32f0xx_tim.o(.text.TIM_SetIC4Prescaler), (24 bytes).
    Removing ft32f0xx_tim.o(.ARM.exidx.text.TIM_SetIC4Prescaler), (8 bytes).
    Removing ft32f0xx_tim.o(.text.TIM_ICStructInit), (16 bytes).
    Removing ft32f0xx_tim.o(.ARM.exidx.text.TIM_ICStructInit), (8 bytes).
    Removing ft32f0xx_tim.o(.text.TIM_PWMIConfig), (112 bytes).
    Removing ft32f0xx_tim.o(.ARM.exidx.text.TIM_PWMIConfig), (8 bytes).
    Removing ft32f0xx_tim.o(.text.TIM_GetCapture1), (4 bytes).
    Removing ft32f0xx_tim.o(.ARM.exidx.text.TIM_GetCapture1), (8 bytes).
    Removing ft32f0xx_tim.o(.text.TIM_GetCapture2), (4 bytes).
    Removing ft32f0xx_tim.o(.ARM.exidx.text.TIM_GetCapture2), (8 bytes).
    Removing ft32f0xx_tim.o(.text.TIM_GetCapture3), (4 bytes).
    Removing ft32f0xx_tim.o(.ARM.exidx.text.TIM_GetCapture3), (8 bytes).
    Removing ft32f0xx_tim.o(.text.TIM_GetCapture4), (4 bytes).
    Removing ft32f0xx_tim.o(.ARM.exidx.text.TIM_GetCapture4), (8 bytes).
    Removing ft32f0xx_tim.o(.text.TIM_ITConfig), (20 bytes).
    Removing ft32f0xx_tim.o(.ARM.exidx.text.TIM_ITConfig), (8 bytes).
    Removing ft32f0xx_tim.o(.text.TIM_GenerateEvent), (4 bytes).
    Removing ft32f0xx_tim.o(.ARM.exidx.text.TIM_GenerateEvent), (8 bytes).
    Removing ft32f0xx_tim.o(.text.TIM_GetFlagStatus), (10 bytes).
    Removing ft32f0xx_tim.o(.ARM.exidx.text.TIM_GetFlagStatus), (8 bytes).
    Removing ft32f0xx_tim.o(.text.TIM_ClearFlag), (6 bytes).
    Removing ft32f0xx_tim.o(.ARM.exidx.text.TIM_ClearFlag), (8 bytes).
    Removing ft32f0xx_tim.o(.text.TIM_GetITStatus), (20 bytes).
    Removing ft32f0xx_tim.o(.ARM.exidx.text.TIM_GetITStatus), (8 bytes).
    Removing ft32f0xx_tim.o(.text.TIM_ClearITPendingBit), (6 bytes).
    Removing ft32f0xx_tim.o(.ARM.exidx.text.TIM_ClearITPendingBit), (8 bytes).
    Removing ft32f0xx_tim.o(.text.TIM_DMAConfig), (8 bytes).
    Removing ft32f0xx_tim.o(.ARM.exidx.text.TIM_DMAConfig), (8 bytes).
    Removing ft32f0xx_tim.o(.text.TIM_DMACmd), (20 bytes).
    Removing ft32f0xx_tim.o(.ARM.exidx.text.TIM_DMACmd), (8 bytes).
    Removing ft32f0xx_tim.o(.text.TIM_SelectCCDMA), (18 bytes).
    Removing ft32f0xx_tim.o(.ARM.exidx.text.TIM_SelectCCDMA), (8 bytes).
    Removing ft32f0xx_tim.o(.text.TIM_InternalClockConfig), (10 bytes).
    Removing ft32f0xx_tim.o(.ARM.exidx.text.TIM_InternalClockConfig), (8 bytes).
    Removing ft32f0xx_tim.o(.text.TIM_ITRxExternalClockConfig), (18 bytes).
    Removing ft32f0xx_tim.o(.ARM.exidx.text.TIM_ITRxExternalClockConfig), (8 bytes).
    Removing ft32f0xx_tim.o(.text.TIM_SelectInputTrigger), (12 bytes).
    Removing ft32f0xx_tim.o(.ARM.exidx.text.TIM_SelectInputTrigger), (8 bytes).
    Removing ft32f0xx_tim.o(.text.TIM_TIxExternalClockConfig), (46 bytes).
    Removing ft32f0xx_tim.o(.ARM.exidx.text.TIM_TIxExternalClockConfig), (8 bytes).
    Removing ft32f0xx_tim.o(.text.TIM_ETRClockMode1Config), (18 bytes).
    Removing ft32f0xx_tim.o(.ARM.exidx.text.TIM_ETRClockMode1Config), (8 bytes).
    Removing ft32f0xx_tim.o(.text.TIM_ETRConfig), (16 bytes).
    Removing ft32f0xx_tim.o(.ARM.exidx.text.TIM_ETRConfig), (8 bytes).
    Removing ft32f0xx_tim.o(.text.TIM_ETRClockMode2Config), (20 bytes).
    Removing ft32f0xx_tim.o(.ARM.exidx.text.TIM_ETRClockMode2Config), (8 bytes).
    Removing ft32f0xx_tim.o(.text.TIM_SelectOutputTrigger), (16 bytes).
    Removing ft32f0xx_tim.o(.ARM.exidx.text.TIM_SelectOutputTrigger), (8 bytes).
    Removing ft32f0xx_tim.o(.text.TIM_SelectSlaveMode), (16 bytes).
    Removing ft32f0xx_tim.o(.ARM.exidx.text.TIM_SelectSlaveMode), (8 bytes).
    Removing ft32f0xx_tim.o(.text.TIM_SelectMasterSlaveMode), (16 bytes).
    Removing ft32f0xx_tim.o(.ARM.exidx.text.TIM_SelectMasterSlaveMode), (8 bytes).
    Removing ft32f0xx_tim.o(.text.TIM_EncoderInterfaceConfig), (48 bytes).
    Removing ft32f0xx_tim.o(.ARM.exidx.text.TIM_EncoderInterfaceConfig), (8 bytes).
    Removing ft32f0xx_tim.o(.text.TIM_SelectHallSensor), (18 bytes).
    Removing ft32f0xx_tim.o(.ARM.exidx.text.TIM_SelectHallSensor), (8 bytes).
    Removing ft32f0xx_tim.o(.text.TIM_RemapConfig), (6 bytes).
    Removing ft32f0xx_tim.o(.ARM.exidx.text.TIM_RemapConfig), (8 bytes).
    Removing ft32f0xx_usart.o(.text), (0 bytes).
    Removing ft32f0xx_usart.o(.text.USART_DeInit), (64 bytes).
    Removing ft32f0xx_usart.o(.ARM.exidx.text.USART_DeInit), (8 bytes).
    Removing ft32f0xx_usart.o(.text.USART_Init), (168 bytes).
    Removing ft32f0xx_usart.o(.ARM.exidx.text.USART_Init), (8 bytes).
    Removing ft32f0xx_usart.o(.text.USART_StructInit), (22 bytes).
    Removing ft32f0xx_usart.o(.ARM.exidx.text.USART_StructInit), (8 bytes).
    Removing ft32f0xx_usart.o(.text.USART_ClockInit), (26 bytes).
    Removing ft32f0xx_usart.o(.ARM.exidx.text.USART_ClockInit), (8 bytes).
    Removing ft32f0xx_usart.o(.text.USART_ClockStructInit), (12 bytes).
    Removing ft32f0xx_usart.o(.ARM.exidx.text.USART_ClockStructInit), (8 bytes).
    Removing ft32f0xx_usart.o(.text.USART_Cmd), (16 bytes).
    Removing ft32f0xx_usart.o(.ARM.exidx.text.USART_Cmd), (8 bytes).
    Removing ft32f0xx_usart.o(.text.USART_DirectionModeCmd), (20 bytes).
    Removing ft32f0xx_usart.o(.ARM.exidx.text.USART_DirectionModeCmd), (8 bytes).
    Removing ft32f0xx_usart.o(.text.USART_OverSampling8Cmd), (20 bytes).
    Removing ft32f0xx_usart.o(.ARM.exidx.text.USART_OverSampling8Cmd), (8 bytes).
    Removing ft32f0xx_usart.o(.text.USART_OneBitMethodCmd), (20 bytes).
    Removing ft32f0xx_usart.o(.ARM.exidx.text.USART_OneBitMethodCmd), (8 bytes).
    Removing ft32f0xx_usart.o(.text.USART_MSBFirstCmd), (20 bytes).
    Removing ft32f0xx_usart.o(.ARM.exidx.text.USART_MSBFirstCmd), (8 bytes).
    Removing ft32f0xx_usart.o(.text.USART_DataInvCmd), (20 bytes).
    Removing ft32f0xx_usart.o(.ARM.exidx.text.USART_DataInvCmd), (8 bytes).
    Removing ft32f0xx_usart.o(.text.USART_InvPinCmd), (20 bytes).
    Removing ft32f0xx_usart.o(.ARM.exidx.text.USART_InvPinCmd), (8 bytes).
    Removing ft32f0xx_usart.o(.text.USART_SWAPPinCmd), (20 bytes).
    Removing ft32f0xx_usart.o(.ARM.exidx.text.USART_SWAPPinCmd), (8 bytes).
    Removing ft32f0xx_usart.o(.text.USART_ReceiverTimeOutCmd), (20 bytes).
    Removing ft32f0xx_usart.o(.ARM.exidx.text.USART_ReceiverTimeOutCmd), (8 bytes).
    Removing ft32f0xx_usart.o(.text.USART_SetReceiverTimeOut), (18 bytes).
    Removing ft32f0xx_usart.o(.ARM.exidx.text.USART_SetReceiverTimeOut), (8 bytes).
    Removing ft32f0xx_usart.o(.text.USART_AutoBaudRateCmd), (20 bytes).
    Removing ft32f0xx_usart.o(.ARM.exidx.text.USART_AutoBaudRateCmd), (8 bytes).
    Removing ft32f0xx_usart.o(.text.USART_AutoBaudRateConfig), (18 bytes).
    Removing ft32f0xx_usart.o(.ARM.exidx.text.USART_AutoBaudRateConfig), (8 bytes).
    Removing ft32f0xx_usart.o(.text.USART_SendData), (12 bytes).
    Removing ft32f0xx_usart.o(.ARM.exidx.text.USART_SendData), (8 bytes).
    Removing ft32f0xx_usart.o(.text.USART_ReceiveData), (12 bytes).
    Removing ft32f0xx_usart.o(.ARM.exidx.text.USART_ReceiveData), (8 bytes).
    Removing ft32f0xx_usart.o(.text.USART_SetAddress), (20 bytes).
    Removing ft32f0xx_usart.o(.ARM.exidx.text.USART_SetAddress), (8 bytes).
    Removing ft32f0xx_usart.o(.text.USART_MuteModeCmd), (20 bytes).
    Removing ft32f0xx_usart.o(.ARM.exidx.text.USART_MuteModeCmd), (8 bytes).
    Removing ft32f0xx_usart.o(.text.USART_MuteModeWakeUpConfig), (18 bytes).
    Removing ft32f0xx_usart.o(.ARM.exidx.text.USART_MuteModeWakeUpConfig), (8 bytes).
    Removing ft32f0xx_usart.o(.text.USART_AddressDetectionConfig), (16 bytes).
    Removing ft32f0xx_usart.o(.ARM.exidx.text.USART_AddressDetectionConfig), (8 bytes).
    Removing ft32f0xx_usart.o(.text.USART_HalfDuplexCmd), (18 bytes).
    Removing ft32f0xx_usart.o(.ARM.exidx.text.USART_HalfDuplexCmd), (8 bytes).
    Removing ft32f0xx_usart.o(.text.USART_DECmd), (20 bytes).
    Removing ft32f0xx_usart.o(.ARM.exidx.text.USART_DECmd), (8 bytes).
    Removing ft32f0xx_usart.o(.text.USART_DEPolarityConfig), (18 bytes).
    Removing ft32f0xx_usart.o(.ARM.exidx.text.USART_DEPolarityConfig), (8 bytes).
    Removing ft32f0xx_usart.o(.text.USART_SetDEAssertionTime), (20 bytes).
    Removing ft32f0xx_usart.o(.ARM.exidx.text.USART_SetDEAssertionTime), (8 bytes).
    Removing ft32f0xx_usart.o(.text.USART_SetDEDeassertionTime), (20 bytes).
    Removing ft32f0xx_usart.o(.ARM.exidx.text.USART_SetDEDeassertionTime), (8 bytes).
    Removing ft32f0xx_usart.o(.text.USART_DMACmd), (20 bytes).
    Removing ft32f0xx_usart.o(.ARM.exidx.text.USART_DMACmd), (8 bytes).
    Removing ft32f0xx_usart.o(.text.USART_DMAReceptionErrorConfig), (18 bytes).
    Removing ft32f0xx_usart.o(.ARM.exidx.text.USART_DMAReceptionErrorConfig), (8 bytes).
    Removing ft32f0xx_usart.o(.text.USART_ITConfig), (46 bytes).
    Removing ft32f0xx_usart.o(.ARM.exidx.text.USART_ITConfig), (8 bytes).
    Removing ft32f0xx_usart.o(.text.USART_RequestCmd), (18 bytes).
    Removing ft32f0xx_usart.o(.ARM.exidx.text.USART_RequestCmd), (8 bytes).
    Removing ft32f0xx_usart.o(.text.USART_OverrunDetectionConfig), (18 bytes).
    Removing ft32f0xx_usart.o(.ARM.exidx.text.USART_OverrunDetectionConfig), (8 bytes).
    Removing ft32f0xx_usart.o(.text.USART_GetFlagStatus), (10 bytes).
    Removing ft32f0xx_usart.o(.ARM.exidx.text.USART_GetFlagStatus), (8 bytes).
    Removing ft32f0xx_usart.o(.text.USART_ClearFlag), (4 bytes).
    Removing ft32f0xx_usart.o(.ARM.exidx.text.USART_ClearFlag), (8 bytes).
    Removing ft32f0xx_usart.o(.text.USART_GetITStatus), (44 bytes).
    Removing ft32f0xx_usart.o(.ARM.exidx.text.USART_GetITStatus), (8 bytes).
    Removing ft32f0xx_usart.o(.text.USART_ClearITPendingBit), (10 bytes).
    Removing ft32f0xx_usart.o(.ARM.exidx.text.USART_ClearITPendingBit), (8 bytes).
    Removing system_ft32f0xx.o(.text), (0 bytes).
    Removing system_ft32f0xx.o(.ARM.exidx.text.SystemInit), (8 bytes).
    Removing system_ft32f0xx.o(.ARM.exidx.text.SetSysClock), (8 bytes).
    Removing system_ft32f0xx.o(.text.SystemCoreClockUpdate), (96 bytes).
    Removing system_ft32f0xx.o(.ARM.exidx.text.SystemCoreClockUpdate), (8 bytes).
    Removing system_ft32f0xx.o(.ARM.exidx.text.SetSysClockTo48), (8 bytes).
    Removing system_ft32f0xx.o(.data.SystemCoreClock), (4 bytes).
    Removing system_ft32f0xx.o(.rodata.AHBPrescTable), (16 bytes).
    Removing ft32f0xx_touch.o(.rev16_text), (4 bytes).
    Removing ft32f0xx_touch.o(.revsh_text), (4 bytes).
    Removing ft32f0xx_touch.o(i.Set_Baseline), (40 bytes).
    Removing ft32f0xx_touch.o(i.Set_Frequ), (16 bytes).
    Removing ft32f0xx_touch.o(i.TSC_GetDelta), (36 bytes).
    Removing ft32f0xx_touch.o(i.TSC_GetPrevData), (28 bytes).
    Removing ft32f0xx_touch.o(i.TSC_GetSingle), (12 bytes).
    Removing ft32f0xx_touch.o(i.TSC_Reset), (56 bytes).
    Removing ft32f0xx_touch.o(i.TSC_SetBaseLine), (24 bytes).
    Removing touch.o(.rev16_text), (4 bytes).
    Removing touch.o(.revsh_text), (4 bytes).

504 unused section(s) (total 9401 bytes) removed from the image.

==============================================================================

Image Symbol Table

    Local Symbols

    Symbol Name                              Value     Ov Type        Size  Object(Section)

    ../clib/division.s                       0x00000000   Number         0  aeabi_sdivfast.o ABSOLUTE
    ../clib/division.s                       0x00000000   Number         0  aeabi_sdivfast_div0.o ABSOLUTE
    ../clib/microlib/division.c              0x00000000   Number         0  uidiv.o ABSOLUTE
    ../clib/microlib/division.c              0x00000000   Number         0  idiv.o ABSOLUTE
    ../clib/microlib/division.c              0x00000000   Number         0  uidiv_div0.o ABSOLUTE
    ../clib/microlib/division.c              0x00000000   Number         0  idiv_div0.o ABSOLUTE
    ../clib/microlib/division.c              0x00000000   Number         0  idiv0.o ABSOLUTE
    ../clib/microlib/init/entry.s            0x00000000   Number         0  entry.o ABSOLUTE
    ../clib/microlib/init/entry.s            0x00000000   Number         0  entry2.o ABSOLUTE
    ../clib/microlib/init/entry.s            0x00000000   Number         0  entry5.o ABSOLUTE
    ../clib/microlib/init/entry.s            0x00000000   Number         0  entry7a.o ABSOLUTE
    ../clib/microlib/init/entry.s            0x00000000   Number         0  entry7b.o ABSOLUTE
    ../clib/microlib/init/entry.s            0x00000000   Number         0  entry8a.o ABSOLUTE
    ../clib/microlib/init/entry.s            0x00000000   Number         0  entry8b.o ABSOLUTE
    ../clib/microlib/init/entry.s            0x00000000   Number         0  entry9a.o ABSOLUTE
    ../clib/microlib/init/entry.s            0x00000000   Number         0  entry9b.o ABSOLUTE
    ../clib/microlib/init/entry.s            0x00000000   Number         0  entry10a.o ABSOLUTE
    ../clib/microlib/init/entry.s            0x00000000   Number         0  entry10b.o ABSOLUTE
    ../clib/microlib/init/entry.s            0x00000000   Number         0  entry11a.o ABSOLUTE
    ../clib/microlib/init/entry.s            0x00000000   Number         0  entry11b.o ABSOLUTE
    ../clib/microlib/malloc/malloc.c         0x00000000   Number         0  malloc.o ABSOLUTE
    ../clib/microlib/malloc/malloc.c         0x00000000   Number         0  mallocr.o ABSOLUTE
    ../clib/microlib/malloc/malloc.c         0x00000000   Number         0  malloca.o ABSOLUTE
    ../clib/microlib/malloc/malloc.c         0x00000000   Number         0  mallocra.o ABSOLUTE
    ../clib/microlib/malloc/mvars.c          0x00000000   Number         0  mvars.o ABSOLUTE
    ../clib/microlib/string/memcpy.c         0x00000000   Number         0  memcpya.o ABSOLUTE
    ../clib/microlib/string/memcpy.c         0x00000000   Number         0  memcpyb.o ABSOLUTE
    ../clib/microlib/string/memset.c         0x00000000   Number         0  memseta.o ABSOLUTE
    RTE\Device\FT32F072RBATx\startup_ft32f072xb.s 0x00000000   Number         0  startup_ft32f072xb.o ABSOLUTE
    Tk_lib\\ft32f0xx_touch.c                 0x00000000   Number         0  ft32f0xx_touch.o ABSOLUTE
    Tk_lib\\touch.c                          0x00000000   Number         0  touch.o ABSOLUTE
    Tk_lib\ft32f0xx_touch.c                  0x00000000   Number         0  ft32f0xx_touch.o ABSOLUTE
    Tk_lib\touch.c                           0x00000000   Number         0  touch.o ABSOLUTE
    dc.s                                     0x00000000   Number         0  dc.o ABSOLUTE
    ft32f0xx_comp.c                          0x00000000   Number         0  ft32f0xx_comp.o ABSOLUTE
    ft32f0xx_dma.c                           0x00000000   Number         0  ft32f0xx_dma.o ABSOLUTE
    ft32f0xx_flash.c                         0x00000000   Number         0  ft32f0xx_flash.o ABSOLUTE
    ft32f0xx_gpio.c                          0x00000000   Number         0  ft32f0xx_gpio.o ABSOLUTE
    ft32f0xx_it.c                            0x00000000   Number         0  ft32f0xx_it.o ABSOLUTE
    ft32f0xx_misc.c                          0x00000000   Number         0  ft32f0xx_misc.o ABSOLUTE
    ft32f0xx_rcc.c                           0x00000000   Number         0  ft32f0xx_rcc.o ABSOLUTE
    ft32f0xx_tim.c                           0x00000000   Number         0  ft32f0xx_tim.o ABSOLUTE
    ft32f0xx_usart.c                         0x00000000   Number         0  ft32f0xx_usart.o ABSOLUTE
    handlers.s                               0x00000000   Number         0  handlers.o ABSOLUTE
    init.s                                   0x00000000   Number         0  init.o ABSOLUTE
    main.c                                   0x00000000   Number         0  main.o ABSOLUTE
    system_ft32f0xx.c                        0x00000000   Number         0  system_ft32f0xx.o ABSOLUTE
    RESET                                    0x08000000   Section      192  startup_ft32f072xb.o(RESET)
    .ARM.Collect$$$$00000000                 0x080000c0   Section        0  entry.o(.ARM.Collect$$$$00000000)
    .ARM.Collect$$$$00000001                 0x080000c0   Section        4  entry2.o(.ARM.Collect$$$$00000001)
    .ARM.Collect$$$$00000004                 0x080000c4   Section        4  entry5.o(.ARM.Collect$$$$00000004)
    .ARM.Collect$$$$00000008                 0x080000c8   Section        0  entry7b.o(.ARM.Collect$$$$00000008)
    .ARM.Collect$$$$0000000A                 0x080000c8   Section        0  entry8b.o(.ARM.Collect$$$$0000000A)
    .ARM.Collect$$$$0000000B                 0x080000c8   Section        8  entry9a.o(.ARM.Collect$$$$0000000B)
    __lit__00000000                          0x080000d0   Data           4  entry2.o(.ARM.Collect$$$$00002712)
    .ARM.Collect$$$$0000000D                 0x080000d0   Section        0  entry10a.o(.ARM.Collect$$$$0000000D)
    .ARM.Collect$$$$0000000F                 0x080000d0   Section        0  entry11a.o(.ARM.Collect$$$$0000000F)
    .ARM.Collect$$$$00002712                 0x080000d0   Section        4  entry2.o(.ARM.Collect$$$$00002712)
    .text                                    0x080000d4   Section       88  startup_ft32f072xb.o(.text)
    .text                                    0x0800012c   Section        0  uidiv_div0.o(.text)
    .text                                    0x0800016c   Section        0  idiv_div0.o(.text)
    .text                                    0x080001bc   Section       36  init.o(.text)
    [Anonymous Symbol]                       0x080001e0   Section        0  ft32f0xx_gpio.o(.text.GPIO_Init)
    [Anonymous Symbol]                       0x08000250   Section        0  ft32f0xx_gpio.o(.text.GPIO_ResetBits)
    [Anonymous Symbol]                       0x08000254   Section        0  ft32f0xx_gpio.o(.text.GPIO_SetBits)
    [Anonymous Symbol]                       0x08000258   Section        0  ft32f0xx_it.o(.text.HardFault_Handler)
    KEY_Scan                                 0x0800025d   Thumb Code    56  main.o(.text.KEY_Scan)
    [Anonymous Symbol]                       0x0800025c   Section        0  main.o(.text.KEY_Scan)
    LED_Init                                 0x08000295   Thumb Code    32  main.o(.text.LED_Init)
    [Anonymous Symbol]                       0x08000294   Section        0  main.o(.text.LED_Init)
    __arm_cp.1_0                             0x080002b4   Number         4  main.o(.text.LED_Init)
    __arm_cp.1_1                             0x080002b8   Number         4  main.o(.text.LED_Init)
    [Anonymous Symbol]                       0x080002bc   Section        0  ft32f0xx_it.o(.text.NMI_Handler)
    [Anonymous Symbol]                       0x080002be   Section        0  ft32f0xx_it.o(.text.PendSV_Handler)
    [Anonymous Symbol]                       0x080002c0   Section        0  ft32f0xx_rcc.o(.text.RCC_AHBPeriphClockCmd)
    __arm_cp.30_0                            0x080002d8   Number         4  ft32f0xx_rcc.o(.text.RCC_AHBPeriphClockCmd)
    [Anonymous Symbol]                       0x080002dc   Section        0  ft32f0xx_it.o(.text.SVC_Handler)
    SetSysClock                              0x080002df   Thumb Code     8  system_ft32f0xx.o(.text.SetSysClock)
    [Anonymous Symbol]                       0x080002de   Section        0  system_ft32f0xx.o(.text.SetSysClock)
    SetSysClockTo48                          0x080002e9   Thumb Code   148  system_ft32f0xx.o(.text.SetSysClockTo48)
    [Anonymous Symbol]                       0x080002e8   Section        0  system_ft32f0xx.o(.text.SetSysClockTo48)
    __arm_cp.3_0                             0x0800037c   Number         4  system_ft32f0xx.o(.text.SetSysClockTo48)
    __arm_cp.3_1                             0x08000380   Number         4  system_ft32f0xx.o(.text.SetSysClockTo48)
    [Anonymous Symbol]                       0x08000384   Section        0  ft32f0xx_it.o(.text.SysTick_Handler)
    [Anonymous Symbol]                       0x08000388   Section        0  system_ft32f0xx.o(.text.SystemInit)
    __arm_cp.0_0                             0x080003d8   Number         4  system_ft32f0xx.o(.text.SystemInit)
    __arm_cp.0_1                             0x080003dc   Number         4  system_ft32f0xx.o(.text.SystemInit)
    __arm_cp.0_2                             0x080003e0   Number         4  system_ft32f0xx.o(.text.SystemInit)
    [Anonymous Symbol]                       0x080003e4   Section        0  main.o(.text.main)
    i.COMP1_DAC1_Init                        0x08000400   Section        0  touch.o(i.COMP1_DAC1_Init)
    i.GroupIoModeAnalog                      0x08000430   Section        0  touch.o(i.GroupIoModeAnalog)
    i.GroupIoModeOut                         0x08000454   Section        0  ft32f0xx_touch.o(i.GroupIoModeOut)
    i.IO_Init                                0x080004d0   Section        0  ft32f0xx_touch.o(i.IO_Init)
    i.JudgeGroupCharge                       0x0800051c   Section        0  touch.o(i.JudgeGroupCharge)
    i.TIM17_CH1_Init                         0x08000560   Section        0  touch.o(i.TIM17_CH1_Init)
    i.TIM17_Init                             0x080005d4   Section        0  touch.o(i.TIM17_Init)
    i.TIM17_OFF                              0x08000628   Section        0  touch.o(i.TIM17_OFF)
    i.TIM17_ON                               0x0800063c   Section        0  touch.o(i.TIM17_ON)
    i.TIM3_Init                              0x08000654   Section        0  touch.o(i.TIM3_Init)
    i.TIM3_OFF                               0x08000698   Section        0  touch.o(i.TIM3_OFF)
    i.TIM3_ON                                0x080006ac   Section        0  touch.o(i.TIM3_ON)
    i.TSC_DataProcessing                     0x080006d0   Section        0  ft32f0xx_touch.o(i.TSC_DataProcessing)
    i.TSC_EnableKey                          0x08000ac0   Section        0  ft32f0xx_touch.o(i.TSC_EnableKey)
    i.TSC_GetStrongest                       0x08000adc   Section        0  ft32f0xx_touch.o(i.TSC_GetStrongest)
    i.TSC_Init                               0x08000ae8   Section        0  ft32f0xx_touch.o(i.TSC_Init)
    i.TSC_Start                              0x08000b84   Section        0  ft32f0xx_touch.o(i.TSC_Start)
    i.Touch_Charge                           0x08000e0c   Section        0  touch.o(i.Touch_Charge)
    i.Touch_Init                             0x08000e60   Section        0  touch.o(i.Touch_Init)
    i.__scatterload_copy                     0x08000e90   Section       14  handlers.o(i.__scatterload_copy)
    i.__scatterload_null                     0x08000e9e   Section        2  handlers.o(i.__scatterload_null)
    i.__scatterload_zeroinit                 0x08000ea0   Section       14  handlers.o(i.__scatterload_zeroinit)
    i.malloc                                 0x08000eb0   Section        0  malloc.o(i.malloc)
    .constdata                               0x08000f1c   Section      192  touch.o(.constdata)
    .data                                    0x20000000   Section       38  ft32f0xx_touch.o(.data)
    .data                                    0x20000026   Section        5  touch.o(.data)
    .data                                    0x2000002c   Section        4  mvars.o(.data)
    .data                                    0x20000030   Section        4  mvars.o(.data)
    HEAP                                     0x20000038   Section      512  startup_ft32f072xb.o(HEAP)
    STACK                                    0x20000238   Section     1024  startup_ft32f072xb.o(STACK)

    Global Symbols

    Symbol Name                              Value     Ov Type        Size  Object(Section)

    BuildAttributes$$THM_ISAv3M$S$PE$A:L22$X:L11$S22$IEEE1$IW$~IW$USESV6$~STKCKD$USESV7$~SHL$OTIME$EBA8$MICROLIB$REQ8$PRES8$EABIv2 0x00000000   Number         0  anon$$obj.o ABSOLUTE
    __cpp_initialize__aeabi_                  - Undefined Weak Reference
    __cxa_finalize                            - Undefined Weak Reference
    __decompress                              - Undefined Weak Reference
    _clock_init                               - Undefined Weak Reference
    _microlib_exit                            - Undefined Weak Reference
    __Vectors_Size                           0x000000c0   Number         0  startup_ft32f072xb.o ABSOLUTE
    __Vectors                                0x08000000   Data           4  startup_ft32f072xb.o(RESET)
    __Vectors_End                            0x080000c0   Data           0  startup_ft32f072xb.o(RESET)
    __main                                   0x080000c1   Thumb Code     0  entry.o(.ARM.Collect$$$$00000000)
    _main_stk                                0x080000c1   Thumb Code     0  entry2.o(.ARM.Collect$$$$00000001)
    _main_scatterload                        0x080000c5   Thumb Code     0  entry5.o(.ARM.Collect$$$$00000004)
    __main_after_scatterload                 0x080000c9   Thumb Code     0  entry5.o(.ARM.Collect$$$$00000004)
    _main_clock                              0x080000c9   Thumb Code     0  entry7b.o(.ARM.Collect$$$$00000008)
    _main_cpp_init                           0x080000c9   Thumb Code     0  entry8b.o(.ARM.Collect$$$$0000000A)
    _main_init                               0x080000c9   Thumb Code     0  entry9a.o(.ARM.Collect$$$$0000000B)
    __rt_final_cpp                           0x080000d1   Thumb Code     0  entry10a.o(.ARM.Collect$$$$0000000D)
    __rt_final_exit                          0x080000d1   Thumb Code     0  entry11a.o(.ARM.Collect$$$$0000000F)
    Reset_Handler                            0x080000d5   Thumb Code    38  startup_ft32f072xb.o(.text)
    ADC1_IRQHandler                          0x08000105   Thumb Code     0  startup_ft32f072xb.o(.text)
    DIV_IRQHandler                           0x08000105   Thumb Code     0  startup_ft32f072xb.o(.text)
    DMA1_Channel1_IRQHandler                 0x08000105   Thumb Code     0  startup_ft32f072xb.o(.text)
    DMA1_Channel2_3_IRQHandler               0x08000105   Thumb Code     0  startup_ft32f072xb.o(.text)
    DMA1_Channel4_5_IRQHandler               0x08000105   Thumb Code     0  startup_ft32f072xb.o(.text)
    EXTI0_1_IRQHandler                       0x08000105   Thumb Code     0  startup_ft32f072xb.o(.text)
    EXTI2_3_IRQHandler                       0x08000105   Thumb Code     0  startup_ft32f072xb.o(.text)
    EXTI4_15_IRQHandler                      0x08000105   Thumb Code     0  startup_ft32f072xb.o(.text)
    FLASH_IRQHandler                         0x08000105   Thumb Code     0  startup_ft32f072xb.o(.text)
    I2C1_IRQHandler                          0x08000105   Thumb Code     0  startup_ft32f072xb.o(.text)
    I2C2_IRQHandler                          0x08000105   Thumb Code     0  startup_ft32f072xb.o(.text)
    PVD_VDDIO_IRQHandler                     0x08000105   Thumb Code     0  startup_ft32f072xb.o(.text)
    RCC_IRQHandler                           0x08000105   Thumb Code     0  startup_ft32f072xb.o(.text)
    RTC_IRQHandler                           0x08000105   Thumb Code     0  startup_ft32f072xb.o(.text)
    SPI1_IRQHandler                          0x08000105   Thumb Code     0  startup_ft32f072xb.o(.text)
    SPI2_IRQHandler                          0x08000105   Thumb Code     0  startup_ft32f072xb.o(.text)
    TIM14_IRQHandler                         0x08000105   Thumb Code     0  startup_ft32f072xb.o(.text)
    TIM15_IRQHandler                         0x08000105   Thumb Code     0  startup_ft32f072xb.o(.text)
    TIM16_IRQHandler                         0x08000105   Thumb Code     0  startup_ft32f072xb.o(.text)
    TIM17_IRQHandler                         0x08000105   Thumb Code     0  startup_ft32f072xb.o(.text)
    TIM1_BRK_UP_TRG_COM_IRQHandler           0x08000105   Thumb Code     0  startup_ft32f072xb.o(.text)
    TIM1_CC_IRQHandler                       0x08000105   Thumb Code     0  startup_ft32f072xb.o(.text)
    TIM3_IRQHandler                          0x08000105   Thumb Code     0  startup_ft32f072xb.o(.text)
    TIM6_IRQHandler                          0x08000105   Thumb Code     0  startup_ft32f072xb.o(.text)
    USART1_IRQHandler                        0x08000105   Thumb Code     0  startup_ft32f072xb.o(.text)
    USART2_IRQHandler                        0x08000105   Thumb Code     0  startup_ft32f072xb.o(.text)
    USB_IRQHandler                           0x08000105   Thumb Code     0  startup_ft32f072xb.o(.text)
    WWDG_IRQHandler                          0x08000105   Thumb Code     0  startup_ft32f072xb.o(.text)
    __aeabi_uidiv                            0x0800012d   Thumb Code     0  uidiv_div0.o(.text)
    __aeabi_uidivmod                         0x0800012d   Thumb Code    62  uidiv_div0.o(.text)
    __aeabi_idiv$div0                        0x0800016d   Thumb Code     0  idiv_div0.o(.text)
    __aeabi_idivmod                          0x0800016d   Thumb Code    74  idiv_div0.o(.text)
    __scatterload                            0x080001bd   Thumb Code    28  init.o(.text)
    __scatterload_rt2                        0x080001bd   Thumb Code     0  init.o(.text)
    GPIO_Init                                0x080001e1   Thumb Code   112  ft32f0xx_gpio.o(.text.GPIO_Init)
    GPIO_ResetBits                           0x08000251   Thumb Code     4  ft32f0xx_gpio.o(.text.GPIO_ResetBits)
    GPIO_SetBits                             0x08000255   Thumb Code     4  ft32f0xx_gpio.o(.text.GPIO_SetBits)
    HardFault_Handler                        0x08000259   Thumb Code     2  ft32f0xx_it.o(.text.HardFault_Handler)
    NMI_Handler                              0x080002bd   Thumb Code     2  ft32f0xx_it.o(.text.NMI_Handler)
    PendSV_Handler                           0x080002bf   Thumb Code     2  ft32f0xx_it.o(.text.PendSV_Handler)
    RCC_AHBPeriphClockCmd                    0x080002c1   Thumb Code    24  ft32f0xx_rcc.o(.text.RCC_AHBPeriphClockCmd)
    SVC_Handler                              0x080002dd   Thumb Code     2  ft32f0xx_it.o(.text.SVC_Handler)
    SysTick_Handler                          0x08000385   Thumb Code     2  ft32f0xx_it.o(.text.SysTick_Handler)
    SystemInit                               0x08000389   Thumb Code    80  system_ft32f0xx.o(.text.SystemInit)
    main                                     0x080003e5   Thumb Code    26  main.o(.text.main)
    COMP1_DAC1_Init                          0x08000401   Thumb Code    40  touch.o(i.COMP1_DAC1_Init)
    GroupIoModeAnalog                        0x08000431   Thumb Code    32  touch.o(i.GroupIoModeAnalog)
    GroupIoModeOut                           0x08000455   Thumb Code   110  ft32f0xx_touch.o(i.GroupIoModeOut)
    IO_Init                                  0x080004d1   Thumb Code    62  ft32f0xx_touch.o(i.IO_Init)
    JudgeGroupCharge                         0x0800051d   Thumb Code    60  touch.o(i.JudgeGroupCharge)
    TIM17_CH1_Init                           0x08000561   Thumb Code    94  touch.o(i.TIM17_CH1_Init)
    TIM17_Init                               0x080005d5   Thumb Code    72  touch.o(i.TIM17_Init)
    TIM17_OFF                                0x08000629   Thumb Code    14  touch.o(i.TIM17_OFF)
    TIM17_ON                                 0x0800063d   Thumb Code    20  touch.o(i.TIM17_ON)
    TIM3_Init                                0x08000655   Thumb Code    54  touch.o(i.TIM3_Init)
    TIM3_OFF                                 0x08000699   Thumb Code    14  touch.o(i.TIM3_OFF)
    TIM3_ON                                  0x080006ad   Thumb Code    32  touch.o(i.TIM3_ON)
    TSC_DataProcessing                       0x080006d1   Thumb Code   930  ft32f0xx_touch.o(i.TSC_DataProcessing)
    TSC_EnableKey                            0x08000ac1   Thumb Code    22  ft32f0xx_touch.o(i.TSC_EnableKey)
    TSC_GetStrongest                         0x08000add   Thumb Code     6  ft32f0xx_touch.o(i.TSC_GetStrongest)
    TSC_Init                                 0x08000ae9   Thumb Code   128  ft32f0xx_touch.o(i.TSC_Init)
    TSC_Start                                0x08000b85   Thumb Code   566  ft32f0xx_touch.o(i.TSC_Start)
    Touch_Charge                             0x08000e0d   Thumb Code    80  touch.o(i.Touch_Charge)
    Touch_Init                               0x08000e61   Thumb Code    40  touch.o(i.Touch_Init)
    __scatterload_copy                       0x08000e91   Thumb Code    14  handlers.o(i.__scatterload_copy)
    __scatterload_null                       0x08000e9f   Thumb Code     2  handlers.o(i.__scatterload_null)
    __scatterload_zeroinit                   0x08000ea1   Thumb Code    14  handlers.o(i.__scatterload_zeroinit)
    malloc                                   0x08000eb1   Thumb Code    92  malloc.o(i.malloc)
    TSC_IONUM                                0x08000f1c   Data         192  touch.o(.constdata)
    ucBaselineDownSpeed                      0x08000fdc   Data           1  main.o(.rodata.ucBaselineDownSpeed)
    ucBaselineEqualDownSpeed                 0x08000fdd   Data           1  main.o(.rodata.ucBaselineEqualDownSpeed)
    ucBaselineEqualUpSpeed                   0x08000fde   Data           1  main.o(.rodata.ucBaselineEqualUpSpeed)
    ucBaselineUpSpeed                        0x08000fdf   Data           1  main.o(.rodata.ucBaselineUpSpeed)
    ucKeyEn                                  0x08000fe0   Data           2  main.o(.rodata.ucKeyEn)
    ucKeyNumberMax                           0x08000fe2   Data           1  main.o(.rodata.ucKeyNumberMax)
    ucMeantimeMaxKeyNum                      0x08000fe3   Data           1  main.o(.rodata.ucMeantimeMaxKeyNum)
    ucMultiple                               0x08000fe4   Data           1  main.o(.rodata.ucMultiple)
    ucSensitivityArray                       0x08000fe5   Data           2  main.o(.rodata.ucSensitivityArray)
    ucSignalNoiseRatio                       0x08000fe7   Data           1  main.o(.rodata.ucSignalNoiseRatio)
    ucSingleFilter                           0x08000fe8   Data           1  main.o(.rodata.ucSingleFilter)
    ucStrongFilter                           0x08000fe9   Data           1  main.o(.rodata.ucStrongFilter)
    Region$$Table$$Base                      0x08000fec   Number         0  anon$$obj.o(Region$$Table)
    Region$$Table$$Limit                     0x0800100c   Number         0  anon$$obj.o(Region$$Table)
    paTK_Data                                0x20000000   Data           4  ft32f0xx_touch.o(.data)
    ChargeDataBuff                           0x20000004   Data           6  ft32f0xx_touch.o(.data)
    ClosestSub                               0x2000000a   Data           6  ft32f0xx_touch.o(.data)
    ptTSC_Para                               0x20000010   Data           4  ft32f0xx_touch.o(.data)
    TOUCH_READ_OK                            0x20000014   Data           1  ft32f0xx_touch.o(.data)
    ucKeyPollingCount                        0x20000015   Data           1  ft32f0xx_touch.o(.data)
    TK_OUT_strongest                         0x20000016   Data           1  ft32f0xx_touch.o(.data)
    TK_OUT_SINGLE                            0x20000018   Data           4  ft32f0xx_touch.o(.data)
    MAX_TMP                                  0x2000001c   Data           1  ft32f0xx_touch.o(.data)
    MAX1_TMP                                 0x2000001d   Data           1  ft32f0xx_touch.o(.data)
    capturecount                             0x2000001e   Data           1  ft32f0xx_touch.o(.data)
    ucKeyNumber                              0x2000001f   Data           1  ft32f0xx_touch.o(.data)
    uiBaseValue                              0x20000020   Data           2  ft32f0xx_touch.o(.data)
    uiSampleValue                            0x20000022   Data           2  ft32f0xx_touch.o(.data)
    BaselineEqualCondition                   0x20000024   Data           1  ft32f0xx_touch.o(.data)
    ucFreqChangeNumber                       0x20000025   Data           1  ft32f0xx_touch.o(.data)
    McuVersion                               0x20000026   Data           1  touch.o(.data)
    ucFrequ                                  0x20000027   Data           3  touch.o(.data)
    ucFrequNum                               0x2000002a   Data           1  touch.o(.data)
    __microlib_freelist                      0x2000002c   Data           4  mvars.o(.data)
    __microlib_freelist_initialised          0x20000030   Data           4  mvars.o(.data)
    __heap_base                              0x20000038   Data           0  startup_ft32f072xb.o(HEAP)
    __heap_limit                             0x20000238   Data           0  startup_ft32f072xb.o(HEAP)
    __initial_sp                             0x20000638   Data           0  startup_ft32f072xb.o(STACK)



==============================================================================

Memory Map of the image

  Image Entry point : 0x080000c1

  Load Region LR_IROM1 (Base: 0x08000000, Size: 0x00001048, Max: 0x00020000, ABSOLUTE)

    Execution Region ER_IROM1 (Exec base: 0x08000000, Load base: 0x08000000, Size: 0x0000100c, Max: 0x00020000, ABSOLUTE)

    Exec Addr    Load Addr    Size         Type   Attr      Idx    E Section Name        Object

    0x08000000   0x08000000   0x000000c0   Data   RO          581    RESET               startup_ft32f072xb.o
    0x080000c0   0x080000c0   0x00000000   Code   RO          845  * .ARM.Collect$$$$00000000  mc_p.l(entry.o)
    0x080000c0   0x080000c0   0x00000004   Code   RO          886    .ARM.Collect$$$$00000001  mc_p.l(entry2.o)
    0x080000c4   0x080000c4   0x00000004   Code   RO          889    .ARM.Collect$$$$00000004  mc_p.l(entry5.o)
    0x080000c8   0x080000c8   0x00000000   Code   RO          891    .ARM.Collect$$$$00000008  mc_p.l(entry7b.o)
    0x080000c8   0x080000c8   0x00000000   Code   RO          893    .ARM.Collect$$$$0000000A  mc_p.l(entry8b.o)
    0x080000c8   0x080000c8   0x00000008   Code   RO          894    .ARM.Collect$$$$0000000B  mc_p.l(entry9a.o)
    0x080000d0   0x080000d0   0x00000000   Code   RO          896    .ARM.Collect$$$$0000000D  mc_p.l(entry10a.o)
    0x080000d0   0x080000d0   0x00000000   Code   RO          898    .ARM.Collect$$$$0000000F  mc_p.l(entry11a.o)
    0x080000d0   0x080000d0   0x00000004   Code   RO          887    .ARM.Collect$$$$00002712  mc_p.l(entry2.o)
    0x080000d4   0x080000d4   0x00000058   Code   RO          582    .text               startup_ft32f072xb.o
    0x0800012c   0x0800012c   0x0000003e   Code   RO          904    .text               mc_p.l(uidiv_div0.o)
    0x0800016a   0x0800016a   0x00000002   PAD
    0x0800016c   0x0800016c   0x00000050   Code   RO          906    .text               mc_p.l(idiv_div0.o)
    0x080001bc   0x080001bc   0x00000024   Code   RO          916    .text               mc_p.l(init.o)
    0x080001e0   0x080001e0   0x00000070   Code   RO          167    .text.GPIO_Init     ft32f0xx_gpio.o
    0x08000250   0x08000250   0x00000004   Code   RO          183    .text.GPIO_ResetBits  ft32f0xx_gpio.o
    0x08000254   0x08000254   0x00000004   Code   RO          181    .text.GPIO_SetBits  ft32f0xx_gpio.o
    0x08000258   0x08000258   0x00000002   Code   RO            4    .text.HardFault_Handler  ft32f0xx_it.o
    0x0800025a   0x0800025a   0x00000002   PAD
    0x0800025c   0x0800025c   0x00000038   Code   RO           23    .text.KEY_Scan      main.o
    0x08000294   0x08000294   0x00000028   Code   RO           21    .text.LED_Init      main.o
    0x080002bc   0x080002bc   0x00000002   Code   RO            2    .text.NMI_Handler   ft32f0xx_it.o
    0x080002be   0x080002be   0x00000002   Code   RO            8    .text.PendSV_Handler  ft32f0xx_it.o
    0x080002c0   0x080002c0   0x0000001c   Code   RO          275    .text.RCC_AHBPeriphClockCmd  ft32f0xx_rcc.o
    0x080002dc   0x080002dc   0x00000002   Code   RO            6    .text.SVC_Handler   ft32f0xx_it.o
    0x080002de   0x080002de   0x00000008   Code   RO          591    .text.SetSysClock   system_ft32f0xx.o
    0x080002e6   0x080002e6   0x00000002   PAD
    0x080002e8   0x080002e8   0x0000009c   Code   RO          595    .text.SetSysClockTo48  system_ft32f0xx.o
    0x08000384   0x08000384   0x00000002   Code   RO           10    .text.SysTick_Handler  ft32f0xx_it.o
    0x08000386   0x08000386   0x00000002   PAD
    0x08000388   0x08000388   0x0000005c   Code   RO          589    .text.SystemInit    system_ft32f0xx.o
    0x080003e4   0x080003e4   0x0000001a   Code   RO           19    .text.main          main.o
    0x080003fe   0x080003fe   0x00000002   PAD
    0x08000400   0x08000400   0x00000030   Code   RO          747    i.COMP1_DAC1_Init   ft32f0xx_touch_pollscan_cs.lib(touch.o)
    0x08000430   0x08000430   0x00000024   Code   RO          748    i.GroupIoModeAnalog  ft32f0xx_touch_pollscan_cs.lib(touch.o)
    0x08000454   0x08000454   0x0000007c   Code   RO          608    i.GroupIoModeOut    ft32f0xx_touch_pollscan_cs.lib(ft32f0xx_touch.o)
    0x080004d0   0x080004d0   0x0000004c   Code   RO          609    i.IO_Init           ft32f0xx_touch_pollscan_cs.lib(ft32f0xx_touch.o)
    0x0800051c   0x0800051c   0x00000044   Code   RO          749    i.JudgeGroupCharge  ft32f0xx_touch_pollscan_cs.lib(touch.o)
    0x08000560   0x08000560   0x00000074   Code   RO          750    i.TIM17_CH1_Init    ft32f0xx_touch_pollscan_cs.lib(touch.o)
    0x080005d4   0x080005d4   0x00000054   Code   RO          751    i.TIM17_Init        ft32f0xx_touch_pollscan_cs.lib(touch.o)
    0x08000628   0x08000628   0x00000014   Code   RO          752    i.TIM17_OFF         ft32f0xx_touch_pollscan_cs.lib(touch.o)
    0x0800063c   0x0800063c   0x00000018   Code   RO          753    i.TIM17_ON          ft32f0xx_touch_pollscan_cs.lib(touch.o)
    0x08000654   0x08000654   0x00000044   Code   RO          754    i.TIM3_Init         ft32f0xx_touch_pollscan_cs.lib(touch.o)
    0x08000698   0x08000698   0x00000014   Code   RO          755    i.TIM3_OFF          ft32f0xx_touch_pollscan_cs.lib(touch.o)
    0x080006ac   0x080006ac   0x00000024   Code   RO          756    i.TIM3_ON           ft32f0xx_touch_pollscan_cs.lib(touch.o)
    0x080006d0   0x080006d0   0x000003f0   Code   RO          612    i.TSC_DataProcessing  ft32f0xx_touch_pollscan_cs.lib(ft32f0xx_touch.o)
    0x08000ac0   0x08000ac0   0x0000001c   Code   RO          613    i.TSC_EnableKey     ft32f0xx_touch_pollscan_cs.lib(ft32f0xx_touch.o)
    0x08000adc   0x08000adc   0x0000000c   Code   RO          617    i.TSC_GetStrongest  ft32f0xx_touch_pollscan_cs.lib(ft32f0xx_touch.o)
    0x08000ae8   0x08000ae8   0x0000009c   Code   RO          618    i.TSC_Init          ft32f0xx_touch_pollscan_cs.lib(ft32f0xx_touch.o)
    0x08000b84   0x08000b84   0x00000288   Code   RO          621    i.TSC_Start         ft32f0xx_touch_pollscan_cs.lib(ft32f0xx_touch.o)
    0x08000e0c   0x08000e0c   0x00000054   Code   RO          757    i.Touch_Charge      ft32f0xx_touch_pollscan_cs.lib(touch.o)
    0x08000e60   0x08000e60   0x00000030   Code   RO          758    i.Touch_Init        ft32f0xx_touch_pollscan_cs.lib(touch.o)
    0x08000e90   0x08000e90   0x0000000e   Code   RO          920    i.__scatterload_copy  mc_p.l(handlers.o)
    0x08000e9e   0x08000e9e   0x00000002   Code   RO          921    i.__scatterload_null  mc_p.l(handlers.o)
    0x08000ea0   0x08000ea0   0x0000000e   Code   RO          922    i.__scatterload_zeroinit  mc_p.l(handlers.o)
    0x08000eae   0x08000eae   0x00000002   PAD
    0x08000eb0   0x08000eb0   0x0000006c   Code   RO          859    i.malloc            mc_p.l(malloc.o)
    0x08000f1c   0x08000f1c   0x000000c0   Data   RO          759    .constdata          ft32f0xx_touch_pollscan_cs.lib(touch.o)
    0x08000fdc   0x08000fdc   0x00000001   Data   RO           28    .rodata.ucBaselineDownSpeed  main.o
    0x08000fdd   0x08000fdd   0x00000001   Data   RO           31    .rodata.ucBaselineEqualDownSpeed  main.o
    0x08000fde   0x08000fde   0x00000001   Data   RO           30    .rodata.ucBaselineEqualUpSpeed  main.o
    0x08000fdf   0x08000fdf   0x00000001   Data   RO           29    .rodata.ucBaselineUpSpeed  main.o
    0x08000fe0   0x08000fe0   0x00000002   Data   RO           35    .rodata.ucKeyEn     main.o
    0x08000fe2   0x08000fe2   0x00000001   Data   RO           36    .rodata.ucKeyNumberMax  main.o
    0x08000fe3   0x08000fe3   0x00000001   Data   RO           33    .rodata.ucMeantimeMaxKeyNum  main.o
    0x08000fe4   0x08000fe4   0x00000001   Data   RO           25    .rodata.ucMultiple  main.o
    0x08000fe5   0x08000fe5   0x00000002   Data   RO           34    .rodata.ucSensitivityArray  main.o
    0x08000fe7   0x08000fe7   0x00000001   Data   RO           32    .rodata.ucSignalNoiseRatio  main.o
    0x08000fe8   0x08000fe8   0x00000001   Data   RO           27    .rodata.ucSingleFilter  main.o
    0x08000fe9   0x08000fe9   0x00000001   Data   RO           26    .rodata.ucStrongFilter  main.o
    0x08000fea   0x08000fea   0x00000002   PAD
    0x08000fec   0x08000fec   0x00000020   Data   RO          919    Region$$Table       anon$$obj.o


    Execution Region RW_IRAM1 (Exec base: 0x20000000, Load base: 0x08001010, Size: 0x00000638, Max: 0x00006000, ABSOLUTE)

    Exec Addr    Load Addr    Size         Type   Attr      Idx    E Section Name        Object

    0x20000000   0x08001010   0x00000026   Data   RW          622    .data               ft32f0xx_touch_pollscan_cs.lib(ft32f0xx_touch.o)
    0x20000026   0x08001036   0x00000005   Data   RW          760    .data               ft32f0xx_touch_pollscan_cs.lib(touch.o)
    0x2000002b   0x0800103b   0x00000001   PAD
    0x2000002c   0x0800103c   0x00000004   Data   RW          914    .data               mc_p.l(mvars.o)
    0x20000030   0x08001040   0x00000004   Data   RW          915    .data               mc_p.l(mvars.o)
    0x20000034   0x08001044   0x00000004   PAD
    0x20000038        -       0x00000200   Zero   RW          580    HEAP                startup_ft32f072xb.o
    0x20000238        -       0x00000400   Zero   RW          579    STACK               startup_ft32f072xb.o


==============================================================================

Image component sizes


      Code (inc. data)   RO Data    RW Data    ZI Data      Debug   Object Name

       120          0          0          0          0       5046   ft32f0xx_gpio.o
        10          0          0          0          0        692   ft32f0xx_it.o
        28          4          0          0          0      10470   ft32f0xx_rcc.o
       122          8         14          0          0       2936   main.o
        88         38        192          0       1536        680   startup_ft32f072xb.o
       256         20          0          0          0       2570   system_ft32f0xx.o

    ----------------------------------------------------------------------
       632         70        240          0       1536      22394   Object Totals
         0          0         32          0          0          0   (incl. Generated)
         8          0          2          0          0          0   (incl. Padding)

    ----------------------------------------------------------------------

      Code (inc. data)   RO Data    RW Data    ZI Data      Debug   Library Member Name

      2052        228          0         38          0     117878   ft32f0xx_touch.o
       652        100        192          5          0       7525   touch.o
         0          0          0          0          0          0   entry.o
         0          0          0          0          0          0   entry10a.o
         0          0          0          0          0          0   entry11a.o
         8          4          0          0          0          0   entry2.o
         4          0          0          0          0          0   entry5.o
         0          0          0          0          0          0   entry7b.o
         0          0          0          0          0          0   entry8b.o
         8          4          0          0          0          0   entry9a.o
        30          0          0          0          0          0   handlers.o
        80          6          0          0          0         72   idiv_div0.o
        36          8          0          0          0         68   init.o
       108         16          0          0          0         76   malloc.o
         0          0          0          8          0          0   mvars.o
        62          0          0          0          0         72   uidiv_div0.o

    ----------------------------------------------------------------------
      3044        366        192         52          4     125691   Library Totals
         4          0          0          1          4          0   (incl. Padding)

    ----------------------------------------------------------------------

      Code (inc. data)   RO Data    RW Data    ZI Data      Debug   Library Name

      2704        328        192         43          0     125403   ft32f0xx_touch_pollscan_cs.lib
       336         38          0          8          0        288   mc_p.l

    ----------------------------------------------------------------------
      3044        366        192         52          4     125691   Library Totals

    ----------------------------------------------------------------------

==============================================================================


      Code (inc. data)   RO Data    RW Data    ZI Data      Debug   

      3676        436        432         52       1540     147409   Grand Totals
      3676        436        432         52       1540     147409   ELF Image Totals
      3676        436        432         52          0          0   ROM Totals

==============================================================================

    Total RO  Size (Code + RO Data)                 4108 (   4.01kB)
    Total RW  Size (RW Data + ZI Data)              1592 (   1.55kB)
    Total ROM Size (Code + RO Data + RW Data)       4160 (   4.06kB)

==============================================================================

