

GNU Macro Assembler for 8 bit devices.       
                                                                                               Mon Oct 11 17:37:06 2021

GNU C Code Generator                                                 
     1                           	processor	FT62F21X
     2                           	opt	pw 120
     3                           	opt	pm
     4                           	psect	text0,local,class=CODE,merge=1,delta=2
     5                           	psect	cinit,global,class=CODE,merge=1,delta=2
     6                           	psect	cstackCOMMON,global,class=COMMON,space=1,delta=1
     7                           	psect	maintext,global,class=CODE,split=1,delta=2
     8                           	psect	text1,local,class=CODE,merge=1,delta=2
     9                           	psect	text2,local,class=CODE,merge=1,delta=2
    10                           	psect	pa_nodes0,global,class=CODE,delta=2
    11                           	dabs	1,0x7E,2
    12  0000                     
    13                           ; Version 2.20
    14                           ; Generated 09/04/2020 
    15                           ; 
    16                           ; SFR Addresses
    17  0000                     
    18                           	psect	text0
    19  0000                     __ptext0:	
    20  001D                     _SOSCPRH	set	29
    21  001C                     _SOSCPRL	set	28
    22  000B                     _INTCON	set	11
    23  0005                     _PORTA	set	5
    24  00DA                     _CKMAVG	set	218
    25  00D9                     _CKCNTI	set	217
    26  0092                     _TMR2ON	set	146
    27  0066                     _CKMIF	set	102
    28  0097                     _PSINKA	set	151
    29  0095                     _WPUA	set	149
    30  008F                     _OSCCON	set	143
    31  0088                     _PSRCA	set	136
    32  0085                     _TRISA	set	133
    33  0081                     _OPTION	set	129
    34                           
    35                           	psect	cinit
    36  03FE                     start_initialization:	
    37                           ; #config settings
    38                           
    39  03FE                     __initialization:	
    40  03FE                     end_of_initialization:	
    41                           ;End of C runtime variable initialization code
    42                           
    43  03FE                     __end_of__initialization:	
    44  03FE  0183               	clrf	3
    45  03FF  2BE6               	ljmp	_main	;jump to C main() function
    46                           
    47                           	psect	cstackCOMMON
    48  0000                     __pcstackCOMMON:	
    49  0000                     ?_POWER_INITIAL:	
    50  0000                     ??_POWER_INITIAL:	
    51                           ; 1 bytes @ 0x0
    52                           
    53  0000                     ?_MSCK_Init:	
    54                           ; 1 bytes @ 0x0
    55                           
    56  0000                     ??_MSCK_Init:	
    57                           ; 1 bytes @ 0x0
    58                           
    59  0000                     ?_main:	
    60                           ; 1 bytes @ 0x0
    61                           
    62  0000                     ??_main:	
    63                           ; 1 bytes @ 0x0
    64                           
    65                           
    66                           	psect	maintext
    67  03E6                     __pmaintext:	
    68                           ; 1 bytes @ 0x0
    69 ;;
    70 ;;Main: autosize = 0, tempsize = 0, incstack = 0, save=0
    71 ;;
    72 ;; *************** function _main *****************
    73 ;; Defined at:
    74 ;;		line 73 in file "test_ft62f21x_MSCK.C"
    75 ;; Parameters:    Size  Location     Type
    76 ;;		None
    77 ;; Auto vars:     Size  Location     Type
    78 ;;		None
    79 ;; Return value:  Size  Location     Type
    80 ;;                  1    wreg      void 
    81 ;; Registers used:
    82 ;;		wreg, status,2, status,0, pclath, cstack
    83 ;; Tracked objects:
    84 ;;		On entry : B00/0
    85 ;;		On exit  : 0/0
    86 ;;		Unchanged: 0/0
    87 ;; Data sizes:     COMMON   BANK0
    88 ;;      Params:         0       0
    89 ;;      Locals:         0       0
    90 ;;      Temps:          0       0
    91 ;;      Totals:         0       0
    92 ;;Total ram usage:        0 bytes
    93 ;; Hardware stack levels required when called:    1
    94 ;; This function calls:
    95 ;;		_MSCK_Init
    96 ;;		_POWER_INITIAL
    97 ;; This function is called by:
    98 ;;		Startup code after reset
    99 ;; This function uses a non-reentrant model
   100 ;;
   101                           
   102                           
   103                           ;psect for function _main
   104  03E6                     _main:	
   105                           
   106                           ;test_ft62f21x_MSCK.C: 75: POWER_INITIAL();
   107                           
   108                           ;incstack = 0
   109                           ; Regs used in _main: [wreg+status,2+status,0+pclath+cstack]
   110  03E6  23F1               	fcall	_POWER_INITIAL
   111                           
   112                           ;test_ft62f21x_MSCK.C: 77: MSCK_Init();
   113  03E7  23E2               	fcall	_MSCK_Init
   114                           
   115                           ;test_ft62f21x_MSCK.C: 79: CKCNTI = 1;
   116  03E8  149B               	bsf	27,1	;volatile
   117  03E9                     l1091:	
   118                           
   119                           ;test_ft62f21x_MSCK.C: 82: {
   120                           ;test_ft62f21x_MSCK.C: 83: if(CKMIF)
   121  03E9  1283               	bcf	3,5	;RP0=0, select bank0
   122  03EA  1F0C               	btfss	12,6	;volatile
   123  03EB  2BEF               	goto	l1097
   124                           
   125                           ;test_ft62f21x_MSCK.C: 84: {
   126                           ;test_ft62f21x_MSCK.C: 85: temp = (SOSCPRH &0x0f)<<8;
   127  03EC  081D               	movf	29,w	;volatile
   128                           
   129                           ;test_ft62f21x_MSCK.C: 86: temp |= SOSCPRL;
   130  03ED  081C               	movf	28,w	;volatile
   131                           
   132                           ;test_ft62f21x_MSCK.C: 88: CKMIF = 0;
   133  03EE  130C               	bcf	12,6	;volatile
   134  03EF                     l1097:	
   135                           
   136                           ;test_ft62f21x_MSCK.C: 89: }
   137                           ;test_ft62f21x_MSCK.C: 90: __nop();
   138  03EF  0000               	nop
   139  03F0  2BE9               	goto	l1091
   140  03F1                     __end_of_main:	
   141                           
   142                           	psect	text1
   143  03F1                     __ptext1:	
   144 ;; *************** function _POWER_INITIAL *****************
   145 ;; Defined at:
   146 ;;		line 44 in file "test_ft62f21x_MSCK.C"
   147 ;; Parameters:    Size  Location     Type
   148 ;;		None
   149 ;; Auto vars:     Size  Location     Type
   150 ;;		None
   151 ;; Return value:  Size  Location     Type
   152 ;;                  1    wreg      void 
   153 ;; Registers used:
   154 ;;		wreg, status,2
   155 ;; Tracked objects:
   156 ;;		On entry : B00/0
   157 ;;		On exit  : B00/100
   158 ;;		Unchanged: A00/0
   159 ;; Data sizes:     COMMON   BANK0
   160 ;;      Params:         0       0
   161 ;;      Locals:         0       0
   162 ;;      Temps:          0       0
   163 ;;      Totals:         0       0
   164 ;;Total ram usage:        0 bytes
   165 ;; Hardware stack levels used:    1
   166 ;; This function calls:
   167 ;;		Nothing
   168 ;; This function is called by:
   169 ;;		_main
   170 ;; This function uses a non-reentrant model
   171 ;;
   172                           
   173                           
   174                           ;psect for function _POWER_INITIAL
   175  03F1                     _POWER_INITIAL:	
   176                           
   177                           ;test_ft62f21x_MSCK.C: 46: OSCCON = 0X70;
   178                           
   179                           ;incstack = 0
   180                           ; Regs used in _POWER_INITIAL: [wreg+status,2]
   181  03F1  3070               	movlw	112
   182  03F2  1683               	bsf	3,5	;RP0=1, select bank1
   183  03F3  008F               	movwf	15	;volatile
   184                           
   185                           ;test_ft62f21x_MSCK.C: 51: INTCON = 0;
   186  03F4  018B               	clrf	11	;volatile
   187                           
   188                           ;test_ft62f21x_MSCK.C: 52: OPTION = 0;
   189  03F5  0181               	clrf	1	;volatile
   190                           
   191                           ;test_ft62f21x_MSCK.C: 53: TRISA = 0;
   192  03F6  0185               	clrf	5	;volatile
   193                           
   194                           ;test_ft62f21x_MSCK.C: 54: PSRCA = 0;
   195  03F7  0188               	clrf	8	;volatile
   196                           
   197                           ;test_ft62f21x_MSCK.C: 55: PSINKA = 0;
   198  03F8  0197               	clrf	23	;volatile
   199                           
   200                           ;test_ft62f21x_MSCK.C: 56: PORTA = 0;
   201  03F9  1283               	bcf	3,5	;RP0=0, select bank0
   202  03FA  0185               	clrf	5	;volatile
   203                           
   204                           ;test_ft62f21x_MSCK.C: 57: WPUA = 0;
   205  03FB  1683               	bsf	3,5	;RP0=1, select bank1
   206  03FC  0195               	clrf	21	;volatile
   207  03FD  0008               	return
   208  03FE                     __end_of_POWER_INITIAL:	
   209                           
   210                           	psect	text2
   211  03E2                     __ptext2:	
   212 ;; *************** function _MSCK_Init *****************
   213 ;; Defined at:
   214 ;;		line 59 in file "test_ft62f21x_MSCK.C"
   215 ;; Parameters:    Size  Location     Type
   216 ;;		None
   217 ;; Auto vars:     Size  Location     Type
   218 ;;		None
   219 ;; Return value:  Size  Location     Type
   220 ;;                  1    wreg      void 
   221 ;; Registers used:
   222 ;;		None
   223 ;; Tracked objects:
   224 ;;		On entry : B00/100
   225 ;;		On exit  : B00/0
   226 ;;		Unchanged: A00/0
   227 ;; Data sizes:     COMMON   BANK0
   228 ;;      Params:         0       0
   229 ;;      Locals:         0       0
   230 ;;      Temps:          0       0
   231 ;;      Totals:         0       0
   232 ;;Total ram usage:        0 bytes
   233 ;; Hardware stack levels used:    1
   234 ;; This function calls:
   235 ;;		Nothing
   236 ;; This function is called by:
   237 ;;		_main
   238 ;; This function uses a non-reentrant model
   239 ;;
   240                           
   241                           
   242                           ;psect for function _MSCK_Init
   243  03E2                     _MSCK_Init:	
   244                           
   245                           ;test_ft62f21x_MSCK.C: 61: TMR2ON = 1;
   246                           
   247                           ;incstack = 0
   248                           ; Regs used in _MSCK_Init: []
   249  03E2  1283               	bcf	3,5	;RP0=0, select bank0
   250  03E3  1512               	bsf	18,2	;volatile
   251                           
   252                           ;test_ft62f21x_MSCK.C: 63: CKMAVG = 0;
   253  03E4  111B               	bcf	27,2	;volatile
   254  03E5  0008               	return
   255  03E6                     __end_of_MSCK_Init:	
   256  007E                     btemp	set	126	;btemp
   257  007E                     wtemp0	set	126


Data Sizes:
    Strings     0
    Constant    0
    Data        0
    BSS         0
    Persistent  0
    Stack       0

Auto Spaces:
    Space          Size  Autos    Used
    COMMON           14      0       0
    BANK0            48      0       0

Pointer List with Targets:

    None.

Critical Paths under _main in COMMON

    None.

Critical Paths under _main in BANK0

    None.

Call Graph Tables:

 ---------------------------------------------------------------------------------
 (Depth) Function   	        Calls       Base Space   Used Autos Params    Refs
 ---------------------------------------------------------------------------------
 (0) _main                                                 0     0      0       0
                          _MSCK_Init
                      _POWER_INITIAL
 ---------------------------------------------------------------------------------
 (1) _POWER_INITIAL                                        0     0      0       0
 ---------------------------------------------------------------------------------
 (1) _MSCK_Init                                            0     0      0       0
 ---------------------------------------------------------------------------------
 Estimated maximum stack depth 1
 ---------------------------------------------------------------------------------

 Call Graph Graphs:

 _main (ROOT)
   _MSCK_Init
   _POWER_INITIAL

 Address spaces:
Name               Size   Autos  Total    Cost      Usage
BITCOMMON            E      0       0       0        0.0%
EEDATA              80      0       0       0        0.0%
NULL                 0      0       0       0        0.0%
CODE                 0      0       0       0        0.0%
COMMON               E      0       0       1        0.0%
BITSFR0              0      0       0       1        0.0%
SFR0                 0      0       0       1        0.0%
BITSFR1              0      0       0       2        0.0%
SFR1                 0      0       0       2        0.0%
STACK                0      0       0       2        0.0%
DATA                 0      0       0       3        0.0%
BITBANK0            30      0       0       4        0.0%
BANK0               30      0       0       5        0.0%
ABS                  0      0       0       6        0.0%


GNU Macro Assembler for 8 bit devices.     
Symbol Table                                                                                   Mon Oct 11 17:37:06 2021

                   l1091 03E9                     l1097 03EF                     _WPUA 0095  
                   _main 03E6                     btemp 007E                     start 0000  
     __size_of_MSCK_Init 0004                    ?_main 0000                    _CKMIF 0066  
                  _PSRCA 0088                    _PORTA 0005                    _TRISA 0085  
                  status 0003                    wtemp0 007E          __initialization 03FE  
           __end_of_main 03F1                   ??_main 0000                   _CKCNTI 00D9  
                 _CKMAVG 00DA                   _INTCON 000B                   _OSCCON 008F  
                 _PSINKA 0097                   _OPTION 0081                   _TMR2ON 0092  
      __end_of_MSCK_Init 03E6    __end_of_POWER_INITIAL 03FE  __end_of__initialization 03FE  
         __pcstackCOMMON 0000               __pmaintext 03E6                  _SOSCPRH 001D  
                _SOSCPRL 001C                  __ptext0 0000                  __ptext1 03F1  
                __ptext2 03E2     end_of_initialization 03FE                _MSCK_Init 03E2  
             ?_MSCK_Init 0000      start_initialization 03FE   __size_of_POWER_INITIAL 000D  
              ___latbits 0000              ??_MSCK_Init 0000            _POWER_INITIAL 03F1  
         ?_POWER_INITIAL 0000            __size_of_main 000B          ??_POWER_INITIAL 0000  
