GNU Tool Chain  

Linker command line:

--edf=C:\Users\DATA\Desktop\FMDIDE3.0.7\data\dat\en_msgs.txt -cs \
  -h+touchlib_6021.sym --cmf=touchlib_6021.cmf -z -QFT62F21X \
  -oC:\Users\DATA\AppData\Local\Temp\s8og.2 -Mtouchlib_6021.map -E1 \
  -ver=XC8 -ASTACK=065h-06fh -pstack=STACK -ACODE=00h-03FFh \
  -ASTRCODE=00h-03FFh -ASTRING=00h-0FFhx4 -ACONST=00h-0FFhx4 \
  -AENTRY=00h-0FFhx4 -ACOMMON=070h-07Fh -ABANK0=040h-06Fh -ARAM=040h-06Fh \
  -AABS1=040h-07Fh -ASFR0=00h-03Fh -ASFR1=080h-0EFh \
  -preset_vec=00h,intentry=04h,init,end_init -ppowerup=CODE -pcinit=CODE \
  -pfunctab=ENTRY -ACONFIG=02007h-02007h -pconfig=CONFIG -DCONFIG=2 \
  -AIDLOC=02000h-02003h -pidloc=IDLOC -DIDLOC=2 -AEEDATA=00h-07Fh/02100h \
  -peeprom_data=EEDATA -DEEDATA=2 -DCODE=2 -DSTRCODE=2 -DSTRING=2 -DCONST=2 \
  -DENTRY=2 -k C:\Users\DATA\AppData\Local\Temp\s8og.obj touchlib_6021.obj 

Object code version is 3.11

Machine type is FT62F21X



                Name                               Link     Load   Length Selector   Space Scale
C:\Users\DATA\AppData\Local\Temp\s8og.obj
                end_init                              A        A        1        8       0
                reset_vec                             0        0        1        0       0
touchlib_6021.obj
                cinit                                 B        B        B        8       0
                intentry                              4        4        6        8       0
                text15                              305      305       11        8       0
                text14                              326      326       10        8       0
                text13                              2F2      2F2       13        8       0
                text12                              351      351        D      688       0
                text11                              2D9      2D9       19        8       0
                text10                              2BB      2BB       1E        8       0
                text9                               375      375        7      688       0
                text8                               366      366        8      688       0
                text7                               37C      37C        5      688       0
                text6                               36E      36E        7      688       0
                text5                               274      274       28        8       0
                text4                               29C      29C       1F        8       0
                text3                               344      344        D      688       0
                text2                               150      150      124        8       0
                text1                               316      316       10        8       0
                maintext                             16       16      13A        8       0
                cstackBANK0                          5F       5F        5       43       1
                cstackCOMMON                         70       70        A       70       1
                clrtext                             35E      35E        8      688       0
                dataBANK0                            64       64        1       43       1
                bssBANK0                             43       43       1C       43       1
                bssCOMMON                            7B       7B        1       70       1
                bitbssCOMMON                        3D0       7A        1       70       1     8
                strings                             336      336        E      66C       0

TOTAL           Name                               Link     Load   Length     Space
        CLASS   STACK          

        CLASS   CODE           
                end_init                              A        A        1         0
                cinit                                 B        B        B         0
                intentry                              4        4        6         0
                reset_vec                             0        0        1         0
                text15                              305      305       11         0
                text14                              326      326       10         0
                text13                              2F2      2F2       13         0
                text12                              351      351        D         0
                text11                              2D9      2D9       19         0
                text10                              2BB      2BB       1E         0
                text9                               375      375        7         0
                text8                               366      366        8         0
                text7                               37C      37C        5         0
                text6                               36E      36E        7         0
                text5                               274      274       28         0
                text4                               29C      29C       1F         0
                text3                               344      344        D         0
                text2                               150      150      124         0
                text1                               316      316       10         0
                maintext                             16       16      13A         0
                clrtext                             35E      35E        8         0

        CLASS   STRCODE        

        CLASS   STRING         
                strings                             336      336        E         0

        CLASS   CONST          

        CLASS   ENTRY          

        CLASS   COMMON         
                cstackCOMMON                         70       70        A         1
                bssCOMMON                            7B       7B        1         1
                bitbssCOMMON                        3D0       7A        1         1

        CLASS   BANK0          
                cstackBANK0                          5F       5F        5         1
                dataBANK0                            64       64        1         1
                bssBANK0                             43       43       1C         1

        CLASS   RAM            

        CLASS   ABS1           
                abs_s1                               40       40        4         1
                abs_s1                               7E       7E        2         1
                abs_s1                              210      210        0         1
                abs_s1                              211      211        0         1
                abs_s1                              212      212        0         1
                abs_s1                              213      213        0         1
                abs_s1                              214      214        0         1
                abs_s1                              216      216        0         1
                abs_s1                              217      217        0         1

        CLASS   SFR0           

        CLASS   SFR1           

        CLASS   CONFIG         

        CLASS   IDLOC          

        CLASS   EEDATA         

        CLASS   BANK1          



SEGMENTS        Name                           Load    Length   Top    Selector   Space  Class     Delta

                reset_vec                      000000  000001  000001         0       0  CODE        2
                intentry                       000004  000332  000336         8       0  CODE        2
                bssBANK0                       000043  000022  000065        43       1  BANK0       1
                cstackCOMMON                   000070  00000C  00007C        70       1  COMMON      1
                strings                        000336  00000E  000344       66C       0  STRING      2
                text3                          000344  00003D  000381       688       0  CODE        2


UNUSED ADDRESS RANGES

        Name                Unused          Largest block    Delta
        BANK0            065-06F             B           1
        CODE             001-003             3           2
                         381-3FF            7F
        COMMON           07C-07D             2           1
        CONFIG           2007-2007             1           2
        CONST            001-003             3           2
                         381-3FF            7F
        EEDATA           2100-217F            80           2
        ENTRY            001-003             3           2
                         381-3FF            7F
        IDLOC            2000-2003             4           2
        RAM              065-06F             B           1
        SFR0             000-03F            40           1
        SFR1             080-0EF            70           1
        STACK            065-06F             B           1
        STRCODE          001-003             3           2
                         381-3FF            7F
        STRING           001-003             3           2
                         381-3FF            7F

                                  Symbol Table

DelayMs@Time                   cstackCOMMON 076
DelayMs@a                      cstackCOMMON 078
DelayUs2@a                     cstackCOMMON 072
Delay_Us@Time                  cstackCOMMON 072
Delay_Us@a                     cstackCOMMON 074
EEPROMread@EEAddr              cstackCOMMON 072
EEPROMread@ReEEPROMread        cstackCOMMON 073
EEPROMwrite@Data               cstackCOMMON 072
EEPROMwrite@EEAddr             cstackCOMMON 073
PL10                           maintext     14B
PL2                            text2        25E
PL4                            text2        26A
PL6                            text2        26F
PL8                            text3        34B
ReadCap4@Count                 cstackCOMMON 078
ReadCap4@charcapBuff           cstackCOMMON 076
TouchKeyScan@charcapBuff       cstackBANK0  062
Touch_init@x                   cstackCOMMON 079
_ACTIVE_SENSOR_DELTA           strings      340
_CountKey                      bssBANK0     049
_CountTrig                     bssBANK0     055
_DebounceActive                bssBANK0     050
_DebounceActiveBuff            bssBANK0     04D
_DelayMs                       text13       2F2
_DelayUs2                      text8        366
_Delay_Us                      text14       326
_EEADR                         (abs)        09B
_EECON1                        (abs)        09C
_EEDAT                         (abs)        09A
_EEIF                          (abs)        067
_EEPROMread                    text12       351
_EEPROMwrite                   text11       2D9
_Effect                        bssBANK0     05A
_EquDV                         bssBANK0     052
_EqudataC                      bssBANK0     053
_Flag                          bssBANK0     058
_GIE                           (abs)        05F
_GKeyValue                     bssBANK0     05E
_INACTIVE_SENSOR_DELTA         strings      33C
_INTCON                        (abs)        00B
_ISR                           text15       305
_KEY_FLAG                      (abs)        042
_KeyDv                         bssBANK0     054
_KeyOff                        (abs)        217
_KeyOn                         (abs)        216
_Keypress                      (abs)        210
_LVDCON                        (abs)        08D
_LVDEN                         (abs)        473
_Last                          bssBANK0     05D
_Level                         (abs)        212
_Lock                          dataBANK0    064
_Mute                          bssBANK0     059
_NowKey                        bssCOMMON    07B
_NowKeyCount                   bssBANK0     04E
_OPTION                        (abs)        081
_OSCCON                        (abs)        08F
_PA0                           (abs)        028
_PA1                           (abs)        029
_PA2                           (abs)        02A
_PA4                           (abs)        02C
_PCON                          (abs)        08E
_PORTA                         (abs)        005
_PSRCA                         (abs)        088
_PowerOnD                      (abs)        211
_RD                            (abs)        4E0
_ReadCap                       text5        274
_ReadCap4                      text4        29C
_STATUS                        (abs)        003
_SYS_INITIAL                   text10       2BB
_StartTouchTime                bssBANK0     04B
_State                         bssBANK0     05C
_T0IE                          (abs)        05D
_T0IF                          (abs)        05A
_TIMER0_INITIAL                text9        375
_TKCHGS0                       (abs)        435
_TKCHGS1                       (abs)        436
_TKCON                         (abs)        086
_TKEN                          (abs)        434
_TMR0                          (abs)        001
_TRISA                         (abs)        085
_TRISA0                        (abs)        428
_TRISA1                        (abs)        429
_TRISA2                        (abs)        42A
_TRISA3                        (abs)        42B
_Time                          bssBANK0     057
_TouchKeyScan                  text2        150
_Touch_Buff                    (abs)        040
_Touch_C0                      (abs)        040
_Touch_C1                      (abs)        041
_Touch_Number                  bssBANK0     045
_Touch_end                     text7        37C
_Touch_init                    text1        316
_Touch_start                   text6        36E
_Trig                          bssBANK0     056
_UpdataTime                    bssBANK0     04F
_WPUA                          (abs)        095
_WR                            (abs)        4E8
__Habs1                        abs1         000
__Hbank0                       bank0        000
__Hbank1                       bank1        000
__HbitbssCOMMON                bitbssCOMMON 000
__HbssBANK0                    bssBANK0     000
__HbssCOMMON                   bssCOMMON    000
__Hcinit                       cinit        016
__Hclrtext                     clrtext      000
__Hcode                        code         000
__Hcommon                      common       000
__Hconfig                      config       000
__HcstackBANK0                 cstackBANK0  000
__HcstackCOMMON                cstackCOMMON 000
__HdataBANK0                   dataBANK0    000
__Heeprom_data                 eeprom_data  000
__Hend_init                    end_init     00B
__Hfunctab                     functab      000
__HidataBANK0                  idataBANK0   000
__Hidloc                       idloc        000
__Hinit                        init         00A
__Hintentry                    intentry     00A
__Hmaintext                    maintext     000
__Hpa_nodes0                   pa_nodes0    000
__Hpowerup                     powerup      000
__Hram                         ram          000
__Hreset_vec                   reset_vec    001
__Hsfr0                        sfr0         000
__Hsfr1                        sfr1         000
__Hspace_0                     (abs)        381
__Hspace_1                     (abs)        3D1
__Hspace_2                     (abs)        000
__Hspace_3                     (abs)        000
__Hstack                       stack        000
__Hstrings                     strings      000
__Htext                        text         000
__Labs1                        abs1         000
__Lbank0                       bank0        000
__Lbank1                       bank1        000
__LbitbssCOMMON                bitbssCOMMON 000
__LbssBANK0                    bssBANK0     000
__LbssCOMMON                   bssCOMMON    000
__Lcinit                       cinit        00B
__Lclrtext                     clrtext      000
__Lcode                        code         000
__Lcommon                      common       000
__Lconfig                      config       000
__LcstackBANK0                 cstackBANK0  000
__LcstackCOMMON                cstackCOMMON 000
__LdataBANK0                   dataBANK0    000
__Leeprom_data                 eeprom_data  000
__Lend_init                    end_init     00A
__Lfunctab                     functab      000
__LidataBANK0                  idataBANK0   000
__Lidloc                       idloc        000
__Linit                        init         00A
__Lintentry                    intentry     004
__Lmaintext                    maintext     000
__Lpa_nodes0                   pa_nodes0    000
__Lpowerup                     powerup      000
__Lram                         ram          000
__Lreset_vec                   reset_vec    000
__Lsfr0                        sfr0         000
__Lsfr1                        sfr1         000
__Lspace_0                     (abs)        000
__Lspace_1                     (abs)        000
__Lspace_2                     (abs)        000
__Lspace_3                     (abs)        000
__Lstack                       stack        000
__Lstrings                     strings      000
__Ltext                        text         000
__S0                           (abs)        381
__S1                           (abs)        07C
__S2                           (abs)        000
__S3                           (abs)        000
___int_sp                      stack        000
___latbits                     (abs)        000
___sp                          stack        000
__end_ofPL10                   maintext     150
__end_ofPL2                    text2        26A
__end_ofPL4                    text2        26F
__end_ofPL6                    text2        274
__end_ofPL8                    text3        351
__end_of_ACTIVE_SENSOR_DELTA   strings      344
__end_of_DelayMs               text13       305
__end_of_DelayUs2              text8        36E
__end_of_Delay_Us              text14       336
__end_of_EEPROMread            text12       35E
__end_of_EEPROMwrite           text11       2F2
__end_of_INACTIVE_SENSOR_DELTA strings      340
__end_of_ISR                   text15       316
__end_of_ReadCap               text5        29C
__end_of_ReadCap4              text4        2BB
__end_of_SYS_INITIAL           text10       2D9
__end_of_TIMER0_INITIAL        text9        37C
__end_of_TouchKeyScan          text2        25E
__end_of_Touch_end             text7        381
__end_of_Touch_init            text1        326
__end_of_Touch_start           text6        375
__end_of__initialization       cinit        014
__end_of__stringtab            strings      33C
__end_of_main                  maintext     14B
__end_of_updata                text3        34B
__initialization               cinit        00B
__pbitbssCOMMON                bitbssCOMMON 3D0
__pbssBANK0                    bssBANK0     043
__pbssCOMMON                   bssCOMMON    07B
__pcstackBANK0                 cstackBANK0  05F
__pcstackCOMMON                cstackCOMMON 070
__pdataBANK0                   dataBANK0    064
__pidataBANK0                  idataBANK0   000
__pintentry                    intentry     004
__pmaintext                    maintext     016
__pstrings                     strings      336
__ptext1                       text1        316
__ptext10                      text10       2BB
__ptext11                      text11       2D9
__ptext12                      text12       351
__ptext13                      text13       2F2
__ptext14                      text14       326
__ptext15                      text15       305
__ptext2                       text2        150
__ptext3                       text3        344
__ptext4                       text4        29C
__ptext5                       text5        274
__ptext6                       text6        36E
__ptext7                       text7        37C
__ptext8                       text8        366
__ptext9                       text9        375
__size_of_DelayMs              (abs)        000
__size_of_DelayUs2             (abs)        000
__size_of_Delay_Us             (abs)        000
__size_of_EEPROMread           (abs)        000
__size_of_EEPROMwrite          (abs)        000
__size_of_ISR                  (abs)        000
__size_of_ReadCap              (abs)        000
__size_of_ReadCap4             (abs)        000
__size_of_SYS_INITIAL          (abs)        000
__size_of_TIMER0_INITIAL       (abs)        000
__size_of_TouchKeyScan         (abs)        000
__size_of_Touch_end            (abs)        000
__size_of_Touch_init           (abs)        000
__size_of_Touch_start          (abs)        000
__size_of_main                 (abs)        000
__size_of_updata               (abs)        000
__stringbase                   strings      33B
__stringtab                    strings      336
_awaken                        bitbssCOMMON 3D0
_charcap                       bssBANK0     047
_delta_temp                    bssBANK0     051
_i                             bssBANK0     05B
_keyflag                       (abs)        213
_main                          maintext     016
_one                           (abs)        214
_thedeathcount                 bssBANK0     043
_updata                        text3        344
btemp                          (abs)        07E
clear_ram0                     clrtext      35E
end_of_initialization          cinit        014
interrupt_function             intentry     004
intlevel0                      functab      000
intlevel1                      functab      000
intlevel2                      functab      000
intlevel3                      functab      000
intlevel4                      functab      000
intlevel5                      functab      000
reset_vec                      reset_vec    000
saved_w                        (abs)        07E
stackhi                        (abs)        000
stacklo                        (abs)        000
start                          init         00A
start_initialization           cinit        00B
wtemp0                         (abs)        07E


FUNCTION INFORMATION:

 *************** function _main *****************
 Defined at:
		line 199 in file "main.c"
 Parameters:    Size  Location     Type
		None
 Auto vars:     Size  Location     Type
		None
 Return value:  Size  Location     Type
                  1    wreg      void 
 Registers used:
		wreg, fsr0l, fsr0h, status,2, status,0, pclath, cstack
 Tracked objects:
		On entry : 
		On exit  : 
		Unchanged: 
 Data sizes:     COMMON   BANK0
      Params:         0       0
      Locals:         0       0
      Temps:          0       0
      Totals:         0       0
Total ram usage:        0 bytes
 Hardware stack levels required when called:    6
 This function calls:
		_DelayMs
		_Delay_Us
		_EEPROMread
		_EEPROMwrite
		_SYS_INITIAL
		_TIMER0_INITIAL
		_TouchKeyScan
		_Touch_init
 This function is called by:
		Startup code after reset
 This function uses a non-reentrant model


 *************** function _Touch_init *****************
 Defined at:
		line 93 in file "Touch.h"
 Parameters:    Size  Location     Type
		None
 Auto vars:     Size  Location     Type
  x               1    9[COMMON] unsigned char 
 Return value:  Size  Location     Type
                  1    wreg      void 
 Registers used:
		wreg, fsr0l, fsr0h, status,2, status,0, pclath, cstack
 Tracked objects:
		On entry : 
		On exit  : 
		Unchanged: 
 Data sizes:     COMMON   BANK0
      Params:         0       0
      Locals:         1       0
      Temps:          0       0
      Totals:         1       0
Total ram usage:        1 bytes
 Hardware stack levels used:    1
 Hardware stack levels required when called:    5
 This function calls:
		_TouchKeyScan
 This function is called by:
		_main
 This function uses a non-reentrant model


 *************** function _TouchKeyScan *****************
 Defined at:
		line 218 in file "Touch.h"
 Parameters:    Size  Location     Type
		None
 Auto vars:     Size  Location     Type
  charcapBuff     2    3[BANK0 ] unsigned int 
 Return value:  Size  Location     Type
                  1    wreg      unsigned char 
 Registers used:
		wreg, fsr0l, fsr0h, status,2, status,0, pclath, cstack
 Tracked objects:
		On entry : 
		On exit  : 
		Unchanged: 
 Data sizes:     COMMON   BANK0
      Params:         0       0
      Locals:         0       2
      Temps:          0       3
      Totals:         0       5
Total ram usage:        5 bytes
 Hardware stack levels used:    1
 Hardware stack levels required when called:    4
 This function calls:
		_ReadCap
		_ReadCap4
		_updata
 This function is called by:
		_main
		_Touch_init
 This function uses a non-reentrant model


 *************** function _updata *****************
 Defined at:
		line 87 in file "Touch.h"
 Parameters:    Size  Location     Type
		None
 Auto vars:     Size  Location     Type
		None
 Return value:  Size  Location     Type
                  1    wreg      void 
 Registers used:
		wreg, fsr0l, fsr0h, status,2, status,0
 Tracked objects:
		On entry : 
		On exit  : 
		Unchanged: 
 Data sizes:     COMMON   BANK0
      Params:         0       0
      Locals:         0       0
      Temps:          0       0
      Totals:         0       0
Total ram usage:        0 bytes
 Hardware stack levels used:    1
 Hardware stack levels required when called:    1
 This function calls:
		Nothing
 This function is called by:
		_TouchKeyScan
 This function uses a non-reentrant model


 *************** function _ReadCap4 *****************
 Defined at:
		line 197 in file "Touch.h"
 Parameters:    Size  Location     Type
		None
 Auto vars:     Size  Location     Type
  charcapBuff     2    6[COMMON] unsigned int 
  Count           1    8[COMMON] unsigned char 
 Return value:  Size  Location     Type
                  1    wreg      void 
 Registers used:
		wreg, status,2, status,0, pclath, cstack
 Tracked objects:
		On entry : 
		On exit  : 
		Unchanged: 
 Data sizes:     COMMON   BANK0
      Params:         0       0
      Locals:         3       0
      Temps:          2       0
      Totals:         5       0
Total ram usage:        5 bytes
 Hardware stack levels used:    1
 Hardware stack levels required when called:    3
 This function calls:
		_ReadCap
 This function is called by:
		_TouchKeyScan
 This function uses a non-reentrant model


 *************** function _ReadCap *****************
 Defined at:
		line 133 in file "Touch.h"
 Parameters:    Size  Location     Type
		None
 Auto vars:     Size  Location     Type
		None
 Return value:  Size  Location     Type
                  1    wreg      void 
 Registers used:
		wreg, status,2, status,0, pclath, cstack
 Tracked objects:
		On entry : 
		On exit  : 
		Unchanged: 
 Data sizes:     COMMON   BANK0
      Params:         0       0
      Locals:         0       0
      Temps:          1       0
      Totals:         1       0
Total ram usage:        1 bytes
 Hardware stack levels used:    1
 Hardware stack levels required when called:    2
 This function calls:
		_DelayUs2
		_Touch_end
		_Touch_start
 This function is called by:
		_ReadCap4
		_TouchKeyScan
 This function uses a non-reentrant model


 *************** function _Touch_start *****************
 Defined at:
		line 116 in file "Touch.h"
 Parameters:    Size  Location     Type
		None
 Auto vars:     Size  Location     Type
		None
 Return value:  Size  Location     Type
                  1    wreg      void 
 Registers used:
		status,2
 Tracked objects:
		On entry : 
		On exit  : 
		Unchanged: 
 Data sizes:     COMMON   BANK0
      Params:         0       0
      Locals:         0       0
      Temps:          0       0
      Totals:         0       0
Total ram usage:        0 bytes
 Hardware stack levels used:    1
 Hardware stack levels required when called:    1
 This function calls:
		Nothing
 This function is called by:
		_ReadCap
 This function uses a non-reentrant model


 *************** function _Touch_end *****************
 Defined at:
		line 125 in file "Touch.h"
 Parameters:    Size  Location     Type
		None
 Auto vars:     Size  Location     Type
		None
 Return value:  Size  Location     Type
                  1    wreg      void 
 Registers used:
		status,2
 Tracked objects:
		On entry : 
		On exit  : 
		Unchanged: 
 Data sizes:     COMMON   BANK0
      Params:         0       0
      Locals:         0       0
      Temps:          0       0
      Totals:         0       0
Total ram usage:        0 bytes
 Hardware stack levels used:    1
 Hardware stack levels required when called:    1
 This function calls:
		Nothing
 This function is called by:
		_ReadCap
 This function uses a non-reentrant model


 *************** function _DelayUs2 *****************
 Defined at:
		line 79 in file "Touch.h"
 Parameters:    Size  Location     Type
		None
 Auto vars:     Size  Location     Type
  a               1    2[COMMON] unsigned char 
 Return value:  Size  Location     Type
                  1    wreg      void 
 Registers used:
		wreg, status,2, status,0
 Tracked objects:
		On entry : 
		On exit  : 
		Unchanged: 
 Data sizes:     COMMON   BANK0
      Params:         0       0
      Locals:         1       0
      Temps:          0       0
      Totals:         1       0
Total ram usage:        1 bytes
 Hardware stack levels used:    1
 Hardware stack levels required when called:    1
 This function calls:
		Nothing
 This function is called by:
		_ReadCap
 This function uses a non-reentrant model


 *************** function _TIMER0_INITIAL *****************
 Defined at:
		line 138 in file "main.c"
 Parameters:    Size  Location     Type
		None
 Auto vars:     Size  Location     Type
		None
 Return value:  Size  Location     Type
                  1    wreg      void 
 Registers used:
		wreg
 Tracked objects:
		On entry : 
		On exit  : 
		Unchanged: 
 Data sizes:     COMMON   BANK0
      Params:         0       0
      Locals:         0       0
      Temps:          0       0
      Totals:         0       0
Total ram usage:        0 bytes
 Hardware stack levels used:    1
 Hardware stack levels required when called:    1
 This function calls:
		Nothing
 This function is called by:
		_main
 This function uses a non-reentrant model


 *************** function _SYS_INITIAL *****************
 Defined at:
		line 146 in file "main.c"
 Parameters:    Size  Location     Type
		None
 Auto vars:     Size  Location     Type
		None
 Return value:  Size  Location     Type
                  1    wreg      void 
 Registers used:
		wreg, status,2
 Tracked objects:
		On entry : 
		On exit  : 
		Unchanged: 
 Data sizes:     COMMON   BANK0
      Params:         0       0
      Locals:         0       0
      Temps:          0       0
      Totals:         0       0
Total ram usage:        0 bytes
 Hardware stack levels used:    1
 Hardware stack levels required when called:    1
 This function calls:
		Nothing
 This function is called by:
		_main
 This function uses a non-reentrant model


 *************** function _EEPROMwrite *****************
 Defined at:
		line 180 in file "main.c"
 Parameters:    Size  Location     Type
  EEAddr          1    wreg     unsigned char 
  Data            1    2[COMMON] unsigned char 
 Auto vars:     Size  Location     Type
  EEAddr          1    3[COMMON] unsigned char 
 Return value:  Size  Location     Type
                  1    wreg      void 
 Registers used:
		wreg, status,2, status,0
 Tracked objects:
		On entry : 
		On exit  : 
		Unchanged: 
 Data sizes:     COMMON   BANK0
      Params:         1       0
      Locals:         1       0
      Temps:          0       0
      Totals:         2       0
Total ram usage:        2 bytes
 Hardware stack levels used:    1
 Hardware stack levels required when called:    1
 This function calls:
		Nothing
 This function is called by:
		_main
 This function uses a non-reentrant model


 *************** function _EEPROMread *****************
 Defined at:
		line 166 in file "main.c"
 Parameters:    Size  Location     Type
  EEAddr          1    wreg     unsigned char 
 Auto vars:     Size  Location     Type
  EEAddr          1    2[COMMON] unsigned char 
  ReEEPROMread    1    3[COMMON] unsigned char 
 Return value:  Size  Location     Type
                  1    wreg      unsigned char 
 Registers used:
		wreg
 Tracked objects:
		On entry : 
		On exit  : 
		Unchanged: 
 Data sizes:     COMMON   BANK0
      Params:         0       0
      Locals:         2       0
      Temps:          0       0
      Totals:         2       0
Total ram usage:        2 bytes
 Hardware stack levels used:    1
 Hardware stack levels required when called:    1
 This function calls:
		Nothing
 This function is called by:
		_main
 This function uses a non-reentrant model


 *************** function _DelayMs *****************
 Defined at:
		line 129 in file "main.c"
 Parameters:    Size  Location     Type
  Time            2    6[COMMON] unsigned int 
 Auto vars:     Size  Location     Type
  a               2    8[COMMON] unsigned int 
 Return value:  Size  Location     Type
                  1    wreg      void 
 Registers used:
		wreg, status,2, status,0, pclath, cstack
 Tracked objects:
		On entry : 
		On exit  : 
		Unchanged: 
 Data sizes:     COMMON   BANK0
      Params:         2       0
      Locals:         2       0
      Temps:          0       0
      Totals:         4       0
Total ram usage:        4 bytes
 Hardware stack levels used:    1
 Hardware stack levels required when called:    2
 This function calls:
		_Delay_Us
 This function is called by:
		_main
 This function uses a non-reentrant model


 *************** function _Delay_Us *****************
 Defined at:
		line 119 in file "main.c"
 Parameters:    Size  Location     Type
  Time            2    2[COMMON] unsigned int 
 Auto vars:     Size  Location     Type
  a               2    4[COMMON] unsigned int 
 Return value:  Size  Location     Type
                  1    wreg      void 
 Registers used:
		wreg, status,2, status,0
 Tracked objects:
		On entry : 
		On exit  : 
		Unchanged: 
 Data sizes:     COMMON   BANK0
      Params:         2       0
      Locals:         2       0
      Temps:          0       0
      Totals:         4       0
Total ram usage:        4 bytes
 Hardware stack levels used:    1
 Hardware stack levels required when called:    1
 This function calls:
		Nothing
 This function is called by:
		_DelayMs
		_main
 This function uses a non-reentrant model


 *************** function _ISR *****************
 Defined at:
		line 17 in file "main.c"
 Parameters:    Size  Location     Type
		None
 Auto vars:     Size  Location     Type
		None
 Return value:  Size  Location     Type
                  1    wreg      void 
 Registers used:
		wreg, status,2, status,0
 Tracked objects:
		On entry : 
		On exit  : 
		Unchanged: 
 Data sizes:     COMMON   BANK0
      Params:         0       0
      Locals:         0       0
      Temps:          2       0
      Totals:         2       0
Total ram usage:        2 bytes
 Hardware stack levels used:    1
 This function calls:
		Nothing
 This function is called by:
		Interrupt level 1
 This function uses a non-reentrant model



MODULE INFORMATION

Module		Function		Class		Link	Load	Size
Touch.h
		_DelayUs2      		CODE           	0366	0000	9
		_TouchKeyScan  		CODE           	0150	0000	271
		_Touch_start   		CODE           	036E	0000	8
		_updata        		CODE           	0344	0000	8
		_Touch_init    		CODE           	0316	0000	17
		_ReadCap       		CODE           	0274	0000	41
		_ReadCap4      		CODE           	029C	0000	32
		_Touch_end     		CODE           	037C	0000	6

Touch.h estimated size: 392

shared
		PL8            		CODE           	034B	0000	7
		__stringtab    		STRING         	0336	0000	7
		_ACTIVE_SENSOR_DELTA		STRING         	0340	0000	5
		__initialization		CODE           	000B	0000	10
		_INACTIVE_SENSOR_DELTA		STRING         	033C	0000	5
		PL2            		CODE           	025E	0000	13
		PL10           		CODE           	014B	0000	6
		PL4            		CODE           	026A	0000	6
		PL6            		CODE           	026F	0000	6

shared estimated size: 65

main.c
		_ISR           		CODE           	0305	0000	18
		_SYS_INITIAL   		CODE           	02BB	0000	31
		_main          		CODE           	0016	0000	310
		_EEPROMread    		CODE           	0351	0000	14
		_DelayMs       		CODE           	02F2	0000	20
		_EEPROMwrite   		CODE           	02D9	0000	26
		_Delay_Us      		CODE           	0326	0000	17
		_TIMER0_INITIAL		CODE           	0375	0000	8

main.c estimated size: 444

