

GNU Macro Assembler for 8 bit devices.       
                                                                                               Tue Oct 12 11:02:32 2021

GNU C Code Generator                                                 
     1                           	processor	FT62F21X
     2                           	opt	pw 120
     3                           	opt	pm
     4                           	psect	text0,local,class=CODE,merge=1,delta=2
     5                           	psect	cinit,global,class=CODE,merge=1,delta=2
     6                           	psect	cstackCOMMON,global,class=COMMON,space=1,delta=1
     7                           	psect	maintext,global,class=CODE,split=1,delta=2
     8                           	psect	text1,local,class=CODE,merge=1,delta=2
     9                           	psect	text2,local,class=CODE,merge=1,delta=2
    10                           	psect	text3,local,class=CODE,merge=1,delta=2
    11                           	psect	intentry,global,class=CODE,delta=2
    12                           	psect	pa_nodes0,global,class=CODE,delta=2
    13                           	dabs	1,0x7E,2
    14  0000                     
    15                           ; Version 2.20
    16                           ; Generated 09/04/2020 
    17                           ; 
    18                           ; SFR Addresses
    19  0000                     
    20                           	psect	text0
    21  0000                     __ptext0:	
    22  001F                     _T0CON0	set	31
    23  000B                     _INTCON	set	11
    24  0005                     _PORTA	set	5
    25  0001                     _TMR0	set	1
    26  00FB                     _T0ON	set	251
    27  005F                     _GIE	set	95
    28  005D                     _T0IE	set	93
    29  002C                     _PA4	set	44
    30  0097                     _PSINKA	set	151
    31  0095                     _WPUA	set	149
    32  008F                     _OSCCON	set	143
    33  0088                     _PSRCA	set	136
    34  0085                     _TRISA	set	133
    35  0081                     _OPTION	set	129
    36                           
    37                           	psect	cinit
    38  000B                     start_initialization:	
    39                           ; #config settings
    40                           
    41  000B                     __initialization:	
    42  000B                     end_of_initialization:	
    43                           ;End of C runtime variable initialization code
    44                           
    45  000B                     __end_of__initialization:	
    46  000B  0183               	clrf	3
    47  000C  2832               	ljmp	_main	;jump to C main() function
    48                           
    49                           	psect	cstackCOMMON
    50  0070                     __pcstackCOMMON:	
    51  0070                     ?_ISR:	
    52  0070                     ??_ISR:	
    53                           ; 1 bytes @ 0x0
    54                           
    55  0070                     ?_TIMER0_INITIAL:	
    56                           ; 1 bytes @ 0x0
    57                           
    58  0070                     ?_POWER_INITIAL:	
    59                           ; 1 bytes @ 0x0
    60                           
    61  0070                     ?_main:	
    62                           ; 1 bytes @ 0x0
    63                           
    64                           
    65                           ; 1 bytes @ 0x0
    66  0070                     	ds	2
    67  0072                     ??_TIMER0_INITIAL:	
    68  0072                     ??_POWER_INITIAL:	
    69                           ; 1 bytes @ 0x2
    70                           
    71  0072                     ??_main:	
    72                           ; 1 bytes @ 0x2
    73                           
    74                           
    75                           	psect	maintext
    76  0032                     __pmaintext:	
    77                           ; 1 bytes @ 0x2
    78 ;;
    79 ;;Main: autosize = 0, tempsize = 0, incstack = 0, save=0
    80 ;;
    81 ;; *************** function _main *****************
    82 ;; Defined at:
    83 ;;		line 85 in file "test_ft62f21x_Timer0.C"
    84 ;; Parameters:    Size  Location     Type
    85 ;;		None
    86 ;; Auto vars:     Size  Location     Type
    87 ;;		None
    88 ;; Return value:  Size  Location     Type
    89 ;;                  1    wreg      void 
    90 ;; Registers used:
    91 ;;		wreg, status,2, status,0, pclath, cstack
    92 ;; Tracked objects:
    93 ;;		On entry : B00/0
    94 ;;		On exit  : 0/0
    95 ;;		Unchanged: 0/0
    96 ;; Data sizes:     COMMON   BANK0
    97 ;;      Params:         0       0
    98 ;;      Locals:         0       0
    99 ;;      Temps:          0       0
   100 ;;      Totals:         0       0
   101 ;;Total ram usage:        0 bytes
   102 ;; Hardware stack levels required when called:    2
   103 ;; This function calls:
   104 ;;		_POWER_INITIAL
   105 ;;		_TIMER0_INITIAL
   106 ;; This function is called by:
   107 ;;		Startup code after reset
   108 ;; This function uses a non-reentrant model
   109 ;;
   110                           
   111                           
   112                           ;psect for function _main
   113  0032                     _main:	
   114                           
   115                           ;test_ft62f21x_Timer0.C: 87: POWER_INITIAL();
   116                           
   117                           ;incstack = 0
   118                           ; Regs used in _main: [wreg+status,2+status,0+pclath+cstack]
   119  0032  201B               	fcall	_POWER_INITIAL
   120                           
   121                           ;test_ft62f21x_Timer0.C: 88: TIMER0_INITIAL();
   122  0033  2028               	fcall	_TIMER0_INITIAL
   123                           
   124                           ;test_ft62f21x_Timer0.C: 90: GIE = 1;
   125  0034  178B               	bsf	11,7	;volatile
   126                           
   127                           ;test_ft62f21x_Timer0.C: 91: T0IE = 1;
   128  0035  168B               	bsf	11,5	;volatile
   129  0036                     l1108:	
   130                           
   131                           ;test_ft62f21x_Timer0.C: 94: {
   132                           ;test_ft62f21x_Timer0.C: 95: __nop();
   133  0036  0000               	nop
   134  0037  2836               	goto	l1108
   135  0038                     __end_of_main:	
   136                           
   137                           	psect	text1
   138  0028                     __ptext1:	
   139 ;; *************** function _TIMER0_INITIAL *****************
   140 ;; Defined at:
   141 ;;		line 42 in file "test_ft62f21x_Timer0.C"
   142 ;; Parameters:    Size  Location     Type
   143 ;;		None
   144 ;; Auto vars:     Size  Location     Type
   145 ;;		None
   146 ;; Return value:  Size  Location     Type
   147 ;;                  1    wreg      void 
   148 ;; Registers used:
   149 ;;		wreg, status,2
   150 ;; Tracked objects:
   151 ;;		On entry : B00/100
   152 ;;		On exit  : B00/0
   153 ;;		Unchanged: A00/0
   154 ;; Data sizes:     COMMON   BANK0
   155 ;;      Params:         0       0
   156 ;;      Locals:         0       0
   157 ;;      Temps:          0       0
   158 ;;      Totals:         0       0
   159 ;;Total ram usage:        0 bytes
   160 ;; Hardware stack levels used:    1
   161 ;; Hardware stack levels required when called:    1
   162 ;; This function calls:
   163 ;;		Nothing
   164 ;; This function is called by:
   165 ;;		_main
   166 ;; This function uses a non-reentrant model
   167 ;;
   168                           
   169                           
   170                           ;psect for function _TIMER0_INITIAL
   171  0028                     _TIMER0_INITIAL:	
   172                           
   173                           ;test_ft62f21x_Timer0.C: 44: T0ON = 0;
   174                           
   175                           ;incstack = 0
   176                           ; Regs used in _TIMER0_INITIAL: [wreg+status,2]
   177  0028  1283               	bcf	3,5	;RP0=0, select bank0
   178  0029  119F               	bcf	31,3	;volatile
   179                           
   180                           ;test_ft62f21x_Timer0.C: 45: TMR0 = 0;
   181  002A  0181               	clrf	1	;volatile
   182                           
   183                           ;test_ft62f21x_Timer0.C: 46: T0CON0 = 0B00000000;
   184  002B  019F               	clrf	31	;volatile
   185                           
   186                           ;test_ft62f21x_Timer0.C: 47: OPTION = 0B00000111;
   187  002C  3007               	movlw	7
   188  002D  1683               	bsf	3,5	;RP0=1, select bank1
   189  002E  0081               	movwf	1	;volatile
   190                           
   191                           ;test_ft62f21x_Timer0.C: 54: T0ON = 1;
   192  002F  1283               	bcf	3,5	;RP0=0, select bank0
   193  0030  159F               	bsf	31,3	;volatile
   194  0031  0008               	return
   195  0032                     __end_of_TIMER0_INITIAL:	
   196                           
   197                           	psect	text2
   198  001B                     __ptext2:	
   199 ;; *************** function _POWER_INITIAL *****************
   200 ;; Defined at:
   201 ;;		line 62 in file "test_ft62f21x_Timer0.C"
   202 ;; Parameters:    Size  Location     Type
   203 ;;		None
   204 ;; Auto vars:     Size  Location     Type
   205 ;;		None
   206 ;; Return value:  Size  Location     Type
   207 ;;                  1    wreg      void 
   208 ;; Registers used:
   209 ;;		wreg, status,2
   210 ;; Tracked objects:
   211 ;;		On entry : B00/0
   212 ;;		On exit  : B00/100
   213 ;;		Unchanged: A00/0
   214 ;; Data sizes:     COMMON   BANK0
   215 ;;      Params:         0       0
   216 ;;      Locals:         0       0
   217 ;;      Temps:          0       0
   218 ;;      Totals:         0       0
   219 ;;Total ram usage:        0 bytes
   220 ;; Hardware stack levels used:    1
   221 ;; Hardware stack levels required when called:    1
   222 ;; This function calls:
   223 ;;		Nothing
   224 ;; This function is called by:
   225 ;;		_main
   226 ;; This function uses a non-reentrant model
   227 ;;
   228                           
   229                           
   230                           ;psect for function _POWER_INITIAL
   231  001B                     _POWER_INITIAL:	
   232                           
   233                           ;test_ft62f21x_Timer0.C: 64: OSCCON = 0B01110000;
   234                           
   235                           ;incstack = 0
   236                           ; Regs used in _POWER_INITIAL: [wreg+status,2]
   237  001B  3070               	movlw	112
   238  001C  1683               	bsf	3,5	;RP0=1, select bank1
   239  001D  008F               	movwf	15	;volatile
   240                           
   241                           ;test_ft62f21x_Timer0.C: 65: INTCON = 0;
   242  001E  018B               	clrf	11	;volatile
   243                           
   244                           ;test_ft62f21x_Timer0.C: 66: OPTION = 0;
   245  001F  0181               	clrf	1	;volatile
   246                           
   247                           ;test_ft62f21x_Timer0.C: 68: TRISA = 0;
   248  0020  0185               	clrf	5	;volatile
   249                           
   250                           ;test_ft62f21x_Timer0.C: 69: PSRCA = 0;
   251  0021  0188               	clrf	8	;volatile
   252                           
   253                           ;test_ft62f21x_Timer0.C: 75: PSINKA = 0;
   254  0022  0197               	clrf	23	;volatile
   255                           
   256                           ;test_ft62f21x_Timer0.C: 76: PORTA = 0;
   257  0023  1283               	bcf	3,5	;RP0=0, select bank0
   258  0024  0185               	clrf	5	;volatile
   259                           
   260                           ;test_ft62f21x_Timer0.C: 77: WPUA = 0;
   261  0025  1683               	bsf	3,5	;RP0=1, select bank1
   262  0026  0195               	clrf	21	;volatile
   263  0027  0008               	return
   264  0028                     __end_of_POWER_INITIAL:	
   265                           
   266                           	psect	text3
   267  000D                     __ptext3:	
   268 ;; *************** function _ISR *****************
   269 ;; Defined at:
   270 ;;		line 27 in file "test_ft62f21x_Timer0.C"
   271 ;; Parameters:    Size  Location     Type
   272 ;;		None
   273 ;; Auto vars:     Size  Location     Type
   274 ;;		None
   275 ;; Return value:  Size  Location     Type
   276 ;;                  1    wreg      void 
   277 ;; Registers used:
   278 ;;		wreg, status,2
   279 ;; Tracked objects:
   280 ;;		On entry : 0/0
   281 ;;		On exit  : 0/0
   282 ;;		Unchanged: 0/0
   283 ;; Data sizes:     COMMON   BANK0
   284 ;;      Params:         0       0
   285 ;;      Locals:         0       0
   286 ;;      Temps:          2       0
   287 ;;      Totals:         2       0
   288 ;;Total ram usage:        2 bytes
   289 ;; Hardware stack levels used:    1
   290 ;; This function calls:
   291 ;;		Nothing
   292 ;; This function is called by:
   293 ;;		Interrupt level 1
   294 ;; This function uses a non-reentrant model
   295 ;;
   296                           
   297                           
   298                           ;psect for function _ISR
   299  000D                     _ISR:	
   300                           
   301                           ;test_ft62f21x_Timer0.C: 29: if(INTCON & 0x04)
   302  000D  1D0B               	btfss	11,2	;volatile
   303  000E  2814               	goto	i1l680
   304                           
   305                           ;test_ft62f21x_Timer0.C: 30: {
   306                           ;test_ft62f21x_Timer0.C: 31: PA4 = ~PA4;
   307  000F  3010               	movlw	16
   308  0010  1283               	bcf	3,5	;RP0=0, select bank0
   309  0011  0685               	xorwf	5,f
   310                           
   311                           ;test_ft62f21x_Timer0.C: 32: INTCON &= ~(1<<2);
   312  0012  110B               	bcf	11,2	;volatile
   313                           
   314                           ;test_ft62f21x_Timer0.C: 33: TMR0 =0;
   315  0013  0181               	clrf	1	;volatile
   316  0014                     i1l680:	
   317  0014  0871               	movf	??_ISR+1,w
   318  0015  008A               	movwf	10
   319  0016  0E70               	swapf	??_ISR^(0+-128),w
   320  0017  0083               	movwf	3
   321  0018  0EFE               	swapf	126,f
   322  0019  0E7E               	swapf	126,w
   323  001A  0009               	retfie
   324  001B                     __end_of_ISR:	
   325  007E                     btemp	set	126	;btemp
   326  007E                     wtemp0	set	126
   327                           
   328                           	psect	intentry
   329  0004                     __pintentry:	
   330                           ;incstack = 0
   331                           ; Regs used in _ISR: [wreg+status,2]
   332                           
   333  0004                     interrupt_function:	
   334  007E                     saved_w	set	btemp
   335  0004  00FE               	movwf	btemp
   336  0005  0E03               	swapf	3,w
   337  0006  00F0               	movwf	??_ISR
   338  0007  080A               	movf	10,w
   339  0008  00F1               	movwf	??_ISR+1
   340  0009  280D               	ljmp	_ISR


Data Sizes:
    Strings     0
    Constant    0
    Data        0
    BSS         0
    Persistent  0
    Stack       0

Auto Spaces:
    Space          Size  Autos    Used
    COMMON           14      2       2
    BANK0            48      0       0

Pointer List with Targets:

    None.

Critical Paths under _main in COMMON

    None.

Critical Paths under _ISR in COMMON

    None.

Critical Paths under _main in BANK0

    None.

Critical Paths under _ISR in BANK0

    None.

Call Graph Tables:

 ---------------------------------------------------------------------------------
 (Depth) Function   	        Calls       Base Space   Used Autos Params    Refs
 ---------------------------------------------------------------------------------
 (0) _main                                                 0     0      0       0
                      _POWER_INITIAL
                     _TIMER0_INITIAL
 ---------------------------------------------------------------------------------
 (1) _TIMER0_INITIAL                                       0     0      0       0
 ---------------------------------------------------------------------------------
 (1) _POWER_INITIAL                                        0     0      0       0
 ---------------------------------------------------------------------------------
 Estimated maximum stack depth 1
 ---------------------------------------------------------------------------------
 (Depth) Function   	        Calls       Base Space   Used Autos Params    Refs
 ---------------------------------------------------------------------------------
 (2) _ISR                                                  2     2      0       0
                                              0 COMMON     2     2      0
 ---------------------------------------------------------------------------------
 Estimated maximum stack depth 2
 ---------------------------------------------------------------------------------

 Call Graph Graphs:

 _main (ROOT)
   _POWER_INITIAL
   _TIMER0_INITIAL

 _ISR (ROOT)

 Address spaces:
Name               Size   Autos  Total    Cost      Usage
BITCOMMON            E      0       0       0        0.0%
EEDATA              80      0       0       0        0.0%
NULL                 0      0       0       0        0.0%
CODE                 0      0       0       0        0.0%
COMMON               E      2       2       1       14.3%
BITSFR0              0      0       0       1        0.0%
SFR0                 0      0       0       1        0.0%
BITSFR1              0      0       0       2        0.0%
SFR1                 0      0       0       2        0.0%
STACK                0      0       0       2        0.0%
DATA                 0      0       0       3        0.0%
BITBANK0            30      0       0       4        0.0%
BANK0               30      0       0       5        0.0%
ABS                  0      0       0       6        0.0%


GNU Macro Assembler for 8 bit devices.     
Symbol Table                                                                                   Tue Oct 12 11:02:32 2021

                    _GIE 005F                      _PA4 002C                      _ISR 000D  
                   ?_ISR 0070                     l1108 0036                     _T0IE 005D  
                   _T0ON 00FB                     _TMR0 0001                     _WPUA 0095  
                   _main 0032                     btemp 007E                     start 000A  
                  ??_ISR 0070           _TIMER0_INITIAL 0028                    ?_main 0070  
                  i1l680 0014                    _PSRCA 0088                    _PORTA 0005  
                  _TRISA 0085                    pclath 000A                    status 0003  
                  wtemp0 007E          __initialization 000B             __end_of_main 0038  
 __end_of_TIMER0_INITIAL 0032                   ??_main 0072                   _T0CON0 001F  
                 _INTCON 000B                   _OSCCON 008F                   _PSINKA 0097  
                 _OPTION 0081          ?_TIMER0_INITIAL 0070                   saved_w 007E  
  __end_of_POWER_INITIAL 0028  __end_of__initialization 000B           __pcstackCOMMON 0070  
             __pmaintext 0032               __pintentry 0004                  __ptext0 0000  
                __ptext1 0028                  __ptext2 001B                  __ptext3 000D  
           __size_of_ISR 000E     end_of_initialization 000B         ??_TIMER0_INITIAL 0072  
    start_initialization 000B              __end_of_ISR 001B   __size_of_POWER_INITIAL 000D  
              ___latbits 0000        interrupt_function 0004            _POWER_INITIAL 001B  
         ?_POWER_INITIAL 0070            __size_of_main 0006  __size_of_TIMER0_INITIAL 000A  
        ??_POWER_INITIAL 0072                 intlevel1 0000  
